Archive member included to satisfy reference by file (symbol)

/opt/st/stm32cubeide_1.12.1/plugins/com.st.stm32cube.ide.mcu.externaltools.gnu-tools-for-stm32.10.3-2021.10.linux64_1.0.200.202301161003/tools/bin/../lib/gcc/arm-none-eabi/10.3.1/../../../../arm-none-eabi/lib/thumb/v7e-m+dp/hard/libc_nano.a(lib_a-errno.o)
                              ./Core/Src/syscalls.o (__errno)
/opt/st/stm32cubeide_1.12.1/plugins/com.st.stm32cube.ide.mcu.externaltools.gnu-tools-for-stm32.10.3-2021.10.linux64_1.0.200.202301161003/tools/bin/../lib/gcc/arm-none-eabi/10.3.1/../../../../arm-none-eabi/lib/thumb/v7e-m+dp/hard/libc_nano.a(lib_a-exit.o)
                              /opt/st/stm32cubeide_1.12.1/plugins/com.st.stm32cube.ide.mcu.externaltools.gnu-tools-for-stm32.10.3-2021.10.linux64_1.0.200.202301161003/tools/bin/../lib/gcc/arm-none-eabi/10.3.1/../../../../arm-none-eabi/lib/thumb/v7e-m+dp/hard/crt0.o (exit)
/opt/st/stm32cubeide_1.12.1/plugins/com.st.stm32cube.ide.mcu.externaltools.gnu-tools-for-stm32.10.3-2021.10.linux64_1.0.200.202301161003/tools/bin/../lib/gcc/arm-none-eabi/10.3.1/../../../../arm-none-eabi/lib/thumb/v7e-m+dp/hard/libc_nano.a(lib_a-impure.o)
                              /opt/st/stm32cubeide_1.12.1/plugins/com.st.stm32cube.ide.mcu.externaltools.gnu-tools-for-stm32.10.3-2021.10.linux64_1.0.200.202301161003/tools/bin/../lib/gcc/arm-none-eabi/10.3.1/../../../../arm-none-eabi/lib/thumb/v7e-m+dp/hard/libc_nano.a(lib_a-exit.o) (_global_impure_ptr)
/opt/st/stm32cubeide_1.12.1/plugins/com.st.stm32cube.ide.mcu.externaltools.gnu-tools-for-stm32.10.3-2021.10.linux64_1.0.200.202301161003/tools/bin/../lib/gcc/arm-none-eabi/10.3.1/../../../../arm-none-eabi/lib/thumb/v7e-m+dp/hard/libc_nano.a(lib_a-init.o)
                              /opt/st/stm32cubeide_1.12.1/plugins/com.st.stm32cube.ide.mcu.externaltools.gnu-tools-for-stm32.10.3-2021.10.linux64_1.0.200.202301161003/tools/bin/../lib/gcc/arm-none-eabi/10.3.1/../../../../arm-none-eabi/lib/thumb/v7e-m+dp/hard/crt0.o (__libc_init_array)
/opt/st/stm32cubeide_1.12.1/plugins/com.st.stm32cube.ide.mcu.externaltools.gnu-tools-for-stm32.10.3-2021.10.linux64_1.0.200.202301161003/tools/bin/../lib/gcc/arm-none-eabi/10.3.1/../../../../arm-none-eabi/lib/thumb/v7e-m+dp/hard/libc_nano.a(lib_a-memset.o)
                              /opt/st/stm32cubeide_1.12.1/plugins/com.st.stm32cube.ide.mcu.externaltools.gnu-tools-for-stm32.10.3-2021.10.linux64_1.0.200.202301161003/tools/bin/../lib/gcc/arm-none-eabi/10.3.1/../../../../arm-none-eabi/lib/thumb/v7e-m+dp/hard/crt0.o (memset)
/opt/st/stm32cubeide_1.12.1/plugins/com.st.stm32cube.ide.mcu.externaltools.gnu-tools-for-stm32.10.3-2021.10.linux64_1.0.200.202301161003/tools/bin/../lib/gcc/arm-none-eabi/10.3.1/../../../../arm-none-eabi/lib/thumb/v7e-m+dp/hard/libc_nano.a(lib_a-sprintf.o)
                              ./Core/Src/main.o (sprintf)
/opt/st/stm32cubeide_1.12.1/plugins/com.st.stm32cube.ide.mcu.externaltools.gnu-tools-for-stm32.10.3-2021.10.linux64_1.0.200.202301161003/tools/bin/../lib/gcc/arm-none-eabi/10.3.1/../../../../arm-none-eabi/lib/thumb/v7e-m+dp/hard/libc_nano.a(lib_a-nano-svfprintf.o)
                              /opt/st/stm32cubeide_1.12.1/plugins/com.st.stm32cube.ide.mcu.externaltools.gnu-tools-for-stm32.10.3-2021.10.linux64_1.0.200.202301161003/tools/bin/../lib/gcc/arm-none-eabi/10.3.1/../../../../arm-none-eabi/lib/thumb/v7e-m+dp/hard/libc_nano.a(lib_a-sprintf.o) (_svfprintf_r)
/opt/st/stm32cubeide_1.12.1/plugins/com.st.stm32cube.ide.mcu.externaltools.gnu-tools-for-stm32.10.3-2021.10.linux64_1.0.200.202301161003/tools/bin/../lib/gcc/arm-none-eabi/10.3.1/../../../../arm-none-eabi/lib/thumb/v7e-m+dp/hard/libc_nano.a(lib_a-nano-vfprintf_i.o)
                              /opt/st/stm32cubeide_1.12.1/plugins/com.st.stm32cube.ide.mcu.externaltools.gnu-tools-for-stm32.10.3-2021.10.linux64_1.0.200.202301161003/tools/bin/../lib/gcc/arm-none-eabi/10.3.1/../../../../arm-none-eabi/lib/thumb/v7e-m+dp/hard/libc_nano.a(lib_a-nano-svfprintf.o) (_printf_i)
/opt/st/stm32cubeide_1.12.1/plugins/com.st.stm32cube.ide.mcu.externaltools.gnu-tools-for-stm32.10.3-2021.10.linux64_1.0.200.202301161003/tools/bin/../lib/gcc/arm-none-eabi/10.3.1/../../../../arm-none-eabi/lib/thumb/v7e-m+dp/hard/libc_nano.a(lib_a-memchr.o)
                              /opt/st/stm32cubeide_1.12.1/plugins/com.st.stm32cube.ide.mcu.externaltools.gnu-tools-for-stm32.10.3-2021.10.linux64_1.0.200.202301161003/tools/bin/../lib/gcc/arm-none-eabi/10.3.1/../../../../arm-none-eabi/lib/thumb/v7e-m+dp/hard/libc_nano.a(lib_a-nano-svfprintf.o) (memchr)
/opt/st/stm32cubeide_1.12.1/plugins/com.st.stm32cube.ide.mcu.externaltools.gnu-tools-for-stm32.10.3-2021.10.linux64_1.0.200.202301161003/tools/bin/../lib/gcc/arm-none-eabi/10.3.1/../../../../arm-none-eabi/lib/thumb/v7e-m+dp/hard/libc_nano.a(lib_a-memcpy-stub.o)
[...]
Memory Configuration

Name             Origin             Length             Attributes
FLASH            0x0000000008000000 0x0000000000020000 xr
DTCMRAM          0x0000000020000000 0x0000000000020000 xrw
RAM_D1           0x0000000024000000 0x0000000000080000 xrw
RAM_D2           0x0000000030000000 0x0000000000048000 xrw
RAM_D3           0x0000000038000000 0x0000000000010000 xrw
ITCMRAM          0x0000000000000000 0x0000000000010000 xrw
*default*        0x0000000000000000 0xffffffffffffffff

Linker script and memory map

LOAD /opt/st/stm32cubeide_1.12.1/plugins/com.st.stm32cube.ide.mcu.externaltools.gnu-tools-for-stm32.10.3-2021.10.linux64_1.0.200.202301161003/tools/bin/../lib/gcc/arm-none-eabi/10.3.1/thumb/v7e-m+dp/hard/crti.o
LOAD /opt/st/stm32cubeide_1.12.1/plugins/com.st.stm32cube.ide.mcu.externaltools.gnu-tools-for-stm32.10.3-2021.10.linux64_1.0.200.202301161003/tools/bin/../lib/gcc/arm-none-eabi/10.3.1/thumb/v7e-m+dp/hard/crtbegin.o
LOAD /opt/st/stm32cubeide_1.12.1/plugins/com.st.stm32cube.ide.mcu.externaltools.gnu-tools-for-stm32.10.3-2021.10.linux64_1.0.200.202301161003/tools/bin/../lib/gcc/arm-none-eabi/10.3.1/../../../../arm-none-eabi/lib/thumb/v7e-m+dp/hard/crt0.o
LOAD ./Core/Src/gpio.o
LOAD ./Core/Src/main.o
LOAD ./Core/Src/rtc.o
LOAD ./Core/Src/spi.o
LOAD ./Core/Src/stm32h7xx_hal_msp.o
LOAD ./Core/Src/stm32h7xx_it.o
LOAD ./Core/Src/syscalls.o
LOAD ./Core/Src/sysmem.o
LOAD ./Core/Src/system_stm32h7xx.o
LOAD ./Core/Src/tim.o
LOAD ./Core/Startup/startup_stm32h750vbtx.o
LOAD ./Drivers/BSP/ST7735/lcd.o
LOAD ./Drivers/BSP/ST7735/logo_128_160.o
LOAD ./Drivers/BSP/ST7735/logo_160_80.o
LOAD ./Drivers/BSP/ST7735/st7735.o
LOAD ./Drivers/BSP/ST7735/st7735_reg.o
LOAD ./Drivers/STM32H7xx_HAL_Driver/Src/stm32h7xx_hal.o
LOAD ./Drivers/STM32H7xx_HAL_Driver/Src/stm32h7xx_hal_cortex.o
LOAD ./Drivers/STM32H7xx_HAL_Driver/Src/stm32h7xx_hal_dma.o
LOAD ./Drivers/STM32H7xx_HAL_Driver/Src/stm32h7xx_hal_dma_ex.o
LOAD ./Drivers/STM32H7xx_HAL_Driver/Src/stm32h7xx_hal_exti.o
LOAD ./Drivers/STM32H7xx_HAL_Driver/Src/stm32h7xx_hal_flash.o
LOAD ./Drivers/STM32H7xx_HAL_Driver/Src/stm32h7xx_hal_flash_ex.o
LOAD ./Drivers/STM32H7xx_HAL_Driver/Src/stm32h7xx_hal_gpio.o
LOAD ./Drivers/STM32H7xx_HAL_Driver/Src/stm32h7xx_hal_hsem.o
LOAD ./Drivers/STM32H7xx_HAL_Driver/Src/stm32h7xx_hal_i2c.o
LOAD ./Drivers/STM32H7xx_HAL_Driver/Src/stm32h7xx_hal_i2c_ex.o
LOAD ./Drivers/STM32H7xx_HAL_Driver/Src/stm32h7xx_hal_mdma.o
LOAD ./Drivers/STM32H7xx_HAL_Driver/Src/stm32h7xx_hal_pwr.o
LOAD ./Drivers/STM32H7xx_HAL_Driver/Src/stm32h7xx_hal_pwr_ex.o
LOAD ./Drivers/STM32H7xx_HAL_Driver/Src/stm32h7xx_hal_rcc.o
LOAD ./Drivers/STM32H7xx_HAL_Driver/Src/stm32h7xx_hal_rcc_ex.o
LOAD ./Drivers/STM32H7xx_HAL_Driver/Src/stm32h7xx_hal_rtc.o
LOAD ./Drivers/STM32H7xx_HAL_Driver/Src/stm32h7xx_hal_rtc_ex.o
LOAD ./Drivers/STM32H7xx_HAL_Driver/Src/stm32h7xx_hal_spi.o
LOAD ./Drivers/STM32H7xx_HAL_Driver/Src/stm32h7xx_hal_spi_ex.o
LOAD ./Drivers/STM32H7xx_HAL_Driver/Src/stm32h7xx_hal_tim.o
LOAD ./Drivers/STM32H7xx_HAL_Driver/Src/stm32h7xx_hal_tim_ex.o
START GROUP
LOAD /opt/st/stm32cubeide_1.12.1/plugins/com.st.stm32cube.ide.mcu.externaltools.gnu-tools-for-stm32.10.3-2021.10.linux64_1.0.200.202301161003/tools/bin/../lib/gcc/arm-none-eabi/10.3.1/../../../../arm-none-eabi/lib/thumb/v7e-m+dp/hard/libc_nano.a
LOAD /opt/st/stm32cubeide_1.12.1/plugins/com.st.stm32cube.ide.mcu.externaltools.gnu-tools-for-stm32.10.3-2021.10.linux64_1.0.200.202301161003/tools/bin/../lib/gcc/arm-none-eabi/10.3.1/../../../../arm-none-eabi/lib/thumb/v7e-m+dp/hard/libm.a
END GROUP
START GROUP
LOAD /opt/st/stm32cubeide_1.12.1/plugins/com.st.stm32cube.ide.mcu.externaltools.gnu-tools-for-stm32.10.3-2021.10.linux64_1.0.200.202301161003/tools/bin/../lib/gcc/arm-none-eabi/10.3.1/thumb/v7e-m+dp/hard/libgcc.a
LOAD /opt/st/stm32cubeide_1.12.1/plugins/com.st.stm32cube.ide.mcu.externaltools.gnu-tools-for-stm32.10.3-2021.10.linux64_1.0.200.202301161003/tools/bin/../lib/gcc/arm-none-eabi/10.3.1/../../../../arm-none-eabi/lib/thumb/v7e-m+dp/hard/libc_nano.a
END GROUP
START GROUP
LOAD /opt/st/stm32cubeide_1.12.1/plugins/com.st.stm32cube.ide.mcu.externaltools.gnu-tools-for-stm32.10.3-2021.10.linux64_1.0.200.202301161003/tools/bin/../lib/gcc/arm-none-eabi/10.3.1/thumb/v7e-m+dp/hard/libgcc.a
LOAD /opt/st/stm32cubeide_1.12.1/plugins/com.st.stm32cube.ide.mcu.externaltools.gnu-tools-for-stm32.10.3-2021.10.linux64_1.0.200.202301161003/tools/bin/../lib/gcc/arm-none-eabi/10.3.1/../../../../arm-none-eabi/lib/thumb/v7e-m+dp/hard/libc_nano.a
LOAD /opt/st/stm32cubeide_1.12.1/plugins/com.st.stm32cube.ide.mcu.externaltools.gnu-tools-for-stm32.10.3-2021.10.linux64_1.0.200.202301161003/tools/bin/../lib/gcc/arm-none-eabi/10.3.1/../../../../arm-none-eabi/lib/thumb/v7e-m+dp/hard/libnosys.a
END GROUP
START GROUP
LOAD /opt/st/stm32cubeide_1.12.1/plugins/com.st.stm32cube.ide.mcu.externaltools.gnu-tools-for-stm32.10.3-2021.10.linux64_1.0.200.202301161003/tools/bin/../lib/gcc/arm-none-eabi/10.3.1/thumb/v7e-m+dp/hard/libgcc.a
LOAD /opt/st/stm32cubeide_1.12.1/plugins/com.st.stm32cube.ide.mcu.externaltools.gnu-tools-for-stm32.10.3-2021.10.linux64_1.0.200.202301161003/tools/bin/../lib/gcc/arm-none-eabi/10.3.1/../../../../arm-none-eabi/lib/thumb/v7e-m+dp/hard/libc_nano.a
LOAD /opt/st/stm32cubeide_1.12.1/plugins/com.st.stm32cube.ide.mcu.externaltools.gnu-tools-for-stm32.10.3-2021.10.linux64_1.0.200.202301161003/tools/bin/../lib/gcc/arm-none-eabi/10.3.1/../../../../arm-none-eabi/lib/thumb/v7e-m+dp/hard/libnosys.a
END GROUP
LOAD /opt/st/stm32cubeide_1.12.1/plugins/com.st.stm32cube.ide.mcu.externaltools.gnu-tools-for-stm32.10.3-2021.10.linux64_1.0.200.202301161003/tools/bin/../lib/gcc/arm-none-eabi/10.3.1/thumb/v7e-m+dp/hard/crtend.o
LOAD /opt/st/stm32cubeide_1.12.1/plugins/com.st.stm32cube.ide.mcu.externaltools.gnu-tools-for-stm32.10.3-2021.10.linux64_1.0.200.202301161003/tools/bin/../lib/gcc/arm-none-eabi/10.3.1/thumb/v7e-m+dp/hard/crtn.o
                0x0000000024080000                _estack = (ORIGIN (RAM_D1) + LENGTH (RAM_D1))
                0x0000000000000200                _Min_Heap_Size = 0x200
                0x0000000000000400                _Min_Stack_Size = 0x400

.isr_vector     0x0000000008000000      0x298
                0x0000000008000000                . = ALIGN (0x4)
 *(.isr_vector)
 .isr_vector    0x0000000008000000      0x298 ./Core/Startup/startup_stm32h750vbtx.o
                0x0000000008000000                g_pfnVectors
                0x0000000008000298                . = ALIGN (0x4)

.text           0x00000000080002a0     0x8200
                0x00000000080002a0                . = ALIGN (0x4)
 *(.text)
 .text          0x00000000080002a0       0x40 /opt/st/stm32cubeide_1.12.1/plugins/com.st.stm32cube.ide.mcu.externaltools.gnu-tools-for-stm32.10.3-2021.10.linux64_1.0.200.202301161003/tools/bin/../lib/gcc/arm-none-eabi/10.3.1/thumb/v7e-m+dp/hard/crtbegin.o
 .text          0x00000000080002e0       0xa0 /opt/st/stm32cubeide_1.12.1/plugins/com.st.stm32cube.ide.mcu.externaltools.gnu-tools-for-stm32.10.3-2021.10.linux64_1.0.200.202301161003/tools/bin/../lib/gcc/arm-none-eabi/10.3.1/../../../../arm-none-eabi/lib/thumb/v7e-m+dp/hard/libc_nano.a(lib_a-memchr.o)
                0x00000000080002e0                memchr
 *(.text*)
 .text.MX_GPIO_Init
                0x0000000008000380      0x148 ./Core/Src/gpio.o
                0x0000000008000380                MX_GPIO_Init
 .text.radio_spi
                0x00000000080004c8       0x8c ./Core/Src/main.o
                0x00000000080004c8                radio_spi
 .text.radio_powerup
                0x0000000008000554       0x74 ./Core/Src/main.o
                0x0000000008000554                radio_powerup
 .text.radio_setup
                0x00000000080005c8       0x8c ./Core/Src/main.o
                0x00000000080005c8                radio_setup
 .text.main     0x0000000008000654       0x64 ./Core/Src/main.o
                0x0000000008000654                main
 .text.SystemClock_Config
                0x00000000080006b8      0x114 ./Core/Src/main.o
                0x00000000080006b8                SystemClock_Config
 .text.Error_Handler
                0x00000000080007cc        0xa ./Core/Src/main.o
                0x00000000080007cc                Error_Handler
 *fill*         0x00000000080007d6        0x2 
 .text.MX_RTC_Init
                0x00000000080007d8       0xb8 ./Core/Src/rtc.o
                0x00000000080007d8                MX_RTC_Init
 .text.HAL_RTC_MspInit
                0x0000000008000890       0x64 ./Core/Src/rtc.o
                0x0000000008000890                HAL_RTC_MspInit
 .text.MX_SPI1_Init
                0x00000000080008f4       0xac ./Core/Src/spi.o
                0x00000000080008f4                MX_SPI1_Init
 .text.MX_SPI4_Init
                0x00000000080009a0       0xb0 ./Core/Src/spi.o
                0x00000000080009a0                MX_SPI4_Init
 .text.HAL_SPI_MspInit
                0x0000000008000a50      0x170 ./Core/Src/spi.o
                0x0000000008000a50                HAL_SPI_MspInit
 .text.HAL_MspInit
                0x0000000008000bc0       0x34 ./Core/Src/stm32h7xx_hal_msp.o
                0x0000000008000bc0                HAL_MspInit
 .text.NMI_Handler
                0x0000000008000bf4        0x6 ./Core/Src/stm32h7xx_it.o
                0x0000000008000bf4                NMI_Handler
 .text.HardFault_Handler
                0x0000000008000bfa        0x6 ./Core/Src/stm32h7xx_it.o
                0x0000000008000bfa                HardFault_Handler
 .text.MemManage_Handler
                0x0000000008000c00        0x6 ./Core/Src/stm32h7xx_it.o
                0x0000000008000c00                MemManage_Handler
 .text.BusFault_Handler
                0x0000000008000c06        0x6 ./Core/Src/stm32h7xx_it.o
                0x0000000008000c06                BusFault_Handler
 .text.UsageFault_Handler
                0x0000000008000c0c        0x6 ./Core/Src/stm32h7xx_it.o
                0x0000000008000c0c                UsageFault_Handler
 .text.SVC_Handler
                0x0000000008000c12        0xe ./Core/Src/stm32h7xx_it.o
                0x0000000008000c12                SVC_Handler
 .text.DebugMon_Handler
                0x0000000008000c20        0xe ./Core/Src/stm32h7xx_it.o
                0x0000000008000c20                DebugMon_Handler
 .text.PendSV_Handler
                0x0000000008000c2e        0xe ./Core/Src/stm32h7xx_it.o
                0x0000000008000c2e                PendSV_Handler
 .text.SysTick_Handler
                0x0000000008000c3c        0xc ./Core/Src/stm32h7xx_it.o
                0x0000000008000c3c                SysTick_Handler
 .text._sbrk    0x0000000008000c48       0x6c ./Core/Src/sysmem.o
                0x0000000008000c48                _sbrk
 .text.SystemInit
                0x0000000008000cb4      0x110 ./Core/Src/system_stm32h7xx.o
                0x0000000008000cb4                SystemInit
 .text.MX_TIM1_Init
                0x0000000008000dc4      0x120 ./Core/Src/tim.o
                0x0000000008000dc4                MX_TIM1_Init
 .text.HAL_TIM_PWM_MspInit
                0x0000000008000ee4       0x44 ./Core/Src/tim.o
                0x0000000008000ee4                HAL_TIM_PWM_MspInit
 .text.HAL_TIM_MspPostInit
                0x0000000008000f28       0x78 ./Core/Src/tim.o
                0x0000000008000f28                HAL_TIM_MspPostInit
 .text.Reset_Handler
                0x0000000008000fa0       0x50 ./Core/Startup/startup_stm32h750vbtx.o
                0x0000000008000fa0                Reset_Handler
 .text.Default_Handler
                0x0000000008000ff0        0x2 ./Core/Startup/startup_stm32h750vbtx.o
                0x0000000008000ff0                RTC_Alarm_IRQHandler
                0x0000000008000ff0                HASH_RNG_IRQHandler
                0x0000000008000ff0                EXTI2_IRQHandler
                0x0000000008000ff0                TIM8_CC_IRQHandler
                0x0000000008000ff0                HRTIM1_Master_IRQHandler
                0x0000000008000ff0                UART8_IRQHandler
                0x0000000008000ff0                SPI4_IRQHandler
                0x0000000008000ff0                TIM1_CC_IRQHandler
                0x0000000008000ff0                BDMA_Channel6_IRQHandler
                0x0000000008000ff0                DMA2_Stream5_IRQHandler
                0x0000000008000ff0                HRTIM1_FLT_IRQHandler
                0x0000000008000ff0                JPEG_IRQHandler
                0x0000000008000ff0                DMA1_Stream5_IRQHandler
                0x0000000008000ff0                BDMA_Channel1_IRQHandler
                0x0000000008000ff0                HRTIM1_TIMD_IRQHandler
                0x0000000008000ff0                TAMP_STAMP_IRQHandler
                0x0000000008000ff0                EXTI3_IRQHandler
                0x0000000008000ff0                LPTIM4_IRQHandler
                0x0000000008000ff0                TIM8_TRG_COM_TIM14_IRQHandler
                0x0000000008000ff0                LPTIM2_IRQHandler
                0x0000000008000ff0                DFSDM1_FLT1_IRQHandler
                0x0000000008000ff0                DMAMUX2_OVR_IRQHandler
                0x0000000008000ff0                TIM8_UP_TIM13_IRQHandler
                0x0000000008000ff0                I2C3_ER_IRQHandler
                0x0000000008000ff0                DFSDM1_FLT2_IRQHandler
                0x0000000008000ff0                MDMA_IRQHandler
                0x0000000008000ff0                LPTIM3_IRQHandler
                0x0000000008000ff0                HSEM1_IRQHandler
                0x0000000008000ff0                EXTI0_IRQHandler
                0x0000000008000ff0                I2C2_EV_IRQHandler
                0x0000000008000ff0                DMA1_Stream2_IRQHandler
                0x0000000008000ff0                FPU_IRQHandler
                0x0000000008000ff0                OTG_HS_WKUP_IRQHandler
                0x0000000008000ff0                FDCAN1_IT1_IRQHandler
                0x0000000008000ff0                LTDC_ER_IRQHandler
                0x0000000008000ff0                DMA2_Stream2_IRQHandler
                0x0000000008000ff0                HRTIM1_TIME_IRQHandler
                0x0000000008000ff0                SPI1_IRQHandler
                0x0000000008000ff0                TIM6_DAC_IRQHandler
                0x0000000008000ff0                DCMI_IRQHandler
                0x0000000008000ff0                HRTIM1_TIMC_IRQHandler
                0x0000000008000ff0                DMA2_Stream3_IRQHandler
                0x0000000008000ff0                SAI2_IRQHandler
                0x0000000008000ff0                DFSDM1_FLT3_IRQHandler
                0x0000000008000ff0                USART6_IRQHandler
                0x0000000008000ff0                TIM17_IRQHandler
                0x0000000008000ff0                USART3_IRQHandler
                0x0000000008000ff0                BDMA_Channel7_IRQHandler
                0x0000000008000ff0                CRYP_IRQHandler
                0x0000000008000ff0                LPTIM5_IRQHandler
                0x0000000008000ff0                UART5_IRQHandler
                0x0000000008000ff0                ADC3_IRQHandler
                0x0000000008000ff0                DMA2_Stream0_IRQHandler
                0x0000000008000ff0                TIM4_IRQHandler
                0x0000000008000ff0                BDMA_Channel2_IRQHandler
                0x0000000008000ff0                QUADSPI_IRQHandler
                0x0000000008000ff0                I2C1_EV_IRQHandler
                0x0000000008000ff0                DMA1_Stream6_IRQHandler
                0x0000000008000ff0                DMAMUX1_OVR_IRQHandler
                0x0000000008000ff0                DMA1_Stream1_IRQHandler
                0x0000000008000ff0                TIM16_IRQHandler
                0x0000000008000ff0                UART4_IRQHandler
                0x0000000008000ff0                BDMA_Channel5_IRQHandler
                0x0000000008000ff0                TIM3_IRQHandler
                0x0000000008000ff0                RCC_IRQHandler
                0x0000000008000ff0                TIM8_BRK_TIM12_IRQHandler
                0x0000000008000ff0                TIM1_TRG_COM_IRQHandler
                0x0000000008000ff0                Default_Handler
                0x0000000008000ff0                ECC_IRQHandler
                0x0000000008000ff0                CEC_IRQHandler
                0x0000000008000ff0                EXTI15_10_IRQHandler
                0x0000000008000ff0                BDMA_Channel0_IRQHandler
                0x0000000008000ff0                ADC_IRQHandler
                0x0000000008000ff0                DMA1_Stream7_IRQHandler
                0x0000000008000ff0                HRTIM1_TIMA_IRQHandler
                0x0000000008000ff0                SPI5_IRQHandler
                0x0000000008000ff0                TIM7_IRQHandler
                0x0000000008000ff0                SDMMC1_IRQHandler
                0x0000000008000ff0                TIM5_IRQHandler
                0x0000000008000ff0                DMA2_Stream7_IRQHandler
                0x0000000008000ff0                TIM15_IRQHandler
                0x0000000008000ff0                PVD_AVD_IRQHandler
                0x0000000008000ff0                I2C3_EV_IRQHandler
                0x0000000008000ff0                EXTI9_5_IRQHandler
                0x0000000008000ff0                RTC_WKUP_IRQHandler
                0x0000000008000ff0                LTDC_IRQHandler
                0x0000000008000ff0                SAI3_IRQHandler
                0x0000000008000ff0                ETH_WKUP_IRQHandler
                0x0000000008000ff0                SPDIF_RX_IRQHandler
                0x0000000008000ff0                SPI2_IRQHandler
                0x0000000008000ff0                OTG_HS_EP1_IN_IRQHandler
                0x0000000008000ff0                DMA1_Stream0_IRQHandler
                0x0000000008000ff0                CRS_IRQHandler
                0x0000000008000ff0                EXTI4_IRQHandler
                0x0000000008000ff0                HRTIM1_TIMB_IRQHandler
                0x0000000008000ff0                FDCAN2_IT1_IRQHandler
                0x0000000008000ff0                ETH_IRQHandler
                0x0000000008000ff0                TIM1_UP_IRQHandler
                0x0000000008000ff0                BDMA_Channel4_IRQHandler
                0x0000000008000ff0                OTG_HS_EP1_OUT_IRQHandler
                0x0000000008000ff0                WWDG_IRQHandler
                0x0000000008000ff0                SPI6_IRQHandler
                0x0000000008000ff0                MDIOS_IRQHandler
                0x0000000008000ff0                I2C4_EV_IRQHandler
                0x0000000008000ff0                FDCAN2_IT0_IRQHandler
                0x0000000008000ff0                LPUART1_IRQHandler
                0x0000000008000ff0                FDCAN1_IT0_IRQHandler
                0x0000000008000ff0                TIM2_IRQHandler
                0x0000000008000ff0                OTG_FS_WKUP_IRQHandler
                0x0000000008000ff0                OTG_HS_IRQHandler
                0x0000000008000ff0                DMA2D_IRQHandler
                0x0000000008000ff0                TIM1_BRK_IRQHandler
                0x0000000008000ff0                EXTI1_IRQHandler
                0x0000000008000ff0                SDMMC2_IRQHandler
                0x0000000008000ff0                OTG_FS_EP1_OUT_IRQHandler
                0x0000000008000ff0                BDMA_Channel3_IRQHandler
                0x0000000008000ff0                UART7_IRQHandler
                0x0000000008000ff0                MDIOS_WKUP_IRQHandler
                0x0000000008000ff0                USART2_IRQHandler
                0x0000000008000ff0                DFSDM1_FLT0_IRQHandler
                0x0000000008000ff0                SAI4_IRQHandler
                0x0000000008000ff0                I2C2_ER_IRQHandler
                0x0000000008000ff0                DMA2_Stream1_IRQHandler
                0x0000000008000ff0                FLASH_IRQHandler
                0x0000000008000ff0                DMA2_Stream4_IRQHandler
                0x0000000008000ff0                USART1_IRQHandler
                0x0000000008000ff0                OTG_FS_IRQHandler
                0x0000000008000ff0                SPI3_IRQHandler
                0x0000000008000ff0                WAKEUP_PIN_IRQHandler
                0x0000000008000ff0                DMA1_Stream4_IRQHandler
                0x0000000008000ff0                OTG_FS_EP1_IN_IRQHandler
                0x0000000008000ff0                I2C1_ER_IRQHandler
                0x0000000008000ff0                FMC_IRQHandler
                0x0000000008000ff0                FDCAN_CAL_IRQHandler
                0x0000000008000ff0                SWPMI1_IRQHandler
                0x0000000008000ff0                COMP1_IRQHandler
                0x0000000008000ff0                LPTIM1_IRQHandler
                0x0000000008000ff0                I2C4_ER_IRQHandler
                0x0000000008000ff0                DMA2_Stream6_IRQHandler
                0x0000000008000ff0                SAI1_IRQHandler
                0x0000000008000ff0                DMA1_Stream3_IRQHandler
 *fill*         0x0000000008000ff2        0x2 
 .text.LCD_Init
                0x0000000008000ff4       0x74 ./Drivers/BSP/ST7735/lcd.o
                0x0000000008000ff4                LCD_Init
 .text.LCD_Clear
                0x0000000008001068       0x38 ./Drivers/BSP/ST7735/lcd.o
                0x0000000008001068                LCD_Clear
 .text.LCD_SetBrightness
                0x00000000080010a0       0x2c ./Drivers/BSP/ST7735/lcd.o
                0x00000000080010a0                LCD_SetBrightness
 .text.LCD_ShowChar
                0x00000000080010cc      0x424 ./Drivers/BSP/ST7735/lcd.o
                0x00000000080010cc                LCD_ShowChar
 .text.LCD_ShowString
                0x00000000080014f0       0x9a ./Drivers/BSP/ST7735/lcd.o
                0x00000000080014f0                LCD_ShowString
 .text.lcd_init
                0x000000000800158a       0x18 ./Drivers/BSP/ST7735/lcd.o
 .text.lcd_gettick
                0x00000000080015a2        0xe ./Drivers/BSP/ST7735/lcd.o
 .text.lcd_writereg
                0x00000000080015b0       0x94 ./Drivers/BSP/ST7735/lcd.o
 .text.lcd_readreg
                0x0000000008001644       0x88 ./Drivers/BSP/ST7735/lcd.o
 .text.lcd_senddata
                0x00000000080016cc       0x58 ./Drivers/BSP/ST7735/lcd.o
 .text.lcd_recvdata
                0x0000000008001724       0x5c ./Drivers/BSP/ST7735/lcd.o
 .text.ST7735_RegisterBusIO
                0x0000000008001780       0xa8 ./Drivers/BSP/ST7735/st7735.o
                0x0000000008001780                ST7735_RegisterBusIO
 .text.ST7735_Init
                0x0000000008001828      0x77e ./Drivers/BSP/ST7735/st7735.o
                0x0000000008001828                ST7735_Init
 .text.ST7735_DeInit
                0x0000000008001fa6       0x16 ./Drivers/BSP/ST7735/st7735.o
                0x0000000008001fa6                ST7735_DeInit
 .text.ST7735_ReadID
                0x0000000008001fbc       0x8e ./Drivers/BSP/ST7735/st7735.o
                0x0000000008001fbc                ST7735_ReadID
 *fill*         0x000000000800204a        0x2 
 .text.ST7735_DisplayOn
                0x000000000800204c       0xc8 ./Drivers/BSP/ST7735/st7735.o
                0x000000000800204c                ST7735_DisplayOn
 .text.ST7735_DisplayOff
                0x0000000008002114       0xc8 ./Drivers/BSP/ST7735/st7735.o
                0x0000000008002114                ST7735_DisplayOff
 .text.ST7735_SetBrightness
                0x00000000080021dc       0x1a ./Drivers/BSP/ST7735/st7735.o
                0x00000000080021dc                ST7735_SetBrightness
 .text.ST7735_GetBrightness
                0x00000000080021f6       0x1a ./Drivers/BSP/ST7735/st7735.o
                0x00000000080021f6                ST7735_GetBrightness
 .text.ST7735_SetOrientation
                0x0000000008002210      0x11c ./Drivers/BSP/ST7735/st7735.o
                0x0000000008002210                ST7735_SetOrientation
 .text.ST7735_GetOrientation
                0x000000000800232c       0x24 ./Drivers/BSP/ST7735/st7735.o
                0x000000000800232c                ST7735_GetOrientation
 .text.ST7735_SetCursor
                0x0000000008002350      0x178 ./Drivers/BSP/ST7735/st7735.o
                0x0000000008002350                ST7735_SetCursor
 .text.ST7735_DrawBitmap
                0x00000000080024c8      0x214 ./Drivers/BSP/ST7735/st7735.o
                0x00000000080024c8                ST7735_DrawBitmap
 .text.ST7735_FillRGBRect
                0x00000000080026dc       0xd4 ./Drivers/BSP/ST7735/st7735.o
                0x00000000080026dc                ST7735_FillRGBRect
 .text.ST7735_DrawHLine
                0x00000000080027b0       0xa0 ./Drivers/BSP/ST7735/st7735.o
                0x00000000080027b0                ST7735_DrawHLine
 .text.ST7735_DrawVLine
                0x0000000008002850       0x68 ./Drivers/BSP/ST7735/st7735.o
                0x0000000008002850                ST7735_DrawVLine
 .text.ST7735_FillRect
                0x00000000080028b8       0x58 ./Drivers/BSP/ST7735/st7735.o
                0x00000000080028b8                ST7735_FillRect
 .text.ST7735_SetPixel
                0x0000000008002910       0x88 ./Drivers/BSP/ST7735/st7735.o
                0x0000000008002910                ST7735_SetPixel
 .text.ST7735_GetPixel
                0x0000000008002998       0x9e ./Drivers/BSP/ST7735/st7735.o
                0x0000000008002998                ST7735_GetPixel
 *fill*         0x0000000008002a36        0x2 
 .text.ST7735_GetXSize
                0x0000000008002a38       0x24 ./Drivers/BSP/ST7735/st7735.o
                0x0000000008002a38                ST7735_GetXSize
 .text.ST7735_GetYSize
                0x0000000008002a5c       0x24 ./Drivers/BSP/ST7735/st7735.o
                0x0000000008002a5c                ST7735_GetYSize
 .text.ST7735_SetDisplayWindow
                0x0000000008002a80      0x208 ./Drivers/BSP/ST7735/st7735.o
 .text.ST7735_ReadRegWrap
                0x0000000008002c88       0x28 ./Drivers/BSP/ST7735/st7735.o
 .text.ST7735_WriteRegWrap
                0x0000000008002cb0       0x2a ./Drivers/BSP/ST7735/st7735.o
 .text.ST7735_SendDataWrap
                0x0000000008002cda       0x24 ./Drivers/BSP/ST7735/st7735.o
 .text.ST7735_RecvDataWrap
                0x0000000008002cfe       0x24 ./Drivers/BSP/ST7735/st7735.o
 .text.ST7735_IO_Delay
                0x0000000008002d22       0x34 ./Drivers/BSP/ST7735/st7735.o
 .text.st7735_read_reg
                0x0000000008002d56       0x26 ./Drivers/BSP/ST7735/st7735_reg.o
                0x0000000008002d56                st7735_read_reg
 .text.st7735_write_reg
                0x0000000008002d7c       0x2a ./Drivers/BSP/ST7735/st7735_reg.o
                0x0000000008002d7c                st7735_write_reg
 .text.st7735_send_data
                0x0000000008002da6       0x24 ./Drivers/BSP/ST7735/st7735_reg.o
                0x0000000008002da6                st7735_send_data
 .text.st7735_recv_data
                0x0000000008002dca       0x24 ./Drivers/BSP/ST7735/st7735_reg.o
                0x0000000008002dca                st7735_recv_data
 *fill*         0x0000000008002dee        0x2 
 .text.HAL_Init
                0x0000000008002df0       0x78 ./Drivers/STM32H7xx_HAL_Driver/Src/stm32h7xx_hal.o
                0x0000000008002df0                HAL_Init
 .text.HAL_InitTick
                0x0000000008002e68       0x6c ./Drivers/STM32H7xx_HAL_Driver/Src/stm32h7xx_hal.o
                0x0000000008002e68                HAL_InitTick
 .text.HAL_IncTick
                0x0000000008002ed4       0x28 ./Drivers/STM32H7xx_HAL_Driver/Src/stm32h7xx_hal.o
                0x0000000008002ed4                HAL_IncTick
 .text.HAL_GetTick
                0x0000000008002efc       0x18 ./Drivers/STM32H7xx_HAL_Driver/Src/stm32h7xx_hal.o
                0x0000000008002efc                HAL_GetTick
 .text.HAL_Delay
                0x0000000008002f14       0x48 ./Drivers/STM32H7xx_HAL_Driver/Src/stm32h7xx_hal.o
                0x0000000008002f14                HAL_Delay
 .text.HAL_GetREVID
                0x0000000008002f5c       0x18 ./Drivers/STM32H7xx_HAL_Driver/Src/stm32h7xx_hal.o
                0x0000000008002f5c                HAL_GetREVID
 .text.__NVIC_SetPriorityGrouping
                0x0000000008002f74       0x48 ./Drivers/STM32H7xx_HAL_Driver/Src/stm32h7xx_hal_cortex.o
 .text.__NVIC_GetPriorityGrouping
                0x0000000008002fbc       0x1c ./Drivers/STM32H7xx_HAL_Driver/Src/stm32h7xx_hal_cortex.o
 .text.__NVIC_SetPriority
                0x0000000008002fd8       0x54 ./Drivers/STM32H7xx_HAL_Driver/Src/stm32h7xx_hal_cortex.o
 .text.NVIC_EncodePriority
                0x000000000800302c       0x66 ./Drivers/STM32H7xx_HAL_Driver/Src/stm32h7xx_hal_cortex.o
 *fill*         0x0000000008003092        0x2 
 .text.SysTick_Config
                0x0000000008003094       0x44 ./Drivers/STM32H7xx_HAL_Driver/Src/stm32h7xx_hal_cortex.o
 .text.HAL_NVIC_SetPriorityGrouping
                0x00000000080030d8       0x16 ./Drivers/STM32H7xx_HAL_Driver/Src/stm32h7xx_hal_cortex.o
                0x00000000080030d8                HAL_NVIC_SetPriorityGrouping
 .text.HAL_NVIC_SetPriority
                0x00000000080030ee       0x34 ./Drivers/STM32H7xx_HAL_Driver/Src/stm32h7xx_hal_cortex.o
                0x00000000080030ee                HAL_NVIC_SetPriority
 .text.HAL_SYSTICK_Config
                0x0000000008003122       0x18 ./Drivers/STM32H7xx_HAL_Driver/Src/stm32h7xx_hal_cortex.o
                0x0000000008003122                HAL_SYSTICK_Config
 *fill*         0x000000000800313a        0x2 
 .text.HAL_GPIO_Init
                0x000000000800313c      0x360 ./Drivers/STM32H7xx_HAL_Driver/Src/stm32h7xx_hal_gpio.o
                0x000000000800313c                HAL_GPIO_Init
 .text.HAL_GPIO_WritePin
                0x000000000800349c       0x32 ./Drivers/STM32H7xx_HAL_Driver/Src/stm32h7xx_hal_gpio.o
                0x000000000800349c                HAL_GPIO_WritePin
 *fill*         0x00000000080034ce        0x2 
 .text.HAL_PWR_EnableBkUpAccess
                0x00000000080034d0       0x20 ./Drivers/STM32H7xx_HAL_Driver/Src/stm32h7xx_hal_pwr.o
                0x00000000080034d0                HAL_PWR_EnableBkUpAccess
 .text.HAL_PWREx_ConfigSupply
                0x00000000080034f0       0x74 ./Drivers/STM32H7xx_HAL_Driver/Src/stm32h7xx_hal_pwr_ex.o
                0x00000000080034f0                HAL_PWREx_ConfigSupply
 .text.HAL_RCC_OscConfig
                0x0000000008003564      0x8b4 ./Drivers/STM32H7xx_HAL_Driver/Src/stm32h7xx_hal_rcc.o
                0x0000000008003564                HAL_RCC_OscConfig
 .text.HAL_RCC_ClockConfig
                0x0000000008003e18      0x36c ./Drivers/STM32H7xx_HAL_Driver/Src/stm32h7xx_hal_rcc.o
                0x0000000008003e18                HAL_RCC_ClockConfig
 .text.HAL_RCC_GetSysClockFreq
                0x0000000008004184      0x2f4 ./Drivers/STM32H7xx_HAL_Driver/Src/stm32h7xx_hal_rcc.o
                0x0000000008004184                HAL_RCC_GetSysClockFreq
 .text.HAL_RCCEx_PeriphCLKConfig
                0x0000000008004478     0x1414 ./Drivers/STM32H7xx_HAL_Driver/Src/stm32h7xx_hal_rcc_ex.o
                0x0000000008004478                HAL_RCCEx_PeriphCLKConfig
 .text.RCCEx_PLL2_Config
                0x000000000800588c      0x164 ./Drivers/STM32H7xx_HAL_Driver/Src/stm32h7xx_hal_rcc_ex.o
 .text.RCCEx_PLL3_Config
                0x00000000080059f0      0x164 ./Drivers/STM32H7xx_HAL_Driver/Src/stm32h7xx_hal_rcc_ex.o
 .text.HAL_RTC_Init
                0x0000000008005b54      0x104 ./Drivers/STM32H7xx_HAL_Driver/Src/stm32h7xx_hal_rtc.o
                0x0000000008005b54                HAL_RTC_Init
 .text.HAL_RTC_SetTime
                0x0000000008005c58      0x13c ./Drivers/STM32H7xx_HAL_Driver/Src/stm32h7xx_hal_rtc.o
                0x0000000008005c58                HAL_RTC_SetTime
 .text.HAL_RTC_SetDate
                0x0000000008005d94      0x110 ./Drivers/STM32H7xx_HAL_Driver/Src/stm32h7xx_hal_rtc.o
                0x0000000008005d94                HAL_RTC_SetDate
 .text.HAL_RTC_WaitForSynchro
                0x0000000008005ea4       0x48 ./Drivers/STM32H7xx_HAL_Driver/Src/stm32h7xx_hal_rtc.o
                0x0000000008005ea4                HAL_RTC_WaitForSynchro
 .text.RTC_EnterInitMode
                0x0000000008005eec       0x66 ./Drivers/STM32H7xx_HAL_Driver/Src/stm32h7xx_hal_rtc.o
                0x0000000008005eec                RTC_EnterInitMode
 *fill*         0x0000000008005f52        0x2 
 .text.RTC_ExitInitMode
                0x0000000008005f54       0x7c ./Drivers/STM32H7xx_HAL_Driver/Src/stm32h7xx_hal_rtc.o
                0x0000000008005f54                RTC_ExitInitMode
 .text.RTC_ByteToBcd2
                0x0000000008005fd0       0x40 ./Drivers/STM32H7xx_HAL_Driver/Src/stm32h7xx_hal_rtc.o
                0x0000000008005fd0                RTC_ByteToBcd2
 .text.HAL_SPI_Init
                0x0000000008006010      0x248 ./Drivers/STM32H7xx_HAL_Driver/Src/stm32h7xx_hal_spi.o
                0x0000000008006010                HAL_SPI_Init
 .text.HAL_SPI_Transmit
                0x0000000008006258      0x3f8 ./Drivers/STM32H7xx_HAL_Driver/Src/stm32h7xx_hal_spi.o
                0x0000000008006258                HAL_SPI_Transmit
 .text.HAL_SPI_Receive
                0x0000000008006650      0x320 ./Drivers/STM32H7xx_HAL_Driver/Src/stm32h7xx_hal_spi.o
                0x0000000008006650                HAL_SPI_Receive
 .text.HAL_SPI_TransmitReceive
                0x0000000008006970      0x438 ./Drivers/STM32H7xx_HAL_Driver/Src/stm32h7xx_hal_spi.o
                0x0000000008006970                HAL_SPI_TransmitReceive
 .text.SPI_CloseTransfer
                0x0000000008006da8      0x140 ./Drivers/STM32H7xx_HAL_Driver/Src/stm32h7xx_hal_spi.o
 .text.SPI_WaitOnFlagUntilTimeout
                0x0000000008006ee8       0x5c ./Drivers/STM32H7xx_HAL_Driver/Src/stm32h7xx_hal_spi.o
 .text.SPI_GetPacketSize
                0x0000000008006f44       0x36 ./Drivers/STM32H7xx_HAL_Driver/Src/stm32h7xx_hal_spi.o
 .text.HAL_TIM_PWM_Init
                0x0000000008006f7a       0xae ./Drivers/STM32H7xx_HAL_Driver/Src/stm32h7xx_hal_tim.o
                0x0000000008006f7a                HAL_TIM_PWM_Init
 .text.HAL_TIM_PWM_ConfigChannel
                0x0000000008007028      0x228 ./Drivers/STM32H7xx_HAL_Driver/Src/stm32h7xx_hal_tim.o
                0x0000000008007028                HAL_TIM_PWM_ConfigChannel
 .text.TIM_Base_SetConfig
                0x0000000008007250      0x134 ./Drivers/STM32H7xx_HAL_Driver/Src/stm32h7xx_hal_tim.o
                0x0000000008007250                TIM_Base_SetConfig
 .text.TIM_OC1_SetConfig
                0x0000000008007384      0x120 ./Drivers/STM32H7xx_HAL_Driver/Src/stm32h7xx_hal_tim.o
 .text.TIM_OC2_SetConfig
                0x00000000080074a4      0x114 ./Drivers/STM32H7xx_HAL_Driver/Src/stm32h7xx_hal_tim.o
                0x00000000080074a4                TIM_OC2_SetConfig
 .text.TIM_OC3_SetConfig
                0x00000000080075b8      0x110 ./Drivers/STM32H7xx_HAL_Driver/Src/stm32h7xx_hal_tim.o
 .text.TIM_OC4_SetConfig
                0x00000000080076c8       0xd4 ./Drivers/STM32H7xx_HAL_Driver/Src/stm32h7xx_hal_tim.o
 .text.TIM_OC5_SetConfig
                0x000000000800779c       0xc8 ./Drivers/STM32H7xx_HAL_Driver/Src/stm32h7xx_hal_tim.o
 .text.TIM_OC6_SetConfig
                0x0000000008007864       0xcc ./Drivers/STM32H7xx_HAL_Driver/Src/stm32h7xx_hal_tim.o
 .text.HAL_TIMEx_MasterConfigSynchronization
                0x0000000008007930      0x11c ./Drivers/STM32H7xx_HAL_Driver/Src/stm32h7xx_hal_tim_ex.o
                0x0000000008007930                HAL_TIMEx_MasterConfigSynchronization
 .text.HAL_TIMEx_ConfigBreakDeadTime
                0x0000000008007a4c       0xfc ./Drivers/STM32H7xx_HAL_Driver/Src/stm32h7xx_hal_tim_ex.o
                0x0000000008007a4c                HAL_TIMEx_ConfigBreakDeadTime
 .text.__errno  0x0000000008007b48        0xc /opt/st/stm32cubeide_1.12.1/plugins/com.st.stm32cube.ide.mcu.externaltools.gnu-tools-for-stm32.10.3-2021.10.linux64_1.0.200.202301161003/tools/bin/../lib/gcc/arm-none-eabi/10.3.1/../../../../arm-none-eabi/lib/thumb/v7e-m+dp/hard/libc_nano.a(lib_a-errno.o)
                0x0000000008007b48                __errno
 .text.__libc_init_array
                0x0000000008007b54       0x48 /opt/st/stm32cubeide_1.12.1/plugins/com.st.stm32cube.ide.mcu.externaltools.gnu-tools-for-stm32.10.3-2021.10.linux64_1.0.200.202301161003/tools/bin/../lib/gcc/arm-none-eabi/10.3.1/../../../../arm-none-eabi/lib/thumb/v7e-m+dp/hard/libc_nano.a(lib_a-init.o)
                0x0000000008007b54                __libc_init_array
 .text.memset   0x0000000008007b9c       0x10 /opt/st/stm32cubeide_1.12.1/plugins/com.st.stm32cube.ide.mcu.externaltools.gnu-tools-for-stm32.10.3-2021.10.linux64_1.0.200.202301161003/tools/bin/../lib/gcc/arm-none-eabi/10.3.1/../../../../arm-none-eabi/lib/thumb/v7e-m+dp/hard/libc_nano.a(lib_a-memset.o)
                0x0000000008007b9c                memset
 .text.sprintf  0x0000000008007bac       0x40 /opt/st/stm32cubeide_1.12.1/plugins/com.st.stm32cube.ide.mcu.externaltools.gnu-tools-for-stm32.10.3-2021.10.linux64_1.0.200.202301161003/tools/bin/../lib/gcc/arm-none-eabi/10.3.1/../../../../arm-none-eabi/lib/thumb/v7e-m+dp/hard/libc_nano.a(lib_a-sprintf.o)
                0x0000000008007bac                sprintf
                0x0000000008007bac                siprintf
 .text.__ssputs_r
                0x0000000008007bec       0xb6 /opt/st/stm32cubeide_1.12.1/plugins/com.st.stm32cube.ide.mcu.externaltools.gnu-tools-for-stm32.10.3-2021.10.linux64_1.0.200.202301161003/tools/bin/../lib/gcc/arm-none-eabi/10.3.1/../../../../arm-none-eabi/lib/thumb/v7e-m+dp/hard/libc_nano.a(lib_a-nano-svfprintf.o)
                0x0000000008007bec                __ssputs_r
 *fill*         0x0000000008007ca2        0x2 
 .text._svfprintf_r
                0x0000000008007ca4      0x200 /opt/st/stm32cubeide_1.12.1/plugins/com.st.stm32cube.ide.mcu.externaltools.gnu-tools-for-stm32.10.3-2021.10.linux64_1.0.200.202301161003/tools/bin/../lib/gcc/arm-none-eabi/10.3.1/../../../../arm-none-eabi/lib/thumb/v7e-m+dp/hard/libc_nano.a(lib_a-nano-svfprintf.o)
                0x0000000008007ca4                _svfprintf_r
                0x0000000008007ca4                _svfiprintf_r
 .text._printf_common
                0x0000000008007ea4       0xda /opt/st/stm32cubeide_1.12.1/plugins/com.st.stm32cube.ide.mcu.externaltools.gnu-tools-for-stm32.10.3-2021.10.linux64_1.0.200.202301161003/tools/bin/../lib/gcc/arm-none-eabi/10.3.1/../../../../arm-none-eabi/lib/thumb/v7e-m+dp/hard/libc_nano.a(lib_a-nano-vfprintf_i.o)
                0x0000000008007ea4                _printf_common
 *fill*         0x0000000008007f7e        0x2 
 .text._printf_i
                0x0000000008007f80      0x24c /opt/st/stm32cubeide_1.12.1/plugins/com.st.stm32cube.ide.mcu.externaltools.gnu-tools-for-stm32.10.3-2021.10.linux64_1.0.200.202301161003/tools/bin/../lib/gcc/arm-none-eabi/10.3.1/../../../../arm-none-eabi/lib/thumb/v7e-m+dp/hard/libc_nano.a(lib_a-nano-vfprintf_i.o)
                0x0000000008007f80                _printf_i
 .text.memcpy   0x00000000080081cc       0x1c /opt/st/stm32cubeide_1.12.1/plugins/com.st.stm32cube.ide.mcu.externaltools.gnu-tools-for-stm32.10.3-2021.10.linux64_1.0.200.202301161003/tools/bin/../lib/gcc/arm-none-eabi/10.3.1/../../../../arm-none-eabi/lib/thumb/v7e-m+dp/hard/libc_nano.a(lib_a-memcpy-stub.o)
                0x00000000080081cc                memcpy
 .text.memmove  0x00000000080081e8       0x34 /opt/st/stm32cubeide_1.12.1/plugins/com.st.stm32cube.ide.mcu.externaltools.gnu-tools-for-stm32.10.3-2021.10.linux64_1.0.200.202301161003/tools/bin/../lib/gcc/arm-none-eabi/10.3.1/../../../../arm-none-eabi/lib/thumb/v7e-m+dp/hard/libc_nano.a(lib_a-memmove.o)
                0x00000000080081e8                memmove
 .text._free_r  0x000000000800821c       0x98 /opt/st/stm32cubeide_1.12.1/plugins/com.st.stm32cube.ide.mcu.externaltools.gnu-tools-for-stm32.10.3-2021.10.linux64_1.0.200.202301161003/tools/bin/../lib/gcc/arm-none-eabi/10.3.1/../../../../arm-none-eabi/lib/thumb/v7e-m+dp/hard/libc_nano.a(lib_a-nano-freer.o)
                0x000000000800821c                _free_r
 .text.sbrk_aligned
                0x00000000080082b4       0x40 /opt/st/stm32cubeide_1.12.1/plugins/com.st.stm32cube.ide.mcu.externaltools.gnu-tools-for-stm32.10.3-2021.10.linux64_1.0.200.202301161003/tools/bin/../lib/gcc/arm-none-eabi/10.3.1/../../../../arm-none-eabi/lib/thumb/v7e-m+dp/hard/libc_nano.a(lib_a-nano-mallocr.o)
 .text._malloc_r
                0x00000000080082f4       0xe8 /opt/st/stm32cubeide_1.12.1/plugins/com.st.stm32cube.ide.mcu.externaltools.gnu-tools-for-stm32.10.3-2021.10.linux64_1.0.200.202301161003/tools/bin/../lib/gcc/arm-none-eabi/10.3.1/../../../../arm-none-eabi/lib/thumb/v7e-m+dp/hard/libc_nano.a(lib_a-nano-mallocr.o)
                0x00000000080082f4                _malloc_r
 .text._realloc_r
                0x00000000080083dc       0x5e /opt/st/stm32cubeide_1.12.1/plugins/com.st.stm32cube.ide.mcu.externaltools.gnu-tools-for-stm32.10.3-2021.10.linux64_1.0.200.202301161003/tools/bin/../lib/gcc/arm-none-eabi/10.3.1/../../../../arm-none-eabi/lib/thumb/v7e-m+dp/hard/libc_nano.a(lib_a-nano-reallocr.o)
                0x00000000080083dc                _realloc_r
 *fill*         0x000000000800843a        0x2 
 .text._sbrk_r  0x000000000800843c       0x20 /opt/st/stm32cubeide_1.12.1/plugins/com.st.stm32cube.ide.mcu.externaltools.gnu-tools-for-stm32.10.3-2021.10.linux64_1.0.200.202301161003/tools/bin/../lib/gcc/arm-none-eabi/10.3.1/../../../../arm-none-eabi/lib/thumb/v7e-m+dp/hard/libc_nano.a(lib_a-sbrkr.o)
                0x000000000800843c                _sbrk_r
 .text.__malloc_lock
                0x000000000800845c        0xc /opt/st/stm32cubeide_1.12.1/plugins/com.st.stm32cube.ide.mcu.externaltools.gnu-tools-for-stm32.10.3-2021.10.linux64_1.0.200.202301161003/tools/bin/../lib/gcc/arm-none-eabi/10.3.1/../../../../arm-none-eabi/lib/thumb/v7e-m+dp/hard/libc_nano.a(lib_a-mlock.o)
                0x000000000800845c                __malloc_lock
 .text.__malloc_unlock
                0x0000000008008468        0xc /opt/st/stm32cubeide_1.12.1/plugins/com.st.stm32cube.ide.mcu.externaltools.gnu-tools-for-stm32.10.3-2021.10.linux64_1.0.200.202301161003/tools/bin/../lib/gcc/arm-none-eabi/10.3.1/../../../../arm-none-eabi/lib/thumb/v7e-m+dp/hard/libc_nano.a(lib_a-mlock.o)
                0x0000000008008468                __malloc_unlock
 .text._malloc_usable_size_r
                0x0000000008008474       0x10 /opt/st/stm32cubeide_1.12.1/plugins/com.st.stm32cube.ide.mcu.externaltools.gnu-tools-for-stm32.10.3-2021.10.linux64_1.0.200.202301161003/tools/bin/../lib/gcc/arm-none-eabi/10.3.1/../../../../arm-none-eabi/lib/thumb/v7e-m+dp/hard/libc_nano.a(lib_a-nano-msizer.o)
                0x0000000008008474                _malloc_usable_size_r
 .text.__retarget_lock_acquire_recursive
                0x0000000008008484        0x2 /opt/st/stm32cubeide_1.12.1/plugins/com.st.stm32cube.ide.mcu.externaltools.gnu-tools-for-stm32.10.3-2021.10.linux64_1.0.200.202301161003/tools/bin/../lib/gcc/arm-none-eabi/10.3.1/../../../../arm-none-eabi/lib/thumb/v7e-m+dp/hard/libc_nano.a(lib_a-lock.o)
                0x0000000008008484                __retarget_lock_acquire_recursive
 .text.__retarget_lock_release_recursive
                0x0000000008008486        0x2 /opt/st/stm32cubeide_1.12.1/plugins/com.st.stm32cube.ide.mcu.externaltools.gnu-tools-for-stm32.10.3-2021.10.linux64_1.0.200.202301161003/tools/bin/../lib/gcc/arm-none-eabi/10.3.1/../../../../arm-none-eabi/lib/thumb/v7e-m+dp/hard/libc_nano.a(lib_a-lock.o)
                0x0000000008008486                __retarget_lock_release_recursive
 *(.glue_7)
 .glue_7        0x0000000008008488        0x0 linker stubs
 *(.glue_7t)
 .glue_7t       0x0000000008008488        0x0 linker stubs
 *(.eh_frame)
 .eh_frame      0x0000000008008488        0x0 /opt/st/stm32cubeide_1.12.1/plugins/com.st.stm32cube.ide.mcu.externaltools.gnu-tools-for-stm32.10.3-2021.10.linux64_1.0.200.202301161003/tools/bin/../lib/gcc/arm-none-eabi/10.3.1/thumb/v7e-m+dp/hard/crtbegin.o
 *(.init)
 .init          0x0000000008008488        0x4 /opt/st/stm32cubeide_1.12.1/plugins/com.st.stm32cube.ide.mcu.externaltools.gnu-tools-for-stm32.10.3-2021.10.linux64_1.0.200.202301161003/tools/bin/../lib/gcc/arm-none-eabi/10.3.1/thumb/v7e-m+dp/hard/crti.o
                0x0000000008008488                _init
 .init          0x000000000800848c        0x8 /opt/st/stm32cubeide_1.12.1/plugins/com.st.stm32cube.ide.mcu.externaltools.gnu-tools-for-stm32.10.3-2021.10.linux64_1.0.200.202301161003/tools/bin/../lib/gcc/arm-none-eabi/10.3.1/thumb/v7e-m+dp/hard/crtn.o
 *(.fini)
 .fini          0x0000000008008494        0x4 /opt/st/stm32cubeide_1.12.1/plugins/com.st.stm32cube.ide.mcu.externaltools.gnu-tools-for-stm32.10.3-2021.10.linux64_1.0.200.202301161003/tools/bin/../lib/gcc/arm-none-eabi/10.3.1/thumb/v7e-m+dp/hard/crti.o
                0x0000000008008494                _fini
 .fini          0x0000000008008498        0x8 /opt/st/stm32cubeide_1.12.1/plugins/com.st.stm32cube.ide.mcu.externaltools.gnu-tools-for-stm32.10.3-2021.10.linux64_1.0.200.202301161003/tools/bin/../lib/gcc/arm-none-eabi/10.3.1/thumb/v7e-m+dp/hard/crtn.o
                0x00000000080084a0                . = ALIGN (0x4)
                0x00000000080084a0                _etext = .

.vfp11_veneer   0x00000000080084a0        0x0
 .vfp11_veneer  0x00000000080084a0        0x0 linker stubs

.v4_bx          0x00000000080084a0        0x0
 .v4_bx         0x00000000080084a0        0x0 linker stubs

.iplt           0x00000000080084a0        0x0
 .iplt          0x00000000080084a0        0x0 /opt/st/stm32cubeide_1.12.1/plugins/com.st.stm32cube.ide.mcu.externaltools.gnu-tools-for-stm32.10.3-2021.10.linux64_1.0.200.202301161003/tools/bin/../lib/gcc/arm-none-eabi/10.3.1/thumb/v7e-m+dp/hard/crtbegin.o

.rodata         0x00000000080084a0      0xac0
                0x00000000080084a0                . = ALIGN (0x4)
 *(.rodata)
 .rodata        0x00000000080084a0       0x16 ./Core/Src/main.o
 *(.rodata*)
 *fill*         0x00000000080084b6        0x2 
 .rodata.D1CorePrescTable
                0x00000000080084b8       0x10 ./Core/Src/system_stm32h7xx.o
                0x00000000080084b8                D1CorePrescTable
 .rodata.asc2_1206
                0x00000000080084c8      0x474 ./Drivers/BSP/ST7735/lcd.o
                0x00000000080084c8                asc2_1206
 .rodata.asc2_1608
                0x000000000800893c      0x5f0 ./Drivers/BSP/ST7735/lcd.o
                0x000000000800893c                asc2_1608
 .rodata._svfprintf_r.str1.1
                0x0000000008008f2c       0x11 /opt/st/stm32cubeide_1.12.1/plugins/com.st.stm32cube.ide.mcu.externaltools.gnu-tools-for-stm32.10.3-2021.10.linux64_1.0.200.202301161003/tools/bin/../lib/gcc/arm-none-eabi/10.3.1/../../../../arm-none-eabi/lib/thumb/v7e-m+dp/hard/libc_nano.a(lib_a-nano-svfprintf.o)
 .rodata._printf_i.str1.1
                0x0000000008008f3d       0x22 /opt/st/stm32cubeide_1.12.1/plugins/com.st.stm32cube.ide.mcu.externaltools.gnu-tools-for-stm32.10.3-2021.10.linux64_1.0.200.202301161003/tools/bin/../lib/gcc/arm-none-eabi/10.3.1/../../../../arm-none-eabi/lib/thumb/v7e-m+dp/hard/libc_nano.a(lib_a-nano-vfprintf_i.o)
                0x0000000008008f60                . = ALIGN (0x4)
 *fill*         0x0000000008008f5f        0x1 

.rel.dyn        0x0000000008008f60        0x0
 .rel.iplt      0x0000000008008f60        0x0 /opt/st/stm32cubeide_1.12.1/plugins/com.st.stm32cube.ide.mcu.externaltools.gnu-tools-for-stm32.10.3-2021.10.linux64_1.0.200.202301161003/tools/bin/../lib/gcc/arm-none-eabi/10.3.1/thumb/v7e-m+dp/hard/crtbegin.o

.ARM.extab
 *(.ARM.extab* .gnu.linkonce.armextab.*)

.ARM            0x0000000008008f60        0x0
                0x0000000008008f60                __exidx_start = .
 *(.ARM.exidx*)
                0x0000000008008f60                __exidx_end = .

.preinit_array  0x0000000008008f60        0x0
                0x0000000008008f60                PROVIDE (__preinit_array_start = .)
 *(.preinit_array*)
                0x0000000008008f60                PROVIDE (__preinit_array_end = .)

.init_array     0x0000000008008f60        0x4
                0x0000000008008f60                PROVIDE (__init_array_start = .)
 *(SORT_BY_NAME(.init_array.*))
 *(.init_array*)
 .init_array    0x0000000008008f60        0x4 /opt/st/stm32cubeide_1.12.1/plugins/com.st.stm32cube.ide.mcu.externaltools.gnu-tools-for-stm32.10.3-2021.10.linux64_1.0.200.202301161003/tools/bin/../lib/gcc/arm-none-eabi/10.3.1/thumb/v7e-m+dp/hard/crtbegin.o
                0x0000000008008f64                PROVIDE (__init_array_end = .)

.fini_array     0x0000000008008f64        0x4
                [!provide]                        PROVIDE (__fini_array_start = .)
 *(SORT_BY_NAME(.fini_array.*))
 *(.fini_array*)
 .fini_array    0x0000000008008f64        0x4 /opt/st/stm32cubeide_1.12.1/plugins/com.st.stm32cube.ide.mcu.externaltools.gnu-tools-for-stm32.10.3-2021.10.linux64_1.0.200.202301161003/tools/bin/../lib/gcc/arm-none-eabi/10.3.1/thumb/v7e-m+dp/hard/crtbegin.o
                [!provide]                        PROVIDE (__fini_array_end = .)
                0x0000000008008f68                _sidata = LOADADDR (.data)

.data           0x0000000024000000      0x104 load address 0x0000000008008f68
                0x0000000024000000                . = ALIGN (0x4)
                0x0000000024000000                _sdata = .
 *(.data)
 *(.data*)
 .data.SystemCoreClock
                0x0000000024000000        0x4 ./Core/Src/system_stm32h7xx.o
                0x0000000024000000                SystemCoreClock
 .data.SystemD2Clock
                0x0000000024000004        0x4 ./Core/Src/system_stm32h7xx.o
                0x0000000024000004                SystemD2Clock
 .data.st7735_pIO
                0x0000000024000008       0x20 ./Drivers/BSP/ST7735/lcd.o
                0x0000000024000008                st7735_pIO
 .data.POINT_COLOR
                0x0000000024000028        0x2 ./Drivers/BSP/ST7735/lcd.o
                0x0000000024000028                POINT_COLOR
 *fill*         0x000000002400002a        0x2 
 .data.ST7735_LCD_Driver
                0x000000002400002c       0x4c ./Drivers/BSP/ST7735/st7735.o
                0x000000002400002c                ST7735_LCD_Driver
 .data.OrientationTab
                0x0000000024000078       0x20 ./Drivers/BSP/ST7735/st7735.o
 .data.uwTickPrio
                0x0000000024000098        0x4 ./Drivers/STM32H7xx_HAL_Driver/Src/stm32h7xx_hal.o
                0x0000000024000098                uwTickPrio
 .data.uwTickFreq
                0x000000002400009c        0x1 ./Drivers/STM32H7xx_HAL_Driver/Src/stm32h7xx_hal.o
                0x000000002400009c                uwTickFreq
 *fill*         0x000000002400009d        0x3 
 .data._impure_ptr
                0x00000000240000a0        0x4 /opt/st/stm32cubeide_1.12.1/plugins/com.st.stm32cube.ide.mcu.externaltools.gnu-tools-for-stm32.10.3-2021.10.linux64_1.0.200.202301161003/tools/bin/../lib/gcc/arm-none-eabi/10.3.1/../../../../arm-none-eabi/lib/thumb/v7e-m+dp/hard/libc_nano.a(lib_a-impure.o)
                0x00000000240000a0                _impure_ptr
 .data.impure_data
                0x00000000240000a4       0x60 /opt/st/stm32cubeide_1.12.1/plugins/com.st.stm32cube.ide.mcu.externaltools.gnu-tools-for-stm32.10.3-2021.10.linux64_1.0.200.202301161003/tools/bin/../lib/gcc/arm-none-eabi/10.3.1/../../../../arm-none-eabi/lib/thumb/v7e-m+dp/hard/libc_nano.a(lib_a-impure.o)
 *(.RamFunc)
 *(.RamFunc*)
                0x0000000024000104                . = ALIGN (0x4)
                0x0000000024000104                _edata = .

.igot.plt       0x0000000024000104        0x0 load address 0x000000000800906c
 .igot.plt      0x0000000024000104        0x0 /opt/st/stm32cubeide_1.12.1/plugins/com.st.stm32cube.ide.mcu.externaltools.gnu-tools-for-stm32.10.3-2021.10.linux64_1.0.200.202301161003/tools/bin/../lib/gcc/arm-none-eabi/10.3.1/thumb/v7e-m+dp/hard/crtbegin.o
                0x0000000024000104                . = ALIGN (0x4)

.bss            0x0000000024000104      0x704 load address 0x000000000800906c
                0x0000000024000104                _sbss = .
                0x0000000024000104                __bss_start__ = _sbss
 *(.bss)
 .bss           0x0000000024000104       0x1c /opt/st/stm32cubeide_1.12.1/plugins/com.st.stm32cube.ide.mcu.externaltools.gnu-tools-for-stm32.10.3-2021.10.linux64_1.0.200.202301161003/tools/bin/../lib/gcc/arm-none-eabi/10.3.1/thumb/v7e-m+dp/hard/crtbegin.o
 *(.bss*)
 .bss.hrtc      0x0000000024000120       0x24 ./Core/Src/rtc.o
                0x0000000024000120                hrtc
 .bss.hspi1     0x0000000024000144       0x88 ./Core/Src/spi.o
                0x0000000024000144                hspi1
 .bss.hspi4     0x00000000240001cc       0x88 ./Core/Src/spi.o
                0x00000000240001cc                hspi4
 .bss.__sbrk_heap_end
                0x0000000024000254        0x4 ./Core/Src/sysmem.o
 .bss.htim1     0x0000000024000258       0x4c ./Core/Src/tim.o
                0x0000000024000258                htim1
 .bss.st7735_pObj
                0x00000000240002a4       0x38 ./Drivers/BSP/ST7735/lcd.o
                0x00000000240002a4                st7735_pObj
 .bss.st7735_id
                0x00000000240002dc        0x4 ./Drivers/BSP/ST7735/lcd.o
                0x00000000240002dc                st7735_id
 .bss.BACK_COLOR
                0x00000000240002e0        0x2 ./Drivers/BSP/ST7735/lcd.o
                0x00000000240002e0                BACK_COLOR
 *fill*         0x00000000240002e2        0x2 
 .bss.ST7735Ctx
                0x00000000240002e4       0x10 ./Drivers/BSP/ST7735/st7735.o
                0x00000000240002e4                ST7735Ctx
 .bss.pdata.1   0x00000000240002f4      0x280 ./Drivers/BSP/ST7735/st7735.o
 .bss.pdata.0   0x0000000024000574      0x280 ./Drivers/BSP/ST7735/st7735.o
 .bss.uwTick    0x00000000240007f4        0x4 ./Drivers/STM32H7xx_HAL_Driver/Src/stm32h7xx_hal.o
                0x00000000240007f4                uwTick
 .bss.__malloc_free_list
                0x00000000240007f8        0x4 /opt/st/stm32cubeide_1.12.1/plugins/com.st.stm32cube.ide.mcu.externaltools.gnu-tools-for-stm32.10.3-2021.10.linux64_1.0.200.202301161003/tools/bin/../lib/gcc/arm-none-eabi/10.3.1/../../../../arm-none-eabi/lib/thumb/v7e-m+dp/hard/libc_nano.a(lib_a-nano-mallocr.o)
                0x00000000240007f8                __malloc_free_list
 .bss.__malloc_sbrk_start
                0x00000000240007fc        0x4 /opt/st/stm32cubeide_1.12.1/plugins/com.st.stm32cube.ide.mcu.externaltools.gnu-tools-for-stm32.10.3-2021.10.linux64_1.0.200.202301161003/tools/bin/../lib/gcc/arm-none-eabi/10.3.1/../../../../arm-none-eabi/lib/thumb/v7e-m+dp/hard/libc_nano.a(lib_a-nano-mallocr.o)
                0x00000000240007fc                __malloc_sbrk_start
 .bss.errno     0x0000000024000800        0x4 /opt/st/stm32cubeide_1.12.1/plugins/com.st.stm32cube.ide.mcu.externaltools.gnu-tools-for-stm32.10.3-2021.10.linux64_1.0.200.202301161003/tools/bin/../lib/gcc/arm-none-eabi/10.3.1/../../../../arm-none-eabi/lib/thumb/v7e-m+dp/hard/libc_nano.a(lib_a-reent.o)
                0x0000000024000800                errno
 .bss.__lock___malloc_recursive_mutex
                0x0000000024000804        0x1 /opt/st/stm32cubeide_1.12.1/plugins/com.st.stm32cube.ide.mcu.externaltools.gnu-tools-for-stm32.10.3-2021.10.linux64_1.0.200.202301161003/tools/bin/../lib/gcc/arm-none-eabi/10.3.1/../../../../arm-none-eabi/lib/thumb/v7e-m+dp/hard/libc_nano.a(lib_a-lock.o)
                0x0000000024000804                __lock___malloc_recursive_mutex
 *(COMMON)
                0x0000000024000808                . = ALIGN (0x4)
 *fill*         0x0000000024000805        0x3 
                0x0000000024000808                _ebss = .
                0x0000000024000808                __bss_end__ = _ebss

._user_heap_stack
                0x0000000024000808      0x600 load address 0x000000000800906c
                0x0000000024000808                . = ALIGN (0x8)
                [!provide]                        PROVIDE (end = .)
                0x0000000024000808                PROVIDE (_end = .)
                0x0000000024000a08                . = (. + _Min_Heap_Size)
 *fill*         0x0000000024000808      0x200 
                0x0000000024000e08                . = (. + _Min_Stack_Size)
 *fill*         0x0000000024000a08      0x400 
                0x0000000024000e08                . = ALIGN (0x8)

/DISCARD/
 libc.a(*)
 libm.a(*)
 libgcc.a(*)

.ARM.attributes
                0x0000000000000000       0x2e
 *(.ARM.attributes)
 .ARM.attributes
                0x0000000000000000       0x1e /opt/st/stm32cubeide_1.12.1/plugins/com.st.stm32cube.ide.mcu.externaltools.gnu-tools-for-stm32.10.3-2021.10.linux64_1.0.200.202301161003/tools/bin/../lib/gcc/arm-none-eabi/10.3.1/thumb/v7e-m+dp/hard/crti.o
 .ARM.attributes
                0x000000000000001e       0x32 /opt/st/stm32cubeide_1.12.1/plugins/com.st.stm32cube.ide.mcu.externaltools.gnu-tools-for-stm32.10.3-2021.10.linux64_1.0.200.202301161003/tools/bin/../lib/gcc/arm-none-eabi/10.3.1/thumb/v7e-m+dp/hard/crtbegin.o
 .ARM.attributes
                0x0000000000000050       0x32 ./Core/Src/gpio.o
 .ARM.attributes
                0x0000000000000082       0x32 ./Core/Src/main.o
 .ARM.attributes
                0x00000000000000b4       0x32 ./Core/Src/rtc.o
 .ARM.attributes
                0x00000000000000e6       0x32 ./Core/Src/spi.o
 .ARM.attributes
                0x0000000000000118       0x32 ./Core/Src/stm32h7xx_hal_msp.o
 .ARM.attributes
                0x000000000000014a       0x32 ./Core/Src/stm32h7xx_it.o
 .ARM.attributes
                0x000000000000017c       0x32 ./Core/Src/sysmem.o
 .ARM.attributes
                0x00000000000001ae       0x32 ./Core/Src/system_stm32h7xx.o
 .ARM.attributes
                0x00000000000001e0       0x32 ./Core/Src/tim.o
 .ARM.attributes
                0x0000000000000212       0x21 ./Core/Startup/startup_stm32h750vbtx.o
 .ARM.attributes
                0x0000000000000233       0x32 ./Drivers/BSP/ST7735/lcd.o
 .ARM.attributes
                0x0000000000000265       0x32 ./Drivers/BSP/ST7735/st7735.o
 .ARM.attributes
                0x0000000000000297       0x32 ./Drivers/BSP/ST7735/st7735_reg.o
 .ARM.attributes
                0x00000000000002c9       0x32 ./Drivers/STM32H7xx_HAL_Driver/Src/stm32h7xx_hal.o
 .ARM.attributes
                0x00000000000002fb       0x32 ./Drivers/STM32H7xx_HAL_Driver/Src/stm32h7xx_hal_cortex.o
 .ARM.attributes
                0x000000000000032d       0x32 ./Drivers/STM32H7xx_HAL_Driver/Src/stm32h7xx_hal_gpio.o
 .ARM.attributes
                0x000000000000035f       0x32 ./Drivers/STM32H7xx_HAL_Driver/Src/stm32h7xx_hal_pwr.o
 .ARM.attributes
                0x0000000000000391       0x32 ./Drivers/STM32H7xx_HAL_Driver/Src/stm32h7xx_hal_pwr_ex.o
 .ARM.attributes
                0x00000000000003c3       0x32 ./Drivers/STM32H7xx_HAL_Driver/Src/stm32h7xx_hal_rcc.o
 .ARM.attributes
                0x00000000000003f5       0x32 ./Drivers/STM32H7xx_HAL_Driver/Src/stm32h7xx_hal_rcc_ex.o
 .ARM.attributes
                0x0000000000000427       0x32 ./Drivers/STM32H7xx_HAL_Driver/Src/stm32h7xx_hal_rtc.o
 .ARM.attributes
                0x0000000000000459       0x32 ./Drivers/STM32H7xx_HAL_Driver/Src/stm32h7xx_hal_spi.o
 .ARM.attributes
                0x000000000000048b       0x32 ./Drivers/STM32H7xx_HAL_Driver/Src/stm32h7xx_hal_tim.o
 .ARM.attributes
                0x00000000000004bd       0x32 ./Drivers/STM32H7xx_HAL_Driver/Src/stm32h7xx_hal_tim_ex.o
 .ARM.attributes
                0x00000000000004ef       0x32 /opt/st/stm32cubeide_1.12.1/plugins/com.st.stm32cube.ide.mcu.externaltools.gnu-tools-for-stm32.10.3-2021.10.linux64_1.0.200.202301161003/tools/bin/../lib/gcc/arm-none-eabi/10.3.1/../../../../arm-none-eabi/lib/thumb/v7e-m+dp/hard/libc_nano.a(lib_a-errno.o)
 .ARM.attributes
                0x0000000000000521       0x32 /opt/st/stm32cubeide_1.12.1/plugins/com.st.stm32cube.ide.mcu.externaltools.gnu-tools-for-stm32.10.3-2021.10.linux64_1.0.200.202301161003/tools/bin/../lib/gcc/arm-none-eabi/10.3.1/../../../../arm-none-eabi/lib/thumb/v7e-m+dp/hard/libc_nano.a(lib_a-impure.o)
 .ARM.attributes
                0x0000000000000553       0x32 /opt/st/stm32cubeide_1.12.1/plugins/com.st.stm32cube.ide.mcu.externaltools.gnu-tools-for-stm32.10.3-2021.10.linux64_1.0.200.202301161003/tools/bin/../lib/gcc/arm-none-eabi/10.3.1/../../../../arm-none-eabi/lib/thumb/v7e-m+dp/hard/libc_nano.a(lib_a-init.o)
 .ARM.attributes
                0x0000000000000585       0x32 /opt/st/stm32cubeide_1.12.1/plugins/com.st.stm32cube.ide.mcu.externaltools.gnu-tools-for-stm32.10.3-2021.10.linux64_1.0.200.202301161003/tools/bin/../lib/gcc/arm-none-eabi/10.3.1/../../../../arm-none-eabi/lib/thumb/v7e-m+dp/hard/libc_nano.a(lib_a-memset.o)
 .ARM.attributes
                0x00000000000005b7       0x32 /opt/st/stm32cubeide_1.12.1/plugins/com.st.stm32cube.ide.mcu.externaltools.gnu-tools-for-stm32.10.3-2021.10.linux64_1.0.200.202301161003/tools/bin/../lib/gcc/arm-none-eabi/10.3.1/../../../../arm-none-eabi/lib/thumb/v7e-m+dp/hard/libc_nano.a(lib_a-sprintf.o)
 .ARM.attributes
                0x00000000000005e9       0x32 /opt/st/stm32cubeide_1.12.1/plugins/com.st.stm32cube.ide.mcu.externaltools.gnu-tools-for-stm32.10.3-2021.10.linux64_1.0.200.202301161003/tools/bin/../lib/gcc/arm-none-eabi/10.3.1/../../../../arm-none-eabi/lib/thumb/v7e-m+dp/hard/libc_nano.a(lib_a-nano-svfprintf.o)
 .ARM.attributes
                0x000000000000061b       0x32 /opt/st/stm32cubeide_1.12.1/plugins/com.st.stm32cube.ide.mcu.externaltools.gnu-tools-for-stm32.10.3-2021.10.linux64_1.0.200.202301161003/tools/bin/../lib/gcc/arm-none-eabi/10.3.1/../../../../arm-none-eabi/lib/thumb/v7e-m+dp/hard/libc_nano.a(lib_a-nano-vfprintf_i.o)
 .ARM.attributes
                0x000000000000064d       0x1c /opt/st/stm32cubeide_1.12.1/plugins/com.st.stm32cube.ide.mcu.externaltools.gnu-tools-for-stm32.10.3-2021.10.linux64_1.0.200.202301161003/tools/bin/../lib/gcc/arm-none-eabi/10.3.1/../../../../arm-none-eabi/lib/thumb/v7e-m+dp/hard/libc_nano.a(lib_a-memchr.o)
 .ARM.attributes
                0x0000000000000669       0x32 /opt/st/stm32cubeide_1.12.1/plugins/com.st.stm32cube.ide.mcu.externaltools.gnu-tools-for-stm32.10.3-2021.10.linux64_1.0.200.202301161003/tools/bin/../lib/gcc/arm-none-eabi/10.3.1/../../../../arm-none-eabi/lib/thumb/v7e-m+dp/hard/libc_nano.a(lib_a-memcpy-stub.o)
 .ARM.attributes
                0x000000000000069b       0x32 /opt/st/stm32cubeide_1.12.1/plugins/com.st.stm32cube.ide.mcu.externaltools.gnu-tools-for-stm32.10.3-2021.10.linux64_1.0.200.202301161003/tools/bin/../lib/gcc/arm-none-eabi/10.3.1/../../../../arm-none-eabi/lib/thumb/v7e-m+dp/hard/libc_nano.a(lib_a-memmove.o)
 .ARM.attributes
                0x00000000000006cd       0x32 /opt/st/stm32cubeide_1.12.1/plugins/com.st.stm32cube.ide.mcu.externaltools.gnu-tools-for-stm32.10.3-2021.10.linux64_1.0.200.202301161003/tools/bin/../lib/gcc/arm-none-eabi/10.3.1/../../../../arm-none-eabi/lib/thumb/v7e-m+dp/hard/libc_nano.a(lib_a-nano-freer.o)
 .ARM.attributes
                0x00000000000006ff       0x32 /opt/st/stm32cubeide_1.12.1/plugins/com.st.stm32cube.ide.mcu.externaltools.gnu-tools-for-stm32.10.3-2021.10.linux64_1.0.200.202301161003/tools/bin/../lib/gcc/arm-none-eabi/10.3.1/../../../../arm-none-eabi/lib/thumb/v7e-m+dp/hard/libc_nano.a(lib_a-nano-mallocr.o)
 .ARM.attributes
                0x0000000000000731       0x32 /opt/st/stm32cubeide_1.12.1/plugins/com.st.stm32cube.ide.mcu.externaltools.gnu-tools-for-stm32.10.3-2021.10.linux64_1.0.200.202301161003/tools/bin/../lib/gcc/arm-none-eabi/10.3.1/../../../../arm-none-eabi/lib/thumb/v7e-m+dp/hard/libc_nano.a(lib_a-nano-reallocr.o)
 .ARM.attributes
                0x0000000000000763       0x32 /opt/st/stm32cubeide_1.12.1/plugins/com.st.stm32cube.ide.mcu.externaltools.gnu-tools-for-stm32.10.3-2021.10.linux64_1.0.200.202301161003/tools/bin/../lib/gcc/arm-none-eabi/10.3.1/../../../../arm-none-eabi/lib/thumb/v7e-m+dp/hard/libc_nano.a(lib_a-sbrkr.o)
 .ARM.attributes
                0x0000000000000795       0x32 /opt/st/stm32cubeide_1.12.1/plugins/com.st.stm32cube.ide.mcu.externaltools.gnu-tools-for-stm32.10.3-2021.10.linux64_1.0.200.202301161003/tools/bin/../lib/gcc/arm-none-eabi/10.3.1/../../../../arm-none-eabi/lib/thumb/v7e-m+dp/hard/libc_nano.a(lib_a-mlock.o)
 .ARM.attributes
                0x00000000000007c7       0x32 /opt/st/stm32cubeide_1.12.1/plugins/com.st.stm32cube.ide.mcu.externaltools.gnu-tools-for-stm32.10.3-2021.10.linux64_1.0.200.202301161003/tools/bin/../lib/gcc/arm-none-eabi/10.3.1/../../../../arm-none-eabi/lib/thumb/v7e-m+dp/hard/libc_nano.a(lib_a-nano-msizer.o)
 .ARM.attributes
                0x00000000000007f9       0x32 /opt/st/stm32cubeide_1.12.1/plugins/com.st.stm32cube.ide.mcu.externaltools.gnu-tools-for-stm32.10.3-2021.10.linux64_1.0.200.202301161003/tools/bin/../lib/gcc/arm-none-eabi/10.3.1/../../../../arm-none-eabi/lib/thumb/v7e-m+dp/hard/libc_nano.a(lib_a-reent.o)
 .ARM.attributes
                0x000000000000082b       0x32 /opt/st/stm32cubeide_1.12.1/plugins/com.st.stm32cube.ide.mcu.externaltools.gnu-tools-for-stm32.10.3-2021.10.linux64_1.0.200.202301161003/tools/bin/../lib/gcc/arm-none-eabi/10.3.1/../../../../arm-none-eabi/lib/thumb/v7e-m+dp/hard/libc_nano.a(lib_a-lock.o)
 .ARM.attributes
                0x000000000000085d       0x1e /opt/st/stm32cubeide_1.12.1/plugins/com.st.stm32cube.ide.mcu.externaltools.gnu-tools-for-stm32.10.3-2021.10.linux64_1.0.200.202301161003/tools/bin/../lib/gcc/arm-none-eabi/10.3.1/thumb/v7e-m+dp/hard/crtn.o
OUTPUT(LCD_Test.elf elf32-littlearm)
LOAD linker stubs
LOAD /opt/st/stm32cubeide_1.12.1/plugins/com.st.stm32cube.ide.mcu.externaltools.gnu-tools-for-stm32.10.3-2021.10.linux64_1.0.200.202301161003/tools/bin/../lib/gcc/arm-none-eabi/10.3.1/../../../../arm-none-eabi/lib/thumb/v7e-m+dp/hard/libc.a
LOAD /opt/st/stm32cubeide_1.12.1/plugins/com.st.stm32cube.ide.mcu.externaltools.gnu-tools-for-stm32.10.3-2021.10.linux64_1.0.200.202301161003/tools/bin/../lib/gcc/arm-none-eabi/10.3.1/../../../../arm-none-eabi/lib/thumb/v7e-m+dp/hard/libm.a
LOAD /opt/st/stm32cubeide_1.12.1/plugins/com.st.stm32cube.ide.mcu.externaltools.gnu-tools-for-stm32.10.3-2021.10.linux64_1.0.200.202301161003/tools/bin/../lib/gcc/arm-none-eabi/10.3.1/thumb/v7e-m+dp/hard/libgcc.a

.debug_info     0x0000000000000000    0x17052
 .debug_info    0x0000000000000000      0x68b ./Core/Src/gpio.o
 .debug_info    0x000000000000068b     0x1b7b ./Core/Src/main.o
 .debug_info    0x0000000000002206      0xdb4 ./Core/Src/rtc.o
 .debug_info    0x0000000000002fba     0x1147 ./Core/Src/spi.o
 .debug_info    0x0000000000004101      0x4a4 ./Core/Src/stm32h7xx_hal_msp.o
 .debug_info    0x00000000000045a5      0x137 ./Core/Src/stm32h7xx_it.o
 .debug_info    0x00000000000046dc      0x171 ./Core/Src/sysmem.o
 .debug_info    0x000000000000484d      0xd07 ./Core/Src/system_stm32h7xx.o
 .debug_info    0x0000000000005554      0xfe7 ./Core/Src/tim.o
 .debug_info    0x000000000000653b       0x22 ./Core/Startup/startup_stm32h750vbtx.o
 .debug_info    0x000000000000655d     0x1953 ./Drivers/BSP/ST7735/lcd.o
 .debug_info    0x0000000000007eb0     0x121d ./Drivers/BSP/ST7735/st7735.o
 .debug_info    0x00000000000090cd      0x2da ./Drivers/BSP/ST7735/st7735_reg.o
 .debug_info    0x00000000000093a7     0x15dd ./Drivers/STM32H7xx_HAL_Driver/Src/stm32h7xx_hal.o
 .debug_info    0x000000000000a984     0x1173 ./Drivers/STM32H7xx_HAL_Driver/Src/stm32h7xx_hal_cortex.o
 .debug_info    0x000000000000baf7      0xd28 ./Drivers/STM32H7xx_HAL_Driver/Src/stm32h7xx_hal_gpio.o
 .debug_info    0x000000000000c81f      0x961 ./Drivers/STM32H7xx_HAL_Driver/Src/stm32h7xx_hal_pwr.o
 .debug_info    0x000000000000d180     0x109d ./Drivers/STM32H7xx_HAL_Driver/Src/stm32h7xx_hal_pwr_ex.o
 .debug_info    0x000000000000e21d      0xf4a ./Drivers/STM32H7xx_HAL_Driver/Src/stm32h7xx_hal_rcc.o
 .debug_info    0x000000000000f167     0x12d9 ./Drivers/STM32H7xx_HAL_Driver/Src/stm32h7xx_hal_rcc_ex.o
 .debug_info    0x0000000000010440      0xf49 ./Drivers/STM32H7xx_HAL_Driver/Src/stm32h7xx_hal_rtc.o
 .debug_info    0x0000000000011389     0x159c ./Drivers/STM32H7xx_HAL_Driver/Src/stm32h7xx_hal_spi.o
 .debug_info    0x0000000000012925     0x2e05 ./Drivers/STM32H7xx_HAL_Driver/Src/stm32h7xx_hal_tim.o
 .debug_info    0x000000000001572a     0x1928 ./Drivers/STM32H7xx_HAL_Driver/Src/stm32h7xx_hal_tim_ex.o

.debug_abbrev   0x0000000000000000     0x2e3a
 .debug_abbrev  0x0000000000000000      0x17b ./Core/Src/gpio.o
 .debug_abbrev  0x000000000000017b      0x314 ./Core/Src/main.o
 .debug_abbrev  0x000000000000048f      0x1c1 ./Core/Src/rtc.o
 .debug_abbrev  0x0000000000000650      0x21c ./Core/Src/spi.o
 .debug_abbrev  0x000000000000086c       0xda ./Core/Src/stm32h7xx_hal_msp.o
 .debug_abbrev  0x0000000000000946       0x74 ./Core/Src/stm32h7xx_it.o
 .debug_abbrev  0x00000000000009ba       0xbb ./Core/Src/sysmem.o
 .debug_abbrev  0x0000000000000a75      0x147 ./Core/Src/system_stm32h7xx.o
 .debug_abbrev  0x0000000000000bbc      0x22b ./Core/Src/tim.o
 .debug_abbrev  0x0000000000000de7       0x12 ./Core/Startup/startup_stm32h750vbtx.o
 .debug_abbrev  0x0000000000000df9      0x345 ./Drivers/BSP/ST7735/lcd.o
 .debug_abbrev  0x000000000000113e      0x1fd ./Drivers/BSP/ST7735/st7735.o
 .debug_abbrev  0x000000000000133b       0xda ./Drivers/BSP/ST7735/st7735_reg.o
 .debug_abbrev  0x0000000000001415      0x289 ./Drivers/STM32H7xx_HAL_Driver/Src/stm32h7xx_hal.o
 .debug_abbrev  0x000000000000169e      0x329 ./Drivers/STM32H7xx_HAL_Driver/Src/stm32h7xx_hal_cortex.o
 .debug_abbrev  0x00000000000019c7      0x1ec ./Drivers/STM32H7xx_HAL_Driver/Src/stm32h7xx_hal_gpio.o
 .debug_abbrev  0x0000000000001bb3      0x182 ./Drivers/STM32H7xx_HAL_Driver/Src/stm32h7xx_hal_pwr.o
 .debug_abbrev  0x0000000000001d35      0x28f ./Drivers/STM32H7xx_HAL_Driver/Src/stm32h7xx_hal_pwr_ex.o
 .debug_abbrev  0x0000000000001fc4      0x2b8 ./Drivers/STM32H7xx_HAL_Driver/Src/stm32h7xx_hal_rcc.o
 .debug_abbrev  0x000000000000227c      0x25c ./Drivers/STM32H7xx_HAL_Driver/Src/stm32h7xx_hal_rcc_ex.o
 .debug_abbrev  0x00000000000024d8      0x1f0 ./Drivers/STM32H7xx_HAL_Driver/Src/stm32h7xx_hal_rtc.o
 .debug_abbrev  0x00000000000026c8      0x2a2 ./Drivers/STM32H7xx_HAL_Driver/Src/stm32h7xx_hal_spi.o
 .debug_abbrev  0x000000000000296a      0x264 ./Drivers/STM32H7xx_HAL_Driver/Src/stm32h7xx_hal_tim.o
 .debug_abbrev  0x0000000000002bce      0x26c ./Drivers/STM32H7xx_HAL_Driver/Src/stm32h7xx_hal_tim_ex.o

.debug_aranges  0x0000000000000000     0x1218
 .debug_aranges
                0x0000000000000000       0x20 ./Core/Src/gpio.o
 .debug_aranges
                0x0000000000000020       0x68 ./Core/Src/main.o
 .debug_aranges
                0x0000000000000088       0x30 ./Core/Src/rtc.o
 .debug_aranges
                0x00000000000000b8       0x38 ./Core/Src/spi.o
 .debug_aranges
                0x00000000000000f0       0x20 ./Core/Src/stm32h7xx_hal_msp.o
 .debug_aranges
                0x0000000000000110       0x60 ./Core/Src/stm32h7xx_it.o
 .debug_aranges
                0x0000000000000170       0x20 ./Core/Src/sysmem.o
 .debug_aranges
                0x0000000000000190       0x28 ./Core/Src/system_stm32h7xx.o
 .debug_aranges
                0x00000000000001b8       0x38 ./Core/Src/tim.o
 .debug_aranges
                0x00000000000001f0       0x28 ./Core/Startup/startup_stm32h750vbtx.o
 .debug_aranges
                0x0000000000000218       0x88 ./Drivers/BSP/ST7735/lcd.o
 .debug_aranges
                0x00000000000002a0       0xe8 ./Drivers/BSP/ST7735/st7735.o
 .debug_aranges
                0x0000000000000388       0x38 ./Drivers/BSP/ST7735/st7735_reg.o
 .debug_aranges
                0x00000000000003c0      0x198 ./Drivers/STM32H7xx_HAL_Driver/Src/stm32h7xx_hal.o
 .debug_aranges
                0x0000000000000558      0x120 ./Drivers/STM32H7xx_HAL_Driver/Src/stm32h7xx_hal_cortex.o
 .debug_aranges
                0x0000000000000678       0x58 ./Drivers/STM32H7xx_HAL_Driver/Src/stm32h7xx_hal_gpio.o
 .debug_aranges
                0x00000000000006d0       0xa0 ./Drivers/STM32H7xx_HAL_Driver/Src/stm32h7xx_hal_pwr.o
 .debug_aranges
                0x0000000000000770      0x158 ./Drivers/STM32H7xx_HAL_Driver/Src/stm32h7xx_hal_pwr_ex.o
 .debug_aranges
                0x00000000000008c8       0x88 ./Drivers/STM32H7xx_HAL_Driver/Src/stm32h7xx_hal_rcc.o
 .debug_aranges
                0x0000000000000950       0xf8 ./Drivers/STM32H7xx_HAL_Driver/Src/stm32h7xx_hal_rcc_ex.o
 .debug_aranges
                0x0000000000000a48       0xc0 ./Drivers/STM32H7xx_HAL_Driver/Src/stm32h7xx_hal_rtc.o
 .debug_aranges
                0x0000000000000b08      0x1a8 ./Drivers/STM32H7xx_HAL_Driver/Src/stm32h7xx_hal_spi.o
 .debug_aranges
                0x0000000000000cb0      0x3e0 ./Drivers/STM32H7xx_HAL_Driver/Src/stm32h7xx_hal_tim.o
 .debug_aranges
                0x0000000000001090      0x188 ./Drivers/STM32H7xx_HAL_Driver/Src/stm32h7xx_hal_tim_ex.o

.debug_ranges   0x0000000000000000     0x10a0
 .debug_ranges  0x0000000000000000       0x10 ./Core/Src/gpio.o
 .debug_ranges  0x0000000000000010       0x58 ./Core/Src/main.o
 .debug_ranges  0x0000000000000068       0x20 ./Core/Src/rtc.o
 .debug_ranges  0x0000000000000088       0x28 ./Core/Src/spi.o
 .debug_ranges  0x00000000000000b0       0x10 ./Core/Src/stm32h7xx_hal_msp.o
 .debug_ranges  0x00000000000000c0       0x50 ./Core/Src/stm32h7xx_it.o
 .debug_ranges  0x0000000000000110       0x10 ./Core/Src/sysmem.o
 .debug_ranges  0x0000000000000120       0x18 ./Core/Src/system_stm32h7xx.o
 .debug_ranges  0x0000000000000138       0x28 ./Core/Src/tim.o
 .debug_ranges  0x0000000000000160       0x20 ./Core/Startup/startup_stm32h750vbtx.o
 .debug_ranges  0x0000000000000180       0x78 ./Drivers/BSP/ST7735/lcd.o
 .debug_ranges  0x00000000000001f8       0xd8 ./Drivers/BSP/ST7735/st7735.o
 .debug_ranges  0x00000000000002d0       0x28 ./Drivers/BSP/ST7735/st7735_reg.o
 .debug_ranges  0x00000000000002f8      0x188 ./Drivers/STM32H7xx_HAL_Driver/Src/stm32h7xx_hal.o
 .debug_ranges  0x0000000000000480      0x110 ./Drivers/STM32H7xx_HAL_Driver/Src/stm32h7xx_hal_cortex.o
 .debug_ranges  0x0000000000000590       0x48 ./Drivers/STM32H7xx_HAL_Driver/Src/stm32h7xx_hal_gpio.o
 .debug_ranges  0x00000000000005d8       0x90 ./Drivers/STM32H7xx_HAL_Driver/Src/stm32h7xx_hal_pwr.o
 .debug_ranges  0x0000000000000668      0x148 ./Drivers/STM32H7xx_HAL_Driver/Src/stm32h7xx_hal_pwr_ex.o
 .debug_ranges  0x00000000000007b0       0x78 ./Drivers/STM32H7xx_HAL_Driver/Src/stm32h7xx_hal_rcc.o
 .debug_ranges  0x0000000000000828       0xe8 ./Drivers/STM32H7xx_HAL_Driver/Src/stm32h7xx_hal_rcc_ex.o
 .debug_ranges  0x0000000000000910       0xb0 ./Drivers/STM32H7xx_HAL_Driver/Src/stm32h7xx_hal_rtc.o
 .debug_ranges  0x00000000000009c0      0x198 ./Drivers/STM32H7xx_HAL_Driver/Src/stm32h7xx_hal_spi.o
 .debug_ranges  0x0000000000000b58      0x3d0 ./Drivers/STM32H7xx_HAL_Driver/Src/stm32h7xx_hal_tim.o
 .debug_ranges  0x0000000000000f28      0x178 ./Drivers/STM32H7xx_HAL_Driver/Src/stm32h7xx_hal_tim_ex.o

.debug_macro    0x0000000000000000    0x397d1
 .debug_macro   0x0000000000000000      0x2e0 ./Core/Src/gpio.o
 .debug_macro   0x00000000000002e0      0xa90 ./Core/Src/gpio.o
 .debug_macro   0x0000000000000d70      0x23e ./Core/Src/gpio.o
 .debug_macro   0x0000000000000fae       0x2e ./Core/Src/gpio.o
 .debug_macro   0x0000000000000fdc       0x3b ./Core/Src/gpio.o
 .debug_macro   0x0000000000001017       0x22 ./Core/Src/gpio.o
 .debug_macro   0x0000000000001039       0x8e ./Core/Src/gpio.o
 .debug_macro   0x00000000000010c7       0x51 ./Core/Src/gpio.o
 .debug_macro   0x0000000000001118      0x103 ./Core/Src/gpio.o
 .debug_macro   0x000000000000121b       0x6a ./Core/Src/gpio.o
 .debug_macro   0x0000000000001285      0x1df ./Core/Src/gpio.o
 .debug_macro   0x0000000000001464       0x1c ./Core/Src/gpio.o
 .debug_macro   0x0000000000001480       0x22 ./Core/Src/gpio.o
 .debug_macro   0x00000000000014a2       0xfb ./Core/Src/gpio.o
 .debug_macro   0x000000000000159d     0x1305 ./Core/Src/gpio.o
 .debug_macro   0x00000000000028a2      0x11f ./Core/Src/gpio.o
 .debug_macro   0x00000000000029c1       0x27 ./Core/Src/gpio.o
 .debug_macro   0x00000000000029e8    0x25e77 ./Core/Src/gpio.o
 .debug_macro   0x000000000002885f       0x6d ./Core/Src/gpio.o
 .debug_macro   0x00000000000288cc     0x3d5d ./Core/Src/gpio.o
 .debug_macro   0x000000000002c629      0x174 ./Core/Src/gpio.o
 .debug_macro   0x000000000002c79d       0x52 ./Core/Src/gpio.o
 .debug_macro   0x000000000002c7ef       0x1d ./Core/Src/gpio.o
 .debug_macro   0x000000000002c80c       0x3c ./Core/Src/gpio.o
 .debug_macro   0x000000000002c848       0x34 ./Core/Src/gpio.o
 .debug_macro   0x000000000002c87c       0x16 ./Core/Src/gpio.o
 .debug_macro   0x000000000002c892       0x43 ./Core/Src/gpio.o
 .debug_macro   0x000000000002c8d5       0x34 ./Core/Src/gpio.o
 .debug_macro   0x000000000002c909       0x10 ./Core/Src/gpio.o
 .debug_macro   0x000000000002c919       0x58 ./Core/Src/gpio.o
 .debug_macro   0x000000000002c971       0x71 ./Core/Src/gpio.o
 .debug_macro   0x000000000002c9e2       0x1c ./Core/Src/gpio.o
 .debug_macro   0x000000000002c9fe      0x12a ./Core/Src/gpio.o
 .debug_macro   0x000000000002cb28      0x341 ./Core/Src/gpio.o
 .debug_macro   0x000000000002ce69      0x19b ./Core/Src/gpio.o
 .debug_macro   0x000000000002d004       0x5d ./Core/Src/gpio.o
 .debug_macro   0x000000000002d061     0x240e ./Core/Src/gpio.o
 .debug_macro   0x000000000002f46f     0x102c ./Core/Src/gpio.o
 .debug_macro   0x000000000003049b      0x154 ./Core/Src/gpio.o
 .debug_macro   0x00000000000305ef      0x114 ./Core/Src/gpio.o
 .debug_macro   0x0000000000030703      0x3b2 ./Core/Src/gpio.o
 .debug_macro   0x0000000000030ab5       0xac ./Core/Src/gpio.o
 .debug_macro   0x0000000000030b61      0x72d ./Core/Src/gpio.o
 .debug_macro   0x000000000003128e      0x228 ./Core/Src/gpio.o
 .debug_macro   0x00000000000314b6       0x66 ./Core/Src/gpio.o
 .debug_macro   0x000000000003151c      0x3bb ./Core/Src/gpio.o
 .debug_macro   0x00000000000318d7      0x3e4 ./Core/Src/gpio.o
 .debug_macro   0x0000000000031cbb      0x275 ./Core/Src/gpio.o
 .debug_macro   0x0000000000031f30      0x3ca ./Core/Src/gpio.o
 .debug_macro   0x00000000000322fa      0x3de ./Core/Src/gpio.o
 .debug_macro   0x00000000000326d8       0x3c ./Core/Src/gpio.o
 .debug_macro   0x0000000000032714       0x4a ./Core/Src/gpio.o
 .debug_macro   0x000000000003275e      0x22c ./Core/Src/gpio.o
 .debug_macro   0x000000000003298a       0x67 ./Core/Src/gpio.o
 .debug_macro   0x00000000000329f1       0xa5 ./Core/Src/gpio.o
 .debug_macro   0x0000000000032a96      0x1c4 ./Core/Src/gpio.o
 .debug_macro   0x0000000000032c5a      0x25e ./Core/Src/gpio.o
 .debug_macro   0x0000000000032eb8       0x35 ./Core/Src/gpio.o
 .debug_macro   0x0000000000032eed      0x328 ./Core/Src/gpio.o
 .debug_macro   0x0000000000033215      0x662 ./Core/Src/gpio.o
 .debug_macro   0x0000000000033877       0xeb ./Core/Src/gpio.o
 .debug_macro   0x0000000000033962      0x5e4 ./Core/Src/gpio.o
 .debug_macro   0x0000000000033f46       0xba ./Core/Src/gpio.o
 .debug_macro   0x0000000000034000      0xaf3 ./Core/Src/gpio.o
 .debug_macro   0x0000000000034af3      0x29f ./Core/Src/gpio.o
 .debug_macro   0x0000000000034d92      0x5a0 ./Core/Src/gpio.o
 .debug_macro   0x0000000000035332       0x4c ./Core/Src/gpio.o
 .debug_macro   0x000000000003537e      0x3ee ./Core/Src/main.o
 .debug_macro   0x000000000003576c      0x154 ./Core/Src/main.o
 .debug_macro   0x00000000000358c0       0x9e ./Core/Src/main.o
 .debug_macro   0x000000000003595e       0x1c ./Core/Src/main.o
 .debug_macro   0x000000000003597a       0x35 ./Core/Src/main.o
 .debug_macro   0x00000000000359af       0x10 ./Core/Src/main.o
 .debug_macro   0x00000000000359bf       0x10 ./Core/Src/main.o
 .debug_macro   0x00000000000359cf       0x1c ./Core/Src/main.o
 .debug_macro   0x00000000000359eb       0x52 ./Core/Src/main.o
 .debug_macro   0x0000000000035a3d       0x22 ./Core/Src/main.o
 .debug_macro   0x0000000000035a5f       0x10 ./Core/Src/main.o
 .debug_macro   0x0000000000035a6f       0x52 ./Core/Src/main.o
 .debug_macro   0x0000000000035ac1       0xd5 ./Core/Src/main.o
 .debug_macro   0x0000000000035b96       0x1c ./Core/Src/main.o
 .debug_macro   0x0000000000035bb2       0x3d ./Core/Src/main.o
 .debug_macro   0x0000000000035bef       0x16 ./Core/Src/main.o
 .debug_macro   0x0000000000035c05      0x145 ./Core/Src/main.o
 .debug_macro   0x0000000000035d4a       0x6a ./Core/Src/main.o
 .debug_macro   0x0000000000035db4      0x2e0 ./Core/Src/rtc.o
 .debug_macro   0x0000000000036094      0x2e0 ./Core/Src/spi.o
 .debug_macro   0x0000000000036374      0x2d6 ./Core/Src/stm32h7xx_hal_msp.o
 .debug_macro   0x000000000003664a      0x2e0 ./Core/Src/stm32h7xx_it.o
 .debug_macro   0x000000000003692a       0xff ./Core/Src/sysmem.o
 .debug_macro   0x0000000000036a29      0x23b ./Core/Src/sysmem.o
 .debug_macro   0x0000000000036c64      0x2c7 ./Core/Src/system_stm32h7xx.o
 .debug_macro   0x0000000000036f2b      0x2e0 ./Core/Src/tim.o
 .debug_macro   0x000000000003720b      0x40e ./Drivers/BSP/ST7735/lcd.o
 .debug_macro   0x0000000000037619       0x8a ./Drivers/BSP/ST7735/st7735.o
 .debug_macro   0x00000000000376a3      0x14e ./Drivers/BSP/ST7735/st7735.o
 .debug_macro   0x00000000000377f1       0x72 ./Drivers/BSP/ST7735/st7735_reg.o
 .debug_macro   0x0000000000037863      0x2f1 ./Drivers/STM32H7xx_HAL_Driver/Src/stm32h7xx_hal.o
 .debug_macro   0x0000000000037b54      0x2c7 ./Drivers/STM32H7xx_HAL_Driver/Src/stm32h7xx_hal_cortex.o
 .debug_macro   0x0000000000037e1b      0x2ce ./Drivers/STM32H7xx_HAL_Driver/Src/stm32h7xx_hal_gpio.o
 .debug_macro   0x00000000000380e9      0x2eb ./Drivers/STM32H7xx_HAL_Driver/Src/stm32h7xx_hal_pwr.o
 .debug_macro   0x00000000000383d4      0x300 ./Drivers/STM32H7xx_HAL_Driver/Src/stm32h7xx_hal_pwr_ex.o
 .debug_macro   0x00000000000386d4      0x2eb ./Drivers/STM32H7xx_HAL_Driver/Src/stm32h7xx_hal_rcc.o
 .debug_macro   0x00000000000389bf      0x2e5 ./Drivers/STM32H7xx_HAL_Driver/Src/stm32h7xx_hal_rcc_ex.o
 .debug_macro   0x0000000000038ca4      0x2c8 ./Drivers/STM32H7xx_HAL_Driver/Src/stm32h7xx_hal_rtc.o
 .debug_macro   0x0000000000038f6c      0x2d6 ./Drivers/STM32H7xx_HAL_Driver/Src/stm32h7xx_hal_spi.o
 .debug_macro   0x0000000000039242      0x2c8 ./Drivers/STM32H7xx_HAL_Driver/Src/stm32h7xx_hal_tim.o
 .debug_macro   0x000000000003950a      0x2c7 ./Drivers/STM32H7xx_HAL_Driver/Src/stm32h7xx_hal_tim_ex.o

.debug_line     0x0000000000000000    0x1716e
 .debug_line    0x0000000000000000      0x899 ./Core/Src/gpio.o
 .debug_line    0x0000000000000899      0xb20 ./Core/Src/main.o
 .debug_line    0x00000000000013b9      0x8e8 ./Core/Src/rtc.o
 .debug_line    0x0000000000001ca1      0x999 ./Core/Src/spi.o
 .debug_line    0x000000000000263a      0x856 ./Core/Src/stm32h7xx_hal_msp.o
 .debug_line    0x0000000000002e90      0x91a ./Core/Src/stm32h7xx_it.o
 .debug_line    0x00000000000037aa      0x4c7 ./Core/Src/sysmem.o
 .debug_line    0x0000000000003c71      0xa07 ./Core/Src/system_stm32h7xx.o
 .debug_line    0x0000000000004678      0x935 ./Core/Src/tim.o
 .debug_line    0x0000000000004fad       0x88 ./Core/Startup/startup_stm32h750vbtx.o
 .debug_line    0x0000000000005035      0xdee ./Drivers/BSP/ST7735/lcd.o
 .debug_line    0x0000000000005e23      0xef4 ./Drivers/BSP/ST7735/st7735.o
 .debug_line    0x0000000000006d17      0x3d5 ./Drivers/BSP/ST7735/st7735_reg.o
 .debug_line    0x00000000000070ec      0xe05 ./Drivers/STM32H7xx_HAL_Driver/Src/stm32h7xx_hal.o
 .debug_line    0x0000000000007ef1      0xe0b ./Drivers/STM32H7xx_HAL_Driver/Src/stm32h7xx_hal_cortex.o
 .debug_line    0x0000000000008cfc      0xcc8 ./Drivers/STM32H7xx_HAL_Driver/Src/stm32h7xx_hal_gpio.o
 .debug_line    0x00000000000099c4      0xa70 ./Drivers/STM32H7xx_HAL_Driver/Src/stm32h7xx_hal_pwr.o
 .debug_line    0x000000000000a434      0xf1f ./Drivers/STM32H7xx_HAL_Driver/Src/stm32h7xx_hal_pwr_ex.o
 .debug_line    0x000000000000b353     0x13d5 ./Drivers/STM32H7xx_HAL_Driver/Src/stm32h7xx_hal_rcc.o
 .debug_line    0x000000000000c728     0x1ca3 ./Drivers/STM32H7xx_HAL_Driver/Src/stm32h7xx_hal_rcc_ex.o
 .debug_line    0x000000000000e3cb     0x11e8 ./Drivers/STM32H7xx_HAL_Driver/Src/stm32h7xx_hal_rtc.o
 .debug_line    0x000000000000f5b3     0x1f14 ./Drivers/STM32H7xx_HAL_Driver/Src/stm32h7xx_hal_spi.o
 .debug_line    0x00000000000114c7     0x3ef6 ./Drivers/STM32H7xx_HAL_Driver/Src/stm32h7xx_hal_tim.o
 .debug_line    0x00000000000153bd     0x1db1 ./Drivers/STM32H7xx_HAL_Driver/Src/stm32h7xx_hal_tim_ex.o

.debug_str      0x0000000000000000   0x1699f0
 .debug_str     0x0000000000000000   0x161c2e ./Core/Src/gpio.o
                                     0x16207c (size before relaxing)
 .debug_str     0x0000000000161c2e     0x2501 ./Core/Src/main.o
                                     0x1645e9 (size before relaxing)
 .debug_str     0x000000000016412f      0x397 ./Core/Src/rtc.o
                                     0x1626d2 (size before relaxing)
 .debug_str     0x00000000001644c6       0x61 ./Core/Src/spi.o
                                     0x162a38 (size before relaxing)
 .debug_str     0x0000000000164527       0x2c ./Core/Src/stm32h7xx_hal_msp.o
                                     0x161fb1 (size before relaxing)
 .debug_str     0x0000000000164553       0xc9 ./Core/Src/stm32h7xx_it.o
                                     0x161e10 (size before relaxing)
 .debug_str     0x000000000016461c      0x4da ./Core/Src/sysmem.o
                                       0x5e0d (size before relaxing)
 .debug_str     0x0000000000164af6      0x344 ./Core/Src/system_stm32h7xx.o
                                     0x1621e1 (size before relaxing)
 .debug_str     0x0000000000164e3a      0x4f8 ./Core/Src/tim.o
                                     0x162919 (size before relaxing)
 .debug_str     0x0000000000165332       0x36 ./Core/Startup/startup_stm32h750vbtx.o
                                         0x6e (size before relaxing)
 .debug_str     0x0000000000165368      0x52e ./Drivers/BSP/ST7735/lcd.o
                                     0x164634 (size before relaxing)
 .debug_str     0x0000000000165896      0x271 ./Drivers/BSP/ST7735/st7735.o
                                       0x4cae (size before relaxing)
 .debug_str     0x0000000000165b07       0x23 ./Drivers/BSP/ST7735/st7735_reg.o
                                       0x42c1 (size before relaxing)
 .debug_str     0x0000000000165b2a      0xf9a ./Drivers/STM32H7xx_HAL_Driver/Src/stm32h7xx_hal.o
                                     0x163106 (size before relaxing)
 .debug_str     0x0000000000166ac4      0x34b ./Drivers/STM32H7xx_HAL_Driver/Src/stm32h7xx_hal_cortex.o
                                     0x162b09 (size before relaxing)
 .debug_str     0x0000000000166e0f       0xdb ./Drivers/STM32H7xx_HAL_Driver/Src/stm32h7xx_hal_gpio.o
                                     0x162198 (size before relaxing)
 .debug_str     0x0000000000166eea      0x285 ./Drivers/STM32H7xx_HAL_Driver/Src/stm32h7xx_hal_pwr.o
                                     0x16215f (size before relaxing)
 .debug_str     0x000000000016716f      0x607 ./Drivers/STM32H7xx_HAL_Driver/Src/stm32h7xx_hal_pwr_ex.o
                                     0x162659 (size before relaxing)
 .debug_str     0x0000000000167776      0x22e ./Drivers/STM32H7xx_HAL_Driver/Src/stm32h7xx_hal_rcc.o
                                     0x16257c (size before relaxing)
 .debug_str     0x00000000001679a4      0x64b ./Drivers/STM32H7xx_HAL_Driver/Src/stm32h7xx_hal_rcc_ex.o
                                     0x162a5d (size before relaxing)
 .debug_str     0x0000000000167fef      0x1f9 ./Drivers/STM32H7xx_HAL_Driver/Src/stm32h7xx_hal_rtc.o
                                     0x162333 (size before relaxing)
 .debug_str     0x00000000001681e8      0x532 ./Drivers/STM32H7xx_HAL_Driver/Src/stm32h7xx_hal_spi.o
                                     0x162887 (size before relaxing)
 .debug_str     0x000000000016871a      0xe26 ./Drivers/STM32H7xx_HAL_Driver/Src/stm32h7xx_hal_tim.o
                                     0x16330b (size before relaxing)
 .debug_str     0x0000000000169540      0x4b0 ./Drivers/STM32H7xx_HAL_Driver/Src/stm32h7xx_hal_tim_ex.o
                                     0x162c43 (size before relaxing)

.comment        0x0000000000000000       0x50
 .comment       0x0000000000000000       0x50 ./Core/Src/gpio.o
                                         0x51 (size before relaxing)
 .comment       0x0000000000000050       0x51 ./Core/Src/main.o
 .comment       0x0000000000000050       0x51 ./Core/Src/rtc.o
 .comment       0x0000000000000050       0x51 ./Core/Src/spi.o
 .comment       0x0000000000000050       0x51 ./Core/Src/stm32h7xx_hal_msp.o
 .comment       0x0000000000000050       0x51 ./Core/Src/stm32h7xx_it.o
 .comment       0x0000000000000050       0x51 ./Core/Src/sysmem.o
 .comment       0x0000000000000050       0x51 ./Core/Src/system_stm32h7xx.o
 .comment       0x0000000000000050       0x51 ./Core/Src/tim.o
 .comment       0x0000000000000050       0x51 ./Drivers/BSP/ST7735/lcd.o
 .comment       0x0000000000000050       0x51 ./Drivers/BSP/ST7735/st7735.o
 .comment       0x0000000000000050       0x51 ./Drivers/BSP/ST7735/st7735_reg.o
 .comment       0x0000000000000050       0x51 ./Drivers/STM32H7xx_HAL_Driver/Src/stm32h7xx_hal.o
 .comment       0x0000000000000050       0x51 ./Drivers/STM32H7xx_HAL_Driver/Src/stm32h7xx_hal_cortex.o
 .comment       0x0000000000000050       0x51 ./Drivers/STM32H7xx_HAL_Driver/Src/stm32h7xx_hal_gpio.o
 .comment       0x0000000000000050       0x51 ./Drivers/STM32H7xx_HAL_Driver/Src/stm32h7xx_hal_pwr.o
 .comment       0x0000000000000050       0x51 ./Drivers/STM32H7xx_HAL_Driver/Src/stm32h7xx_hal_pwr_ex.o
 .comment       0x0000000000000050       0x51 ./Drivers/STM32H7xx_HAL_Driver/Src/stm32h7xx_hal_rcc.o
 .comment       0x0000000000000050       0x51 ./Drivers/STM32H7xx_HAL_Driver/Src/stm32h7xx_hal_rcc_ex.o
 .comment       0x0000000000000050       0x51 ./Drivers/STM32H7xx_HAL_Driver/Src/stm32h7xx_hal_rtc.o
 .comment       0x0000000000000050       0x51 ./Drivers/STM32H7xx_HAL_Driver/Src/stm32h7xx_hal_spi.o
 .comment       0x0000000000000050       0x51 ./Drivers/STM32H7xx_HAL_Driver/Src/stm32h7xx_hal_tim.o
 .comment       0x0000000000000050       0x51 ./Drivers/STM32H7xx_HAL_Driver/Src/stm32h7xx_hal_tim_ex.o

.debug_frame    0x0000000000000000     0x4e70
 .debug_frame   0x0000000000000000       0x34 ./Core/Src/gpio.o
 .debug_frame   0x0000000000000034      0x174 ./Core/Src/main.o
 .debug_frame   0x00000000000001a8       0x80 ./Core/Src/rtc.o
 .debug_frame   0x0000000000000228       0x94 ./Core/Src/spi.o
 .debug_frame   0x00000000000002bc       0x38 ./Core/Src/stm32h7xx_hal_msp.o
 .debug_frame   0x00000000000002f4      0x104 ./Core/Src/stm32h7xx_it.o
 .debug_frame   0x00000000000003f8       0x34 ./Core/Src/sysmem.o
 .debug_frame   0x000000000000042c       0x58 ./Core/Src/system_stm32h7xx.o
 .debug_frame   0x0000000000000484       0xa8 ./Core/Src/tim.o
 .debug_frame   0x000000000000052c      0x228 ./Drivers/BSP/ST7735/lcd.o
 .debug_frame   0x0000000000000754      0x3dc ./Drivers/BSP/ST7735/st7735.o
 .debug_frame   0x0000000000000b30       0xa4 ./Drivers/BSP/ST7735/st7735_reg.o
 .debug_frame   0x0000000000000bd4      0x690 ./Drivers/STM32H7xx_HAL_Driver/Src/stm32h7xx_hal.o
 .debug_frame   0x0000000000001264      0x4b8 ./Drivers/STM32H7xx_HAL_Driver/Src/stm32h7xx_hal_cortex.o
 .debug_frame   0x000000000000171c      0x14c ./Drivers/STM32H7xx_HAL_Driver/Src/stm32h7xx_hal_gpio.o
 .debug_frame   0x0000000000001868      0x254 ./Drivers/STM32H7xx_HAL_Driver/Src/stm32h7xx_hal_pwr.o
 .debug_frame   0x0000000000001abc      0x580 ./Drivers/STM32H7xx_HAL_Driver/Src/stm32h7xx_hal_pwr_ex.o
 .debug_frame   0x000000000000203c      0x1f8 ./Drivers/STM32H7xx_HAL_Driver/Src/stm32h7xx_hal_rcc.o
 .debug_frame   0x0000000000002234      0x414 ./Drivers/STM32H7xx_HAL_Driver/Src/stm32h7xx_hal_rcc_ex.o
 .debug_frame   0x0000000000002648      0x32c ./Drivers/STM32H7xx_HAL_Driver/Src/stm32h7xx_hal_rtc.o
 .debug_frame   0x0000000000002974      0x7a8 ./Drivers/STM32H7xx_HAL_Driver/Src/stm32h7xx_hal_spi.o
 .debug_frame   0x000000000000311c     0x121c ./Drivers/STM32H7xx_HAL_Driver/Src/stm32h7xx_hal_tim.o
 .debug_frame   0x0000000000004338      0x6d8 ./Drivers/STM32H7xx_HAL_Driver/Src/stm32h7xx_hal_tim_ex.o
 .debug_frame   0x0000000000004a10       0x20 /opt/st/stm32cubeide_1.12.1/plugins/com.st.stm32cube.ide.mcu.externaltools.gnu-tools-for-stm32.10.3-2021.10.linux64_1.0.200.202301161003/tools/bin/../lib/gcc/arm-none-eabi/10.3.1/../../../../arm-none-eabi/lib/thumb/v7e-m+dp/hard/libc_nano.a(lib_a-errno.o)
 .debug_frame   0x0000000000004a30       0x2c /opt/st/stm32cubeide_1.12.1/plugins/com.st.stm32cube.ide.mcu.externaltools.gnu-tools-for-stm32.10.3-2021.10.linux64_1.0.200.202301161003/tools/bin/../lib/gcc/arm-none-eabi/10.3.1/../../../../arm-none-eabi/lib/thumb/v7e-m+dp/hard/libc_nano.a(lib_a-init.o)
 .debug_frame   0x0000000000004a5c       0x20 /opt/st/stm32cubeide_1.12.1/plugins/com.st.stm32cube.ide.mcu.externaltools.gnu-tools-for-stm32.10.3-2021.10.linux64_1.0.200.202301161003/tools/bin/../lib/gcc/arm-none-eabi/10.3.1/../../../../arm-none-eabi/lib/thumb/v7e-m+dp/hard/libc_nano.a(lib_a-memset.o)
 .debug_frame   0x0000000000004a7c       0x6c /opt/st/stm32cubeide_1.12.1/plugins/com.st.stm32cube.ide.mcu.externaltools.gnu-tools-for-stm32.10.3-2021.10.linux64_1.0.200.202301161003/tools/bin/../lib/gcc/arm-none-eabi/10.3.1/../../../../arm-none-eabi/lib/thumb/v7e-m+dp/hard/libc_nano.a(lib_a-sprintf.o)
 .debug_frame   0x0000000000004ae8       0x90 /opt/st/stm32cubeide_1.12.1/plugins/com.st.stm32cube.ide.mcu.externaltools.gnu-tools-for-stm32.10.3-2021.10.linux64_1.0.200.202301161003/tools/bin/../lib/gcc/arm-none-eabi/10.3.1/../../../../arm-none-eabi/lib/thumb/v7e-m+dp/hard/libc_nano.a(lib_a-nano-svfprintf.o)