Archive member included to satisfy reference by file (symbol)

c:/st/stm32cubeide_1.12.0/stm32cubeide/plugins/com.st.stm32cube.ide.mcu.externaltools.gnu-tools-for-stm32.10.3-2021.10.win32_1.0.200.202301161003/tools/bin/../lib/gcc/arm-none-eabi/10.3.1/../../../../arm-none-eabi/lib/thumb/v7e-m+dp/hard\libc_nano.a(lib_a-errno.o)
                              ./Core/Src/syscalls.o (__errno)
c:/st/stm32cubeide_1.12.0/stm32cubeide/plugins/com.st.stm32cube.ide.mcu.externaltools.gnu-tools-for-stm32.10.3-2021.10.win32_1.0.200.202301161003/tools/bin/../lib/gcc/arm-none-eabi/10.3.1/../../../../arm-none-eabi/lib/thumb/v7e-m+dp/hard\libc_nano.a(lib_a-exit.o)
                              c:/st/stm32cubeide_1.12.0/stm32cubeide/plugins/com.st.stm32cube.ide.mcu.externaltools.gnu-tools-for-stm32.10.3-2021.10.win32_1.0.200.202301161003/tools/bin/../lib/gcc/arm-none-eabi/10.3.1/../../../../arm-none-eabi/lib/thumb/v7e-m+dp/hard/crt0.o (exit)
c:/st/stm32cubeide_1.12.0/stm32cubeide/plugins/com.st.stm32cube.ide.mcu.externaltools.gnu-tools-for-stm32.10.3-2021.10.win32_1.0.200.202301161003/tools/bin/../lib/gcc/arm-none-eabi/10.3.1/../../../../arm-none-eabi/lib/thumb/v7e-m+dp/hard\libc_nano.a(lib_a-impure.o)
                              c:/st/stm32cubeide_1.12.0/stm32cubeide/plugins/com.st.stm32cube.ide.mcu.externaltools.gnu-tools-for-stm32.10.3-2021.10.win32_1.0.200.202301161003/tools/bin/../lib/gcc/arm-none-eabi/10.3.1/../../../../arm-none-eabi/lib/thumb/v7e-m+dp/hard\libc_nano.a(lib_a-exit.o) (_global_impure_ptr)
c:/st/stm32cubeide_1.12.0/stm32cubeide/plugins/com.st.stm32cube.ide.mcu.externaltools.gnu-tools-for-stm32.10.3-2021.10.win32_1.0.200.202301161003/tools/bin/../lib/gcc/arm-none-eabi/10.3.1/../../../../arm-none-eabi/lib/thumb/v7e-m+dp/hard\libc_nano.a(lib_a-init.o)
                              c:/st/stm32cubeide_1.12.0/stm32cubeide/plugins/com.st.stm32cube.ide.mcu.externaltools.gnu-tools-for-stm32.10.3-2021.10.win32_1.0.200.202301161003/tools/bin/../lib/gcc/arm-none-eabi/10.3.1/../../../../arm-none-eabi/lib/thumb/v7e-m+dp/hard/crt0.o (__libc_init_array)
c:/st/stm32cubeide_1.12.0/stm32cubeide/plugins/com.st.stm32cube.ide.mcu.externaltools.gnu-tools-for-stm32.10.3-2021.10.win32_1.0.200.202301161003/tools/bin/../lib/gcc/arm-none-eabi/10.3.1/../../../../arm-none-eabi/lib/thumb/v7e-m+dp/hard\libc_nano.a(lib_a-memset.o)
                              c:/st/stm32cubeide_1.12.0/stm32cubeide/plugins/com.st.stm32cube.ide.mcu.externaltools.gnu-tools-for-stm32.10.3-2021.10.win32_1.0.200.202301161003/tools/bin/../lib/gcc/arm-none-eabi/10.3.1/../../../../arm-none-eabi/lib/thumb/v7e-m+dp/hard/crt0.o (memset)
c:/st/stm32cubeide_1.12.0/stm32cubeide/plugins/com.st.stm32cube.ide.mcu.externaltools.gnu-tools-for-stm32.10.3-2021.10.win32_1.0.200.202301161003/tools/bin/../lib/gcc/arm-none-eabi/10.3.1/../../../../arm-none-eabi/lib/thumb/v7e-m+dp/hard\libc_nano.a(lib_a-sprintf.o)
                              ./Drivers/BSP/ST7735/lcd.o (sprintf)
c:/st/stm32cubeide_1.12.0/stm32cubeide/plugins/com.st.stm32cube.ide.mcu.externaltools.gnu-tools-for-stm32.10.3-2021.10.win32_1.0.200.202301161003/tools/bin/../lib/gcc/arm-none-eabi/10.3.1/../../../../arm-none-eabi/lib/thumb/v7e-m+dp/hard\libc_nano.a(lib_a-nano-svfprintf.o)
                              c:/st/stm32cubeide_1.12.0/stm32cubeide/plugins/com.st.stm32cube.ide.mcu.externaltools.gnu-tools-for-stm32.10.3-2021.10.win32_1.0.200.202301161003/tools/bin/../lib/gcc/arm-none-eabi/10.3.1/../../../../arm-none-eabi/lib/thumb/v7e-m+dp/hard\libc_nano.a(lib_a-sprintf.o) (_svfprintf_r)
c:/st/stm32cubeide_1.12.0/stm32cubeide/plugins/com.st.stm32cube.ide.mcu.externaltools.gnu-tools-for-stm32.10.3-2021.10.win32_1.0.200.202301161003/tools/bin/../lib/gcc/arm-none-eabi/10.3.1/../../../../arm-none-eabi/lib/thumb/v7e-m+dp/hard\libc_nano.a(lib_a-nano-vfprintf_i.o)
                              c:/st/stm32cubeide_1.12.0/stm32cubeide/plugins/com.st.stm32cube.ide.mcu.externaltools.gnu-tools-for-stm32.10.3-2021.10.win32_1.0.200.202301161003/tools/bin/../lib/gcc/arm-none-eabi/10.3.1/../../../../arm-none-eabi/lib/thumb/v7e-m+dp/hard\libc_nano.a(lib_a-nano-svfprintf.o) (_printf_i)
c:/st/stm32cubeide_1.12.0/stm32cubeide/plugins/com.st.stm32cube.ide.mcu.externaltools.gnu-tools-for-stm32.10.3-2021.10.win32_1.0.200.202301161003/tools/bin/../lib/gcc/arm-none-eabi/10.3.1/../../../../arm-none-eabi/lib/thumb/v7e-m+dp/hard\libc_nano.a(lib_a-memchr.o)
                              c:/st/stm32cubeide_1.12.0/stm32cubeide/plugins/com.st.stm32cube.ide.mcu.externaltools.gnu-tools-for-stm32.10.3-2021.10.win32_1.0.200.202301161003/tools/bin/../lib/gcc/arm-none-eabi/10.3.1/../../../../arm-none-eabi/lib/thumb/v7e-m+dp/hard\libc_nano.a(lib_a-nano-svfprintf.o) (memchr)
c:/st/stm32cubeide_1.12.0/stm32cubeide/plugins/com.st.stm32cube.ide.mcu.externaltools.gnu-tools-for-stm32.10.3-2021.10.win32_1.0.200.202301161003/tools/bin/../lib/gcc/arm-none-eabi/10.3.1/../../../../arm-none-eabi/lib/thumb/v7e-m+dp/hard\libc_nano.a(lib_a-memcpy-stub.o)
[...]
Memory Configuration

Name             Origin             Length             Attributes
FLASH            0x0000000008000000 0x0000000000020000 xr
DTCMRAM          0x0000000020000000 0x0000000000020000 xrw
RAM_D1           0x0000000024000000 0x0000000000080000 xrw
RAM_D2           0x0000000030000000 0x0000000000048000 xrw
RAM_D3           0x0000000038000000 0x0000000000010000 xrw
ITCMRAM          0x0000000000000000 0x0000000000010000 xrw
*default*        0x0000000000000000 0xffffffffffffffff

Linker script and memory map

LOAD c:/st/stm32cubeide_1.12.0/stm32cubeide/plugins/com.st.stm32cube.ide.mcu.externaltools.gnu-tools-for-stm32.10.3-2021.10.win32_1.0.200.202301161003/tools/bin/../lib/gcc/arm-none-eabi/10.3.1/thumb/v7e-m+dp/hard/crti.o
LOAD c:/st/stm32cubeide_1.12.0/stm32cubeide/plugins/com.st.stm32cube.ide.mcu.externaltools.gnu-tools-for-stm32.10.3-2021.10.win32_1.0.200.202301161003/tools/bin/../lib/gcc/arm-none-eabi/10.3.1/thumb/v7e-m+dp/hard/crtbegin.o
LOAD c:/st/stm32cubeide_1.12.0/stm32cubeide/plugins/com.st.stm32cube.ide.mcu.externaltools.gnu-tools-for-stm32.10.3-2021.10.win32_1.0.200.202301161003/tools/bin/../lib/gcc/arm-none-eabi/10.3.1/../../../../arm-none-eabi/lib/thumb/v7e-m+dp/hard/crt0.o
LOAD ./Core/Src/gpio.o
LOAD ./Core/Src/main.o
LOAD ./Core/Src/rtc.o
LOAD ./Core/Src/spi.o
LOAD ./Core/Src/stm32h7xx_hal_msp.o
LOAD ./Core/Src/stm32h7xx_it.o
LOAD ./Core/Src/syscalls.o
LOAD ./Core/Src/sysmem.o
LOAD ./Core/Src/system_stm32h7xx.o
LOAD ./Core/Src/tim.o
LOAD ./Core/Startup/startup_stm32h750vbtx.o
LOAD ./Drivers/BSP/ST7735/lcd.o
LOAD ./Drivers/BSP/ST7735/logo_128_160.o
LOAD ./Drivers/BSP/ST7735/logo_160_80.o
LOAD ./Drivers/BSP/ST7735/st7735.o
LOAD ./Drivers/BSP/ST7735/st7735_reg.o
LOAD ./Drivers/STM32H7xx_HAL_Driver/Src/stm32h7xx_hal.o
LOAD ./Drivers/STM32H7xx_HAL_Driver/Src/stm32h7xx_hal_cortex.o
LOAD ./Drivers/STM32H7xx_HAL_Driver/Src/stm32h7xx_hal_dma.o
LOAD ./Drivers/STM32H7xx_HAL_Driver/Src/stm32h7xx_hal_dma_ex.o
LOAD ./Drivers/STM32H7xx_HAL_Driver/Src/stm32h7xx_hal_exti.o
LOAD ./Drivers/STM32H7xx_HAL_Driver/Src/stm32h7xx_hal_flash.o
LOAD ./Drivers/STM32H7xx_HAL_Driver/Src/stm32h7xx_hal_flash_ex.o
LOAD ./Drivers/STM32H7xx_HAL_Driver/Src/stm32h7xx_hal_gpio.o
LOAD ./Drivers/STM32H7xx_HAL_Driver/Src/stm32h7xx_hal_hsem.o
LOAD ./Drivers/STM32H7xx_HAL_Driver/Src/stm32h7xx_hal_i2c.o
LOAD ./Drivers/STM32H7xx_HAL_Driver/Src/stm32h7xx_hal_i2c_ex.o
LOAD ./Drivers/STM32H7xx_HAL_Driver/Src/stm32h7xx_hal_mdma.o
LOAD ./Drivers/STM32H7xx_HAL_Driver/Src/stm32h7xx_hal_pwr.o
LOAD ./Drivers/STM32H7xx_HAL_Driver/Src/stm32h7xx_hal_pwr_ex.o
LOAD ./Drivers/STM32H7xx_HAL_Driver/Src/stm32h7xx_hal_rcc.o
LOAD ./Drivers/STM32H7xx_HAL_Driver/Src/stm32h7xx_hal_rcc_ex.o
LOAD ./Drivers/STM32H7xx_HAL_Driver/Src/stm32h7xx_hal_rtc.o
LOAD ./Drivers/STM32H7xx_HAL_Driver/Src/stm32h7xx_hal_rtc_ex.o
LOAD ./Drivers/STM32H7xx_HAL_Driver/Src/stm32h7xx_hal_spi.o
LOAD ./Drivers/STM32H7xx_HAL_Driver/Src/stm32h7xx_hal_spi_ex.o
LOAD ./Drivers/STM32H7xx_HAL_Driver/Src/stm32h7xx_hal_tim.o
LOAD ./Drivers/STM32H7xx_HAL_Driver/Src/stm32h7xx_hal_tim_ex.o
START GROUP
LOAD c:/st/stm32cubeide_1.12.0/stm32cubeide/plugins/com.st.stm32cube.ide.mcu.externaltools.gnu-tools-for-stm32.10.3-2021.10.win32_1.0.200.202301161003/tools/bin/../lib/gcc/arm-none-eabi/10.3.1/../../../../arm-none-eabi/lib/thumb/v7e-m+dp/hard\libc_nano.a
LOAD c:/st/stm32cubeide_1.12.0/stm32cubeide/plugins/com.st.stm32cube.ide.mcu.externaltools.gnu-tools-for-stm32.10.3-2021.10.win32_1.0.200.202301161003/tools/bin/../lib/gcc/arm-none-eabi/10.3.1/../../../../arm-none-eabi/lib/thumb/v7e-m+dp/hard\libm.a
END GROUP
START GROUP
LOAD c:/st/stm32cubeide_1.12.0/stm32cubeide/plugins/com.st.stm32cube.ide.mcu.externaltools.gnu-tools-for-stm32.10.3-2021.10.win32_1.0.200.202301161003/tools/bin/../lib/gcc/arm-none-eabi/10.3.1/thumb/v7e-m+dp/hard\libgcc.a
LOAD c:/st/stm32cubeide_1.12.0/stm32cubeide/plugins/com.st.stm32cube.ide.mcu.externaltools.gnu-tools-for-stm32.10.3-2021.10.win32_1.0.200.202301161003/tools/bin/../lib/gcc/arm-none-eabi/10.3.1/../../../../arm-none-eabi/lib/thumb/v7e-m+dp/hard\libc_nano.a
END GROUP
START GROUP
LOAD c:/st/stm32cubeide_1.12.0/stm32cubeide/plugins/com.st.stm32cube.ide.mcu.externaltools.gnu-tools-for-stm32.10.3-2021.10.win32_1.0.200.202301161003/tools/bin/../lib/gcc/arm-none-eabi/10.3.1/thumb/v7e-m+dp/hard\libgcc.a
LOAD c:/st/stm32cubeide_1.12.0/stm32cubeide/plugins/com.st.stm32cube.ide.mcu.externaltools.gnu-tools-for-stm32.10.3-2021.10.win32_1.0.200.202301161003/tools/bin/../lib/gcc/arm-none-eabi/10.3.1/../../../../arm-none-eabi/lib/thumb/v7e-m+dp/hard\libc_nano.a
LOAD c:/st/stm32cubeide_1.12.0/stm32cubeide/plugins/com.st.stm32cube.ide.mcu.externaltools.gnu-tools-for-stm32.10.3-2021.10.win32_1.0.200.202301161003/tools/bin/../lib/gcc/arm-none-eabi/10.3.1/../../../../arm-none-eabi/lib/thumb/v7e-m+dp/hard\libnosys.a
END GROUP
START GROUP
LOAD c:/st/stm32cubeide_1.12.0/stm32cubeide/plugins/com.st.stm32cube.ide.mcu.externaltools.gnu-tools-for-stm32.10.3-2021.10.win32_1.0.200.202301161003/tools/bin/../lib/gcc/arm-none-eabi/10.3.1/thumb/v7e-m+dp/hard\libgcc.a
LOAD c:/st/stm32cubeide_1.12.0/stm32cubeide/plugins/com.st.stm32cube.ide.mcu.externaltools.gnu-tools-for-stm32.10.3-2021.10.win32_1.0.200.202301161003/tools/bin/../lib/gcc/arm-none-eabi/10.3.1/../../../../arm-none-eabi/lib/thumb/v7e-m+dp/hard\libc_nano.a
LOAD c:/st/stm32cubeide_1.12.0/stm32cubeide/plugins/com.st.stm32cube.ide.mcu.externaltools.gnu-tools-for-stm32.10.3-2021.10.win32_1.0.200.202301161003/tools/bin/../lib/gcc/arm-none-eabi/10.3.1/../../../../arm-none-eabi/lib/thumb/v7e-m+dp/hard\libnosys.a
END GROUP
LOAD c:/st/stm32cubeide_1.12.0/stm32cubeide/plugins/com.st.stm32cube.ide.mcu.externaltools.gnu-tools-for-stm32.10.3-2021.10.win32_1.0.200.202301161003/tools/bin/../lib/gcc/arm-none-eabi/10.3.1/thumb/v7e-m+dp/hard/crtend.o
LOAD c:/st/stm32cubeide_1.12.0/stm32cubeide/plugins/com.st.stm32cube.ide.mcu.externaltools.gnu-tools-for-stm32.10.3-2021.10.win32_1.0.200.202301161003/tools/bin/../lib/gcc/arm-none-eabi/10.3.1/thumb/v7e-m+dp/hard/crtn.o
                0x0000000024080000                _estack = (ORIGIN (RAM_D1) + LENGTH (RAM_D1))
                0x0000000000000200                _Min_Heap_Size = 0x200
                0x0000000000000400                _Min_Stack_Size = 0x400

.isr_vector     0x0000000008000000      0x298
                0x0000000008000000                . = ALIGN (0x4)
 *(.isr_vector)
 .isr_vector    0x0000000008000000      0x298 ./Core/Startup/startup_stm32h750vbtx.o
                0x0000000008000000                g_pfnVectors
                0x0000000008000298                . = ALIGN (0x4)

.text           0x00000000080002a0     0x7d24
                0x00000000080002a0                . = ALIGN (0x4)
 *(.text)
 .text          0x00000000080002a0       0x40 c:/st/stm32cubeide_1.12.0/stm32cubeide/plugins/com.st.stm32cube.ide.mcu.externaltools.gnu-tools-for-stm32.10.3-2021.10.win32_1.0.200.202301161003/tools/bin/../lib/gcc/arm-none-eabi/10.3.1/thumb/v7e-m+dp/hard/crtbegin.o
 .text          0x00000000080002e0       0xa0 c:/st/stm32cubeide_1.12.0/stm32cubeide/plugins/com.st.stm32cube.ide.mcu.externaltools.gnu-tools-for-stm32.10.3-2021.10.win32_1.0.200.202301161003/tools/bin/../lib/gcc/arm-none-eabi/10.3.1/../../../../arm-none-eabi/lib/thumb/v7e-m+dp/hard\libc_nano.a(lib_a-memchr.o)
                0x00000000080002e0                memchr
 *(.text*)
 .text.MX_GPIO_Init
                0x0000000008000380      0x10c ./Core/Src/gpio.o
                0x0000000008000380                MX_GPIO_Init
 .text.main     0x000000000800048c       0x22 ./Core/Src/main.o
                0x000000000800048c                main
 *fill*         0x00000000080004ae        0x2 
 .text.SystemClock_Config
                0x00000000080004b0      0x114 ./Core/Src/main.o
                0x00000000080004b0                SystemClock_Config
 .text.Error_Handler
                0x00000000080005c4        0xa ./Core/Src/main.o
                0x00000000080005c4                Error_Handler
 *fill*         0x00000000080005ce        0x2 
 .text.MX_RTC_Init
                0x00000000080005d0       0xb8 ./Core/Src/rtc.o
                0x00000000080005d0                MX_RTC_Init
 .text.HAL_RTC_MspInit
                0x0000000008000688       0x64 ./Core/Src/rtc.o
                0x0000000008000688                HAL_RTC_MspInit
 .text.MX_SPI4_Init
                0x00000000080006ec       0xb0 ./Core/Src/spi.o
                0x00000000080006ec                MX_SPI4_Init
 .text.HAL_SPI_MspInit
                0x000000000800079c       0xd0 ./Core/Src/spi.o
                0x000000000800079c                HAL_SPI_MspInit
 .text.HAL_MspInit
                0x000000000800086c       0x34 ./Core/Src/stm32h7xx_hal_msp.o
                0x000000000800086c                HAL_MspInit
 .text.NMI_Handler
                0x00000000080008a0        0x6 ./Core/Src/stm32h7xx_it.o
                0x00000000080008a0                NMI_Handler
 .text.HardFault_Handler
                0x00000000080008a6        0x6 ./Core/Src/stm32h7xx_it.o
                0x00000000080008a6                HardFault_Handler
 .text.MemManage_Handler
                0x00000000080008ac        0x6 ./Core/Src/stm32h7xx_it.o
                0x00000000080008ac                MemManage_Handler
 .text.BusFault_Handler
                0x00000000080008b2        0x6 ./Core/Src/stm32h7xx_it.o
                0x00000000080008b2                BusFault_Handler
 .text.UsageFault_Handler
                0x00000000080008b8        0x6 ./Core/Src/stm32h7xx_it.o
                0x00000000080008b8                UsageFault_Handler
 .text.SVC_Handler
                0x00000000080008be        0xe ./Core/Src/stm32h7xx_it.o
                0x00000000080008be                SVC_Handler
 .text.DebugMon_Handler
                0x00000000080008cc        0xe ./Core/Src/stm32h7xx_it.o
                0x00000000080008cc                DebugMon_Handler
 .text.PendSV_Handler
                0x00000000080008da        0xe ./Core/Src/stm32h7xx_it.o
                0x00000000080008da                PendSV_Handler
 .text.SysTick_Handler
                0x00000000080008e8        0xc ./Core/Src/stm32h7xx_it.o
                0x00000000080008e8                SysTick_Handler
 .text._sbrk    0x00000000080008f4       0x6c ./Core/Src/sysmem.o
                0x00000000080008f4                _sbrk
 .text.SystemInit
                0x0000000008000960      0x110 ./Core/Src/system_stm32h7xx.o
                0x0000000008000960                SystemInit
 .text.MX_TIM1_Init
                0x0000000008000a70      0x120 ./Core/Src/tim.o
                0x0000000008000a70                MX_TIM1_Init
 .text.HAL_TIM_PWM_MspInit
                0x0000000008000b90       0x44 ./Core/Src/tim.o
                0x0000000008000b90                HAL_TIM_PWM_MspInit
 .text.HAL_TIM_MspPostInit
                0x0000000008000bd4       0x78 ./Core/Src/tim.o
                0x0000000008000bd4                HAL_TIM_MspPostInit
 .text.Reset_Handler
                0x0000000008000c4c       0x50 ./Core/Startup/startup_stm32h750vbtx.o
                0x0000000008000c4c                Reset_Handler
 .text.Default_Handler
                0x0000000008000c9c        0x2 ./Core/Startup/startup_stm32h750vbtx.o
                0x0000000008000c9c                RTC_Alarm_IRQHandler
                0x0000000008000c9c                HASH_RNG_IRQHandler
                0x0000000008000c9c                EXTI2_IRQHandler
                0x0000000008000c9c                TIM8_CC_IRQHandler
                0x0000000008000c9c                HRTIM1_Master_IRQHandler
                0x0000000008000c9c                UART8_IRQHandler
                0x0000000008000c9c                SPI4_IRQHandler
                0x0000000008000c9c                TIM1_CC_IRQHandler
                0x0000000008000c9c                BDMA_Channel6_IRQHandler
                0x0000000008000c9c                DMA2_Stream5_IRQHandler
                0x0000000008000c9c                HRTIM1_FLT_IRQHandler
                0x0000000008000c9c                JPEG_IRQHandler
                0x0000000008000c9c                DMA1_Stream5_IRQHandler
                0x0000000008000c9c                BDMA_Channel1_IRQHandler
                0x0000000008000c9c                HRTIM1_TIMD_IRQHandler
                0x0000000008000c9c                TAMP_STAMP_IRQHandler
                0x0000000008000c9c                EXTI3_IRQHandler
                0x0000000008000c9c                LPTIM4_IRQHandler
                0x0000000008000c9c                TIM8_TRG_COM_TIM14_IRQHandler
                0x0000000008000c9c                LPTIM2_IRQHandler
                0x0000000008000c9c                DFSDM1_FLT1_IRQHandler
                0x0000000008000c9c                DMAMUX2_OVR_IRQHandler
                0x0000000008000c9c                TIM8_UP_TIM13_IRQHandler
                0x0000000008000c9c                I2C3_ER_IRQHandler
                0x0000000008000c9c                DFSDM1_FLT2_IRQHandler
                0x0000000008000c9c                MDMA_IRQHandler
                0x0000000008000c9c                LPTIM3_IRQHandler
                0x0000000008000c9c                HSEM1_IRQHandler
                0x0000000008000c9c                EXTI0_IRQHandler
                0x0000000008000c9c                I2C2_EV_IRQHandler
                0x0000000008000c9c                DMA1_Stream2_IRQHandler
                0x0000000008000c9c                FPU_IRQHandler
                0x0000000008000c9c                OTG_HS_WKUP_IRQHandler
                0x0000000008000c9c                FDCAN1_IT1_IRQHandler
                0x0000000008000c9c                LTDC_ER_IRQHandler
                0x0000000008000c9c                DMA2_Stream2_IRQHandler
                0x0000000008000c9c                HRTIM1_TIME_IRQHandler
                0x0000000008000c9c                SPI1_IRQHandler
                0x0000000008000c9c                TIM6_DAC_IRQHandler
                0x0000000008000c9c                DCMI_IRQHandler
                0x0000000008000c9c                HRTIM1_TIMC_IRQHandler
                0x0000000008000c9c                DMA2_Stream3_IRQHandler
                0x0000000008000c9c                SAI2_IRQHandler
                0x0000000008000c9c                DFSDM1_FLT3_IRQHandler
                0x0000000008000c9c                USART6_IRQHandler
                0x0000000008000c9c                TIM17_IRQHandler
                0x0000000008000c9c                USART3_IRQHandler
                0x0000000008000c9c                BDMA_Channel7_IRQHandler
                0x0000000008000c9c                CRYP_IRQHandler
                0x0000000008000c9c                LPTIM5_IRQHandler
                0x0000000008000c9c                UART5_IRQHandler
                0x0000000008000c9c                ADC3_IRQHandler
                0x0000000008000c9c                DMA2_Stream0_IRQHandler
                0x0000000008000c9c                TIM4_IRQHandler
                0x0000000008000c9c                BDMA_Channel2_IRQHandler
                0x0000000008000c9c                QUADSPI_IRQHandler
                0x0000000008000c9c                I2C1_EV_IRQHandler
                0x0000000008000c9c                DMA1_Stream6_IRQHandler
                0x0000000008000c9c                DMAMUX1_OVR_IRQHandler
                0x0000000008000c9c                DMA1_Stream1_IRQHandler
                0x0000000008000c9c                TIM16_IRQHandler
                0x0000000008000c9c                UART4_IRQHandler
                0x0000000008000c9c                BDMA_Channel5_IRQHandler
                0x0000000008000c9c                TIM3_IRQHandler
                0x0000000008000c9c                RCC_IRQHandler
                0x0000000008000c9c                TIM8_BRK_TIM12_IRQHandler
                0x0000000008000c9c                TIM1_TRG_COM_IRQHandler
                0x0000000008000c9c                Default_Handler
                0x0000000008000c9c                ECC_IRQHandler
                0x0000000008000c9c                CEC_IRQHandler
                0x0000000008000c9c                EXTI15_10_IRQHandler
                0x0000000008000c9c                BDMA_Channel0_IRQHandler
                0x0000000008000c9c                ADC_IRQHandler
                0x0000000008000c9c                DMA1_Stream7_IRQHandler
                0x0000000008000c9c                HRTIM1_TIMA_IRQHandler
                0x0000000008000c9c                SPI5_IRQHandler
                0x0000000008000c9c                TIM7_IRQHandler
                0x0000000008000c9c                SDMMC1_IRQHandler
                0x0000000008000c9c                TIM5_IRQHandler
                0x0000000008000c9c                DMA2_Stream7_IRQHandler
                0x0000000008000c9c                TIM15_IRQHandler
                0x0000000008000c9c                PVD_AVD_IRQHandler
                0x0000000008000c9c                I2C3_EV_IRQHandler
                0x0000000008000c9c                EXTI9_5_IRQHandler
                0x0000000008000c9c                RTC_WKUP_IRQHandler
                0x0000000008000c9c                LTDC_IRQHandler
                0x0000000008000c9c                SAI3_IRQHandler
                0x0000000008000c9c                ETH_WKUP_IRQHandler
                0x0000000008000c9c                SPDIF_RX_IRQHandler
                0x0000000008000c9c                SPI2_IRQHandler
                0x0000000008000c9c                OTG_HS_EP1_IN_IRQHandler
                0x0000000008000c9c                DMA1_Stream0_IRQHandler
                0x0000000008000c9c                CRS_IRQHandler
                0x0000000008000c9c                EXTI4_IRQHandler
                0x0000000008000c9c                HRTIM1_TIMB_IRQHandler
                0x0000000008000c9c                FDCAN2_IT1_IRQHandler
                0x0000000008000c9c                ETH_IRQHandler
                0x0000000008000c9c                TIM1_UP_IRQHandler
                0x0000000008000c9c                BDMA_Channel4_IRQHandler
                0x0000000008000c9c                OTG_HS_EP1_OUT_IRQHandler
                0x0000000008000c9c                WWDG_IRQHandler
                0x0000000008000c9c                SPI6_IRQHandler
                0x0000000008000c9c                MDIOS_IRQHandler
                0x0000000008000c9c                I2C4_EV_IRQHandler
                0x0000000008000c9c                FDCAN2_IT0_IRQHandler
                0x0000000008000c9c                LPUART1_IRQHandler
                0x0000000008000c9c                FDCAN1_IT0_IRQHandler
                0x0000000008000c9c                TIM2_IRQHandler
                0x0000000008000c9c                OTG_FS_WKUP_IRQHandler
                0x0000000008000c9c                OTG_HS_IRQHandler
                0x0000000008000c9c                DMA2D_IRQHandler
                0x0000000008000c9c                TIM1_BRK_IRQHandler
                0x0000000008000c9c                EXTI1_IRQHandler
                0x0000000008000c9c                SDMMC2_IRQHandler
                0x0000000008000c9c                OTG_FS_EP1_OUT_IRQHandler
                0x0000000008000c9c                BDMA_Channel3_IRQHandler
                0x0000000008000c9c                UART7_IRQHandler
                0x0000000008000c9c                MDIOS_WKUP_IRQHandler
                0x0000000008000c9c                USART2_IRQHandler
                0x0000000008000c9c                DFSDM1_FLT0_IRQHandler
                0x0000000008000c9c                SAI4_IRQHandler
                0x0000000008000c9c                I2C2_ER_IRQHandler
                0x0000000008000c9c                DMA2_Stream1_IRQHandler
                0x0000000008000c9c                FLASH_IRQHandler
                0x0000000008000c9c                DMA2_Stream4_IRQHandler
                0x0000000008000c9c                USART1_IRQHandler
                0x0000000008000c9c                OTG_FS_IRQHandler
                0x0000000008000c9c                SPI3_IRQHandler
                0x0000000008000c9c                WAKEUP_PIN_IRQHandler
                0x0000000008000c9c                DMA1_Stream4_IRQHandler
                0x0000000008000c9c                OTG_FS_EP1_IN_IRQHandler
                0x0000000008000c9c                I2C1_ER_IRQHandler
                0x0000000008000c9c                FMC_IRQHandler
                0x0000000008000c9c                FDCAN_CAL_IRQHandler
                0x0000000008000c9c                SWPMI1_IRQHandler
                0x0000000008000c9c                COMP1_IRQHandler
                0x0000000008000c9c                LPTIM1_IRQHandler
                0x0000000008000c9c                I2C4_ER_IRQHandler
                0x0000000008000c9c                DMA2_Stream6_IRQHandler
                0x0000000008000c9c                SAI1_IRQHandler
                0x0000000008000c9c                DMA1_Stream3_IRQHandler
 *fill*         0x0000000008000c9e        0x2 
 .text.LCD_Test
                0x0000000008000ca0      0x20c ./Drivers/BSP/ST7735/lcd.o
                0x0000000008000ca0                LCD_Test
 .text.LCD_SetBrightness
                0x0000000008000eac       0x2c ./Drivers/BSP/ST7735/lcd.o
                0x0000000008000eac                LCD_SetBrightness
 .text.LCD_GetBrightness
                0x0000000008000ed8       0x18 ./Drivers/BSP/ST7735/lcd.o
                0x0000000008000ed8                LCD_GetBrightness
 .text.LCD_Light
                0x0000000008000ef0       0xea ./Drivers/BSP/ST7735/lcd.o
                0x0000000008000ef0                LCD_Light
 *fill*         0x0000000008000fda        0x2 
 .text.LCD_ShowChar
                0x0000000008000fdc      0x424 ./Drivers/BSP/ST7735/lcd.o
                0x0000000008000fdc                LCD_ShowChar
 .text.LCD_ShowString
                0x0000000008001400       0x9a ./Drivers/BSP/ST7735/lcd.o
                0x0000000008001400                LCD_ShowString
 .text.lcd_init
                0x000000000800149a       0x18 ./Drivers/BSP/ST7735/lcd.o
 .text.lcd_gettick
                0x00000000080014b2        0xe ./Drivers/BSP/ST7735/lcd.o
 .text.lcd_writereg
                0x00000000080014c0       0x94 ./Drivers/BSP/ST7735/lcd.o
 .text.lcd_readreg
                0x0000000008001554       0x88 ./Drivers/BSP/ST7735/lcd.o
 .text.lcd_senddata
                0x00000000080015dc       0x58 ./Drivers/BSP/ST7735/lcd.o
 .text.lcd_recvdata
                0x0000000008001634       0x5c ./Drivers/BSP/ST7735/lcd.o
 .text.ST7735_RegisterBusIO
                0x0000000008001690       0xa8 ./Drivers/BSP/ST7735/st7735.o
                0x0000000008001690                ST7735_RegisterBusIO
 .text.ST7735_Init
                0x0000000008001738      0x77e ./Drivers/BSP/ST7735/st7735.o
                0x0000000008001738                ST7735_Init
 .text.ST7735_DeInit
                0x0000000008001eb6       0x16 ./Drivers/BSP/ST7735/st7735.o
                0x0000000008001eb6                ST7735_DeInit
 .text.ST7735_ReadID
                0x0000000008001ecc       0x8e ./Drivers/BSP/ST7735/st7735.o
                0x0000000008001ecc                ST7735_ReadID
 *fill*         0x0000000008001f5a        0x2 
 .text.ST7735_DisplayOn
                0x0000000008001f5c       0xc8 ./Drivers/BSP/ST7735/st7735.o
                0x0000000008001f5c                ST7735_DisplayOn
 .text.ST7735_DisplayOff
                0x0000000008002024       0xc8 ./Drivers/BSP/ST7735/st7735.o
                0x0000000008002024                ST7735_DisplayOff
 .text.ST7735_SetBrightness
                0x00000000080020ec       0x1a ./Drivers/BSP/ST7735/st7735.o
                0x00000000080020ec                ST7735_SetBrightness
 .text.ST7735_GetBrightness
                0x0000000008002106       0x1a ./Drivers/BSP/ST7735/st7735.o
                0x0000000008002106                ST7735_GetBrightness
 .text.ST7735_SetOrientation
                0x0000000008002120      0x11c ./Drivers/BSP/ST7735/st7735.o
                0x0000000008002120                ST7735_SetOrientation
 .text.ST7735_GetOrientation
                0x000000000800223c       0x24 ./Drivers/BSP/ST7735/st7735.o
                0x000000000800223c                ST7735_GetOrientation
 .text.ST7735_SetCursor
                0x0000000008002260      0x178 ./Drivers/BSP/ST7735/st7735.o
                0x0000000008002260                ST7735_SetCursor
 .text.ST7735_DrawBitmap
                0x00000000080023d8      0x214 ./Drivers/BSP/ST7735/st7735.o
                0x00000000080023d8                ST7735_DrawBitmap
 .text.ST7735_FillRGBRect
                0x00000000080025ec       0xd4 ./Drivers/BSP/ST7735/st7735.o
                0x00000000080025ec                ST7735_FillRGBRect
 .text.ST7735_DrawHLine
                0x00000000080026c0       0xa0 ./Drivers/BSP/ST7735/st7735.o
                0x00000000080026c0                ST7735_DrawHLine
 .text.ST7735_DrawVLine
                0x0000000008002760       0x68 ./Drivers/BSP/ST7735/st7735.o
                0x0000000008002760                ST7735_DrawVLine
 .text.ST7735_FillRect
                0x00000000080027c8       0x58 ./Drivers/BSP/ST7735/st7735.o
                0x00000000080027c8                ST7735_FillRect
 .text.ST7735_SetPixel
                0x0000000008002820       0x88 ./Drivers/BSP/ST7735/st7735.o
                0x0000000008002820                ST7735_SetPixel
 .text.ST7735_GetPixel
                0x00000000080028a8       0x9e ./Drivers/BSP/ST7735/st7735.o
                0x00000000080028a8                ST7735_GetPixel
 *fill*         0x0000000008002946        0x2 
 .text.ST7735_GetXSize
                0x0000000008002948       0x24 ./Drivers/BSP/ST7735/st7735.o
                0x0000000008002948                ST7735_GetXSize
 .text.ST7735_GetYSize
                0x000000000800296c       0x24 ./Drivers/BSP/ST7735/st7735.o
                0x000000000800296c                ST7735_GetYSize
 .text.ST7735_SetDisplayWindow
                0x0000000008002990      0x208 ./Drivers/BSP/ST7735/st7735.o
 .text.ST7735_ReadRegWrap
                0x0000000008002b98       0x28 ./Drivers/BSP/ST7735/st7735.o
 .text.ST7735_WriteRegWrap
                0x0000000008002bc0       0x2a ./Drivers/BSP/ST7735/st7735.o
 .text.ST7735_SendDataWrap
                0x0000000008002bea       0x24 ./Drivers/BSP/ST7735/st7735.o
 .text.ST7735_RecvDataWrap
                0x0000000008002c0e       0x24 ./Drivers/BSP/ST7735/st7735.o
 .text.ST7735_IO_Delay
                0x0000000008002c32       0x34 ./Drivers/BSP/ST7735/st7735.o
 .text.st7735_read_reg
                0x0000000008002c66       0x26 ./Drivers/BSP/ST7735/st7735_reg.o
                0x0000000008002c66                st7735_read_reg
 .text.st7735_write_reg
                0x0000000008002c8c       0x2a ./Drivers/BSP/ST7735/st7735_reg.o
                0x0000000008002c8c                st7735_write_reg
 .text.st7735_send_data
                0x0000000008002cb6       0x24 ./Drivers/BSP/ST7735/st7735_reg.o
                0x0000000008002cb6                st7735_send_data
 .text.st7735_recv_data
                0x0000000008002cda       0x24 ./Drivers/BSP/ST7735/st7735_reg.o
                0x0000000008002cda                st7735_recv_data
 *fill*         0x0000000008002cfe        0x2 
 .text.HAL_Init
                0x0000000008002d00       0x78 ./Drivers/STM32H7xx_HAL_Driver/Src/stm32h7xx_hal.o
                0x0000000008002d00                HAL_Init
 .text.HAL_InitTick
                0x0000000008002d78       0x6c ./Drivers/STM32H7xx_HAL_Driver/Src/stm32h7xx_hal.o
                0x0000000008002d78                HAL_InitTick
 .text.HAL_IncTick
                0x0000000008002de4       0x28 ./Drivers/STM32H7xx_HAL_Driver/Src/stm32h7xx_hal.o
                0x0000000008002de4                HAL_IncTick
 .text.HAL_GetTick
                0x0000000008002e0c       0x18 ./Drivers/STM32H7xx_HAL_Driver/Src/stm32h7xx_hal.o
                0x0000000008002e0c                HAL_GetTick
 .text.HAL_Delay
                0x0000000008002e24       0x48 ./Drivers/STM32H7xx_HAL_Driver/Src/stm32h7xx_hal.o
                0x0000000008002e24                HAL_Delay
 .text.HAL_GetREVID
                0x0000000008002e6c       0x18 ./Drivers/STM32H7xx_HAL_Driver/Src/stm32h7xx_hal.o
                0x0000000008002e6c                HAL_GetREVID
 .text.HAL_GetDEVID
                0x0000000008002e84       0x1c ./Drivers/STM32H7xx_HAL_Driver/Src/stm32h7xx_hal.o
                0x0000000008002e84                HAL_GetDEVID
 .text.__NVIC_SetPriorityGrouping
                0x0000000008002ea0       0x48 ./Drivers/STM32H7xx_HAL_Driver/Src/stm32h7xx_hal_cortex.o
 .text.__NVIC_GetPriorityGrouping
                0x0000000008002ee8       0x1c ./Drivers/STM32H7xx_HAL_Driver/Src/stm32h7xx_hal_cortex.o
 .text.__NVIC_SetPriority
                0x0000000008002f04       0x54 ./Drivers/STM32H7xx_HAL_Driver/Src/stm32h7xx_hal_cortex.o
 .text.NVIC_EncodePriority
                0x0000000008002f58       0x66 ./Drivers/STM32H7xx_HAL_Driver/Src/stm32h7xx_hal_cortex.o
 *fill*         0x0000000008002fbe        0x2 
 .text.SysTick_Config
                0x0000000008002fc0       0x44 ./Drivers/STM32H7xx_HAL_Driver/Src/stm32h7xx_hal_cortex.o
 .text.HAL_NVIC_SetPriorityGrouping
                0x0000000008003004       0x16 ./Drivers/STM32H7xx_HAL_Driver/Src/stm32h7xx_hal_cortex.o
                0x0000000008003004                HAL_NVIC_SetPriorityGrouping
 .text.HAL_NVIC_SetPriority
                0x000000000800301a       0x34 ./Drivers/STM32H7xx_HAL_Driver/Src/stm32h7xx_hal_cortex.o
                0x000000000800301a                HAL_NVIC_SetPriority
 .text.HAL_SYSTICK_Config
                0x000000000800304e       0x18 ./Drivers/STM32H7xx_HAL_Driver/Src/stm32h7xx_hal_cortex.o
                0x000000000800304e                HAL_SYSTICK_Config
 *fill*         0x0000000008003066        0x2 
 .text.HAL_GPIO_Init
                0x0000000008003068      0x360 ./Drivers/STM32H7xx_HAL_Driver/Src/stm32h7xx_hal_gpio.o
                0x0000000008003068                HAL_GPIO_Init
 .text.HAL_GPIO_ReadPin
                0x00000000080033c8       0x30 ./Drivers/STM32H7xx_HAL_Driver/Src/stm32h7xx_hal_gpio.o
                0x00000000080033c8                HAL_GPIO_ReadPin
 .text.HAL_GPIO_WritePin
                0x00000000080033f8       0x32 ./Drivers/STM32H7xx_HAL_Driver/Src/stm32h7xx_hal_gpio.o
                0x00000000080033f8                HAL_GPIO_WritePin
 *fill*         0x000000000800342a        0x2 
 .text.HAL_PWR_EnableBkUpAccess
                0x000000000800342c       0x20 ./Drivers/STM32H7xx_HAL_Driver/Src/stm32h7xx_hal_pwr.o
                0x000000000800342c                HAL_PWR_EnableBkUpAccess
 .text.HAL_PWREx_ConfigSupply
                0x000000000800344c       0x74 ./Drivers/STM32H7xx_HAL_Driver/Src/stm32h7xx_hal_pwr_ex.o
                0x000000000800344c                HAL_PWREx_ConfigSupply
 .text.HAL_RCC_OscConfig
                0x00000000080034c0      0x8b4 ./Drivers/STM32H7xx_HAL_Driver/Src/stm32h7xx_hal_rcc.o
                0x00000000080034c0                HAL_RCC_OscConfig
 .text.HAL_RCC_ClockConfig
                0x0000000008003d74      0x36c ./Drivers/STM32H7xx_HAL_Driver/Src/stm32h7xx_hal_rcc.o
                0x0000000008003d74                HAL_RCC_ClockConfig
 .text.HAL_RCC_GetSysClockFreq
                0x00000000080040e0      0x2f4 ./Drivers/STM32H7xx_HAL_Driver/Src/stm32h7xx_hal_rcc.o
                0x00000000080040e0                HAL_RCC_GetSysClockFreq
 .text.HAL_RCCEx_PeriphCLKConfig
                0x00000000080043d4     0x1414 ./Drivers/STM32H7xx_HAL_Driver/Src/stm32h7xx_hal_rcc_ex.o
                0x00000000080043d4                HAL_RCCEx_PeriphCLKConfig
 .text.RCCEx_PLL2_Config
                0x00000000080057e8      0x164 ./Drivers/STM32H7xx_HAL_Driver/Src/stm32h7xx_hal_rcc_ex.o
 .text.RCCEx_PLL3_Config
                0x000000000800594c      0x164 ./Drivers/STM32H7xx_HAL_Driver/Src/stm32h7xx_hal_rcc_ex.o
 .text.HAL_RTC_Init
                0x0000000008005ab0      0x104 ./Drivers/STM32H7xx_HAL_Driver/Src/stm32h7xx_hal_rtc.o
                0x0000000008005ab0                HAL_RTC_Init
 .text.HAL_RTC_SetTime
                0x0000000008005bb4      0x13c ./Drivers/STM32H7xx_HAL_Driver/Src/stm32h7xx_hal_rtc.o
                0x0000000008005bb4                HAL_RTC_SetTime
 .text.HAL_RTC_SetDate
                0x0000000008005cf0      0x110 ./Drivers/STM32H7xx_HAL_Driver/Src/stm32h7xx_hal_rtc.o
                0x0000000008005cf0                HAL_RTC_SetDate
 .text.HAL_RTC_WaitForSynchro
                0x0000000008005e00       0x48 ./Drivers/STM32H7xx_HAL_Driver/Src/stm32h7xx_hal_rtc.o
                0x0000000008005e00                HAL_RTC_WaitForSynchro
 .text.RTC_EnterInitMode
                0x0000000008005e48       0x66 ./Drivers/STM32H7xx_HAL_Driver/Src/stm32h7xx_hal_rtc.o
                0x0000000008005e48                RTC_EnterInitMode
 *fill*         0x0000000008005eae        0x2 
 .text.RTC_ExitInitMode
                0x0000000008005eb0       0x7c ./Drivers/STM32H7xx_HAL_Driver/Src/stm32h7xx_hal_rtc.o
                0x0000000008005eb0                RTC_ExitInitMode
 .text.RTC_ByteToBcd2
                0x0000000008005f2c       0x40 ./Drivers/STM32H7xx_HAL_Driver/Src/stm32h7xx_hal_rtc.o
                0x0000000008005f2c                RTC_ByteToBcd2
 .text.HAL_SPI_Init
                0x0000000008005f6c      0x248 ./Drivers/STM32H7xx_HAL_Driver/Src/stm32h7xx_hal_spi.o
                0x0000000008005f6c                HAL_SPI_Init
 .text.HAL_SPI_Transmit
                0x00000000080061b4      0x3f8 ./Drivers/STM32H7xx_HAL_Driver/Src/stm32h7xx_hal_spi.o
                0x00000000080061b4                HAL_SPI_Transmit
 .text.HAL_SPI_Receive
                0x00000000080065ac      0x320 ./Drivers/STM32H7xx_HAL_Driver/Src/stm32h7xx_hal_spi.o
                0x00000000080065ac                HAL_SPI_Receive
 .text.SPI_CloseTransfer
                0x00000000080068cc      0x140 ./Drivers/STM32H7xx_HAL_Driver/Src/stm32h7xx_hal_spi.o
 .text.SPI_WaitOnFlagUntilTimeout
                0x0000000008006a0c       0x5c ./Drivers/STM32H7xx_HAL_Driver/Src/stm32h7xx_hal_spi.o
 .text.SPI_GetPacketSize
                0x0000000008006a68       0x36 ./Drivers/STM32H7xx_HAL_Driver/Src/stm32h7xx_hal_spi.o
 .text.HAL_TIM_PWM_Init
                0x0000000008006a9e       0xae ./Drivers/STM32H7xx_HAL_Driver/Src/stm32h7xx_hal_tim.o
                0x0000000008006a9e                HAL_TIM_PWM_Init
 .text.HAL_TIM_PWM_ConfigChannel
                0x0000000008006b4c      0x228 ./Drivers/STM32H7xx_HAL_Driver/Src/stm32h7xx_hal_tim.o
                0x0000000008006b4c                HAL_TIM_PWM_ConfigChannel
 .text.TIM_Base_SetConfig
                0x0000000008006d74      0x134 ./Drivers/STM32H7xx_HAL_Driver/Src/stm32h7xx_hal_tim.o
                0x0000000008006d74                TIM_Base_SetConfig
 .text.TIM_OC1_SetConfig
                0x0000000008006ea8      0x120 ./Drivers/STM32H7xx_HAL_Driver/Src/stm32h7xx_hal_tim.o
 .text.TIM_OC2_SetConfig
                0x0000000008006fc8      0x114 ./Drivers/STM32H7xx_HAL_Driver/Src/stm32h7xx_hal_tim.o
                0x0000000008006fc8                TIM_OC2_SetConfig
 .text.TIM_OC3_SetConfig
                0x00000000080070dc      0x110 ./Drivers/STM32H7xx_HAL_Driver/Src/stm32h7xx_hal_tim.o
 .text.TIM_OC4_SetConfig
                0x00000000080071ec       0xd4 ./Drivers/STM32H7xx_HAL_Driver/Src/stm32h7xx_hal_tim.o
 .text.TIM_OC5_SetConfig
                0x00000000080072c0       0xc8 ./Drivers/STM32H7xx_HAL_Driver/Src/stm32h7xx_hal_tim.o
 .text.TIM_OC6_SetConfig
                0x0000000008007388       0xcc ./Drivers/STM32H7xx_HAL_Driver/Src/stm32h7xx_hal_tim.o
 .text.HAL_TIMEx_MasterConfigSynchronization
                0x0000000008007454      0x11c ./Drivers/STM32H7xx_HAL_Driver/Src/stm32h7xx_hal_tim_ex.o
                0x0000000008007454                HAL_TIMEx_MasterConfigSynchronization
 .text.HAL_TIMEx_ConfigBreakDeadTime
                0x0000000008007570       0xfc ./Drivers/STM32H7xx_HAL_Driver/Src/stm32h7xx_hal_tim_ex.o
                0x0000000008007570                HAL_TIMEx_ConfigBreakDeadTime
 .text.__errno  0x000000000800766c        0xc c:/st/stm32cubeide_1.12.0/stm32cubeide/plugins/com.st.stm32cube.ide.mcu.externaltools.gnu-tools-for-stm32.10.3-2021.10.win32_1.0.200.202301161003/tools/bin/../lib/gcc/arm-none-eabi/10.3.1/../../../../arm-none-eabi/lib/thumb/v7e-m+dp/hard\libc_nano.a(lib_a-errno.o)
                0x000000000800766c                __errno
 .text.__libc_init_array
                0x0000000008007678       0x48 c:/st/stm32cubeide_1.12.0/stm32cubeide/plugins/com.st.stm32cube.ide.mcu.externaltools.gnu-tools-for-stm32.10.3-2021.10.win32_1.0.200.202301161003/tools/bin/../lib/gcc/arm-none-eabi/10.3.1/../../../../arm-none-eabi/lib/thumb/v7e-m+dp/hard\libc_nano.a(lib_a-init.o)
                0x0000000008007678                __libc_init_array
 .text.memset   0x00000000080076c0       0x10 c:/st/stm32cubeide_1.12.0/stm32cubeide/plugins/com.st.stm32cube.ide.mcu.externaltools.gnu-tools-for-stm32.10.3-2021.10.win32_1.0.200.202301161003/tools/bin/../lib/gcc/arm-none-eabi/10.3.1/../../../../arm-none-eabi/lib/thumb/v7e-m+dp/hard\libc_nano.a(lib_a-memset.o)
                0x00000000080076c0                memset
 .text.sprintf  0x00000000080076d0       0x40 c:/st/stm32cubeide_1.12.0/stm32cubeide/plugins/com.st.stm32cube.ide.mcu.externaltools.gnu-tools-for-stm32.10.3-2021.10.win32_1.0.200.202301161003/tools/bin/../lib/gcc/arm-none-eabi/10.3.1/../../../../arm-none-eabi/lib/thumb/v7e-m+dp/hard\libc_nano.a(lib_a-sprintf.o)
                0x00000000080076d0                siprintf
                0x00000000080076d0                sprintf
 .text.__ssputs_r
                0x0000000008007710       0xb6 c:/st/stm32cubeide_1.12.0/stm32cubeide/plugins/com.st.stm32cube.ide.mcu.externaltools.gnu-tools-for-stm32.10.3-2021.10.win32_1.0.200.202301161003/tools/bin/../lib/gcc/arm-none-eabi/10.3.1/../../../../arm-none-eabi/lib/thumb/v7e-m+dp/hard\libc_nano.a(lib_a-nano-svfprintf.o)
                0x0000000008007710                __ssputs_r
 *fill*         0x00000000080077c6        0x2 
 .text._svfprintf_r
                0x00000000080077c8      0x200 c:/st/stm32cubeide_1.12.0/stm32cubeide/plugins/com.st.stm32cube.ide.mcu.externaltools.gnu-tools-for-stm32.10.3-2021.10.win32_1.0.200.202301161003/tools/bin/../lib/gcc/arm-none-eabi/10.3.1/../../../../arm-none-eabi/lib/thumb/v7e-m+dp/hard\libc_nano.a(lib_a-nano-svfprintf.o)
                0x00000000080077c8                _svfiprintf_r
                0x00000000080077c8                _svfprintf_r
 .text._printf_common
                0x00000000080079c8       0xda c:/st/stm32cubeide_1.12.0/stm32cubeide/plugins/com.st.stm32cube.ide.mcu.externaltools.gnu-tools-for-stm32.10.3-2021.10.win32_1.0.200.202301161003/tools/bin/../lib/gcc/arm-none-eabi/10.3.1/../../../../arm-none-eabi/lib/thumb/v7e-m+dp/hard\libc_nano.a(lib_a-nano-vfprintf_i.o)
                0x00000000080079c8                _printf_common
 *fill*         0x0000000008007aa2        0x2 
 .text._printf_i
                0x0000000008007aa4      0x24c c:/st/stm32cubeide_1.12.0/stm32cubeide/plugins/com.st.stm32cube.ide.mcu.externaltools.gnu-tools-for-stm32.10.3-2021.10.win32_1.0.200.202301161003/tools/bin/../lib/gcc/arm-none-eabi/10.3.1/../../../../arm-none-eabi/lib/thumb/v7e-m+dp/hard\libc_nano.a(lib_a-nano-vfprintf_i.o)
                0x0000000008007aa4                _printf_i
 .text.memcpy   0x0000000008007cf0       0x1c c:/st/stm32cubeide_1.12.0/stm32cubeide/plugins/com.st.stm32cube.ide.mcu.externaltools.gnu-tools-for-stm32.10.3-2021.10.win32_1.0.200.202301161003/tools/bin/../lib/gcc/arm-none-eabi/10.3.1/../../../../arm-none-eabi/lib/thumb/v7e-m+dp/hard\libc_nano.a(lib_a-memcpy-stub.o)
                0x0000000008007cf0                memcpy
 .text.memmove  0x0000000008007d0c       0x34 c:/st/stm32cubeide_1.12.0/stm32cubeide/plugins/com.st.stm32cube.ide.mcu.externaltools.gnu-tools-for-stm32.10.3-2021.10.win32_1.0.200.202301161003/tools/bin/../lib/gcc/arm-none-eabi/10.3.1/../../../../arm-none-eabi/lib/thumb/v7e-m+dp/hard\libc_nano.a(lib_a-memmove.o)
                0x0000000008007d0c                memmove
 .text._free_r  0x0000000008007d40       0x98 c:/st/stm32cubeide_1.12.0/stm32cubeide/plugins/com.st.stm32cube.ide.mcu.externaltools.gnu-tools-for-stm32.10.3-2021.10.win32_1.0.200.202301161003/tools/bin/../lib/gcc/arm-none-eabi/10.3.1/../../../../arm-none-eabi/lib/thumb/v7e-m+dp/hard\libc_nano.a(lib_a-nano-freer.o)
                0x0000000008007d40                _free_r
 .text.sbrk_aligned
                0x0000000008007dd8       0x40 c:/st/stm32cubeide_1.12.0/stm32cubeide/plugins/com.st.stm32cube.ide.mcu.externaltools.gnu-tools-for-stm32.10.3-2021.10.win32_1.0.200.202301161003/tools/bin/../lib/gcc/arm-none-eabi/10.3.1/../../../../arm-none-eabi/lib/thumb/v7e-m+dp/hard\libc_nano.a(lib_a-nano-mallocr.o)
 .text._malloc_r
                0x0000000008007e18       0xe8 c:/st/stm32cubeide_1.12.0/stm32cubeide/plugins/com.st.stm32cube.ide.mcu.externaltools.gnu-tools-for-stm32.10.3-2021.10.win32_1.0.200.202301161003/tools/bin/../lib/gcc/arm-none-eabi/10.3.1/../../../../arm-none-eabi/lib/thumb/v7e-m+dp/hard\libc_nano.a(lib_a-nano-mallocr.o)
                0x0000000008007e18                _malloc_r
 .text._realloc_r
                0x0000000008007f00       0x5e c:/st/stm32cubeide_1.12.0/stm32cubeide/plugins/com.st.stm32cube.ide.mcu.externaltools.gnu-tools-for-stm32.10.3-2021.10.win32_1.0.200.202301161003/tools/bin/../lib/gcc/arm-none-eabi/10.3.1/../../../../arm-none-eabi/lib/thumb/v7e-m+dp/hard\libc_nano.a(lib_a-nano-reallocr.o)
                0x0000000008007f00                _realloc_r
 *fill*         0x0000000008007f5e        0x2 
 .text._sbrk_r  0x0000000008007f60       0x20 c:/st/stm32cubeide_1.12.0/stm32cubeide/plugins/com.st.stm32cube.ide.mcu.externaltools.gnu-tools-for-stm32.10.3-2021.10.win32_1.0.200.202301161003/tools/bin/../lib/gcc/arm-none-eabi/10.3.1/../../../../arm-none-eabi/lib/thumb/v7e-m+dp/hard\libc_nano.a(lib_a-sbrkr.o)
                0x0000000008007f60                _sbrk_r
 .text.__malloc_lock
                0x0000000008007f80        0xc c:/st/stm32cubeide_1.12.0/stm32cubeide/plugins/com.st.stm32cube.ide.mcu.externaltools.gnu-tools-for-stm32.10.3-2021.10.win32_1.0.200.202301161003/tools/bin/../lib/gcc/arm-none-eabi/10.3.1/../../../../arm-none-eabi/lib/thumb/v7e-m+dp/hard\libc_nano.a(lib_a-mlock.o)
                0x0000000008007f80                __malloc_lock
 .text.__malloc_unlock
                0x0000000008007f8c        0xc c:/st/stm32cubeide_1.12.0/stm32cubeide/plugins/com.st.stm32cube.ide.mcu.externaltools.gnu-tools-for-stm32.10.3-2021.10.win32_1.0.200.202301161003/tools/bin/../lib/gcc/arm-none-eabi/10.3.1/../../../../arm-none-eabi/lib/thumb/v7e-m+dp/hard\libc_nano.a(lib_a-mlock.o)
                0x0000000008007f8c                __malloc_unlock
 .text._malloc_usable_size_r
                0x0000000008007f98       0x10 c:/st/stm32cubeide_1.12.0/stm32cubeide/plugins/com.st.stm32cube.ide.mcu.externaltools.gnu-tools-for-stm32.10.3-2021.10.win32_1.0.200.202301161003/tools/bin/../lib/gcc/arm-none-eabi/10.3.1/../../../../arm-none-eabi/lib/thumb/v7e-m+dp/hard\libc_nano.a(lib_a-nano-msizer.o)
                0x0000000008007f98                _malloc_usable_size_r
 .text.__retarget_lock_acquire_recursive
                0x0000000008007fa8        0x2 c:/st/stm32cubeide_1.12.0/stm32cubeide/plugins/com.st.stm32cube.ide.mcu.externaltools.gnu-tools-for-stm32.10.3-2021.10.win32_1.0.200.202301161003/tools/bin/../lib/gcc/arm-none-eabi/10.3.1/../../../../arm-none-eabi/lib/thumb/v7e-m+dp/hard\libc_nano.a(lib_a-lock.o)
                0x0000000008007fa8                __retarget_lock_acquire_recursive
 .text.__retarget_lock_release_recursive
                0x0000000008007faa        0x2 c:/st/stm32cubeide_1.12.0/stm32cubeide/plugins/com.st.stm32cube.ide.mcu.externaltools.gnu-tools-for-stm32.10.3-2021.10.win32_1.0.200.202301161003/tools/bin/../lib/gcc/arm-none-eabi/10.3.1/../../../../arm-none-eabi/lib/thumb/v7e-m+dp/hard\libc_nano.a(lib_a-lock.o)
                0x0000000008007faa                __retarget_lock_release_recursive
 *(.glue_7)
 .glue_7        0x0000000008007fac        0x0 linker stubs
 *(.glue_7t)
 .glue_7t       0x0000000008007fac        0x0 linker stubs
 *(.eh_frame)
 .eh_frame      0x0000000008007fac        0x0 c:/st/stm32cubeide_1.12.0/stm32cubeide/plugins/com.st.stm32cube.ide.mcu.externaltools.gnu-tools-for-stm32.10.3-2021.10.win32_1.0.200.202301161003/tools/bin/../lib/gcc/arm-none-eabi/10.3.1/thumb/v7e-m+dp/hard/crtbegin.o
 *(.init)
 .init          0x0000000008007fac        0x4 c:/st/stm32cubeide_1.12.0/stm32cubeide/plugins/com.st.stm32cube.ide.mcu.externaltools.gnu-tools-for-stm32.10.3-2021.10.win32_1.0.200.202301161003/tools/bin/../lib/gcc/arm-none-eabi/10.3.1/thumb/v7e-m+dp/hard/crti.o
                0x0000000008007fac                _init
 .init          0x0000000008007fb0        0x8 c:/st/stm32cubeide_1.12.0/stm32cubeide/plugins/com.st.stm32cube.ide.mcu.externaltools.gnu-tools-for-stm32.10.3-2021.10.win32_1.0.200.202301161003/tools/bin/../lib/gcc/arm-none-eabi/10.3.1/thumb/v7e-m+dp/hard/crtn.o
 *(.fini)
 .fini          0x0000000008007fb8        0x4 c:/st/stm32cubeide_1.12.0/stm32cubeide/plugins/com.st.stm32cube.ide.mcu.externaltools.gnu-tools-for-stm32.10.3-2021.10.win32_1.0.200.202301161003/tools/bin/../lib/gcc/arm-none-eabi/10.3.1/thumb/v7e-m+dp/hard/crti.o
                0x0000000008007fb8                _fini
 .fini          0x0000000008007fbc        0x8 c:/st/stm32cubeide_1.12.0/stm32cubeide/plugins/com.st.stm32cube.ide.mcu.externaltools.gnu-tools-for-stm32.10.3-2021.10.win32_1.0.200.202301161003/tools/bin/../lib/gcc/arm-none-eabi/10.3.1/thumb/v7e-m+dp/hard/crtn.o
                0x0000000008007fc4                . = ALIGN (0x4)
                0x0000000008007fc4                _etext = .

.vfp11_veneer   0x0000000008007fc4        0x0
 .vfp11_veneer  0x0000000008007fc4        0x0 linker stubs

.v4_bx          0x0000000008007fc4        0x0
 .v4_bx         0x0000000008007fc4        0x0 linker stubs

.iplt           0x0000000008007fc4        0x0
 .iplt          0x0000000008007fc4        0x0 c:/st/stm32cubeide_1.12.0/stm32cubeide/plugins/com.st.stm32cube.ide.mcu.externaltools.gnu-tools-for-stm32.10.3-2021.10.win32_1.0.200.202301161003/tools/bin/../lib/gcc/arm-none-eabi/10.3.1/thumb/v7e-m+dp/hard/crtbegin.o

.rodata         0x0000000008007fc4      0xadc
                0x0000000008007fc4                . = ALIGN (0x4)
 *(.rodata)
 .rodata        0x0000000008007fc4       0x34 ./Drivers/BSP/ST7735/lcd.o
 *(.rodata*)
 .rodata.D1CorePrescTable
                0x0000000008007ff8       0x10 ./Core/Src/system_stm32h7xx.o
                0x0000000008007ff8                D1CorePrescTable
 .rodata.asc2_1206
                0x0000000008008008      0x474 ./Drivers/BSP/ST7735/lcd.o
                0x0000000008008008                asc2_1206
 .rodata.asc2_1608
                0x000000000800847c      0x5f0 ./Drivers/BSP/ST7735/lcd.o
                0x000000000800847c                asc2_1608
 .rodata._svfprintf_r.str1.1
                0x0000000008008a6c       0x11 c:/st/stm32cubeide_1.12.0/stm32cubeide/plugins/com.st.stm32cube.ide.mcu.externaltools.gnu-tools-for-stm32.10.3-2021.10.win32_1.0.200.202301161003/tools/bin/../lib/gcc/arm-none-eabi/10.3.1/../../../../arm-none-eabi/lib/thumb/v7e-m+dp/hard\libc_nano.a(lib_a-nano-svfprintf.o)
 .rodata._printf_i.str1.1
                0x0000000008008a7d       0x22 c:/st/stm32cubeide_1.12.0/stm32cubeide/plugins/com.st.stm32cube.ide.mcu.externaltools.gnu-tools-for-stm32.10.3-2021.10.win32_1.0.200.202301161003/tools/bin/../lib/gcc/arm-none-eabi/10.3.1/../../../../arm-none-eabi/lib/thumb/v7e-m+dp/hard\libc_nano.a(lib_a-nano-vfprintf_i.o)
                0x0000000008008aa0                . = ALIGN (0x4)
 *fill*         0x0000000008008a9f        0x1 

.rel.dyn        0x0000000008008aa0        0x0
 .rel.iplt      0x0000000008008aa0        0x0 c:/st/stm32cubeide_1.12.0/stm32cubeide/plugins/com.st.stm32cube.ide.mcu.externaltools.gnu-tools-for-stm32.10.3-2021.10.win32_1.0.200.202301161003/tools/bin/../lib/gcc/arm-none-eabi/10.3.1/thumb/v7e-m+dp/hard/crtbegin.o

.ARM.extab
 *(.ARM.extab* .gnu.linkonce.armextab.*)

.ARM            0x0000000008008aa0        0x0
                0x0000000008008aa0                __exidx_start = .
 *(.ARM.exidx*)
                0x0000000008008aa0                __exidx_end = .

.preinit_array  0x0000000008008aa0        0x0
                0x0000000008008aa0                PROVIDE (__preinit_array_start = .)
 *(.preinit_array*)
                0x0000000008008aa0                PROVIDE (__preinit_array_end = .)

.init_array     0x0000000008008aa0        0x4
                0x0000000008008aa0                PROVIDE (__init_array_start = .)
 *(SORT_BY_NAME(.init_array.*))
 *(.init_array*)
 .init_array    0x0000000008008aa0        0x4 c:/st/stm32cubeide_1.12.0/stm32cubeide/plugins/com.st.stm32cube.ide.mcu.externaltools.gnu-tools-for-stm32.10.3-2021.10.win32_1.0.200.202301161003/tools/bin/../lib/gcc/arm-none-eabi/10.3.1/thumb/v7e-m+dp/hard/crtbegin.o
                0x0000000008008aa4                PROVIDE (__init_array_end = .)

.fini_array     0x0000000008008aa4        0x4
                [!provide]                        PROVIDE (__fini_array_start = .)
 *(SORT_BY_NAME(.fini_array.*))
 *(.fini_array*)
 .fini_array    0x0000000008008aa4        0x4 c:/st/stm32cubeide_1.12.0/stm32cubeide/plugins/com.st.stm32cube.ide.mcu.externaltools.gnu-tools-for-stm32.10.3-2021.10.win32_1.0.200.202301161003/tools/bin/../lib/gcc/arm-none-eabi/10.3.1/thumb/v7e-m+dp/hard/crtbegin.o
                [!provide]                        PROVIDE (__fini_array_end = .)
                0x0000000008008aa8                _sidata = LOADADDR (.data)

.data           0x0000000024000000      0x104 load address 0x0000000008008aa8
                0x0000000024000000                . = ALIGN (0x4)
                0x0000000024000000                _sdata = .
 *(.data)
 *(.data*)
 .data.SystemCoreClock
                0x0000000024000000        0x4 ./Core/Src/system_stm32h7xx.o
                0x0000000024000000                SystemCoreClock
 .data.SystemD2Clock
                0x0000000024000004        0x4 ./Core/Src/system_stm32h7xx.o
                0x0000000024000004                SystemD2Clock
 .data.st7735_pIO
                0x0000000024000008       0x20 ./Drivers/BSP/ST7735/lcd.o
                0x0000000024000008                st7735_pIO
 .data.POINT_COLOR
                0x0000000024000028        0x2 ./Drivers/BSP/ST7735/lcd.o
                0x0000000024000028                POINT_COLOR
 *fill*         0x000000002400002a        0x2 
 .data.ST7735_LCD_Driver
                0x000000002400002c       0x4c ./Drivers/BSP/ST7735/st7735.o
                0x000000002400002c                ST7735_LCD_Driver
 .data.OrientationTab
                0x0000000024000078       0x20 ./Drivers/BSP/ST7735/st7735.o
 .data.uwTickPrio
                0x0000000024000098        0x4 ./Drivers/STM32H7xx_HAL_Driver/Src/stm32h7xx_hal.o
                0x0000000024000098                uwTickPrio
 .data.uwTickFreq
                0x000000002400009c        0x1 ./Drivers/STM32H7xx_HAL_Driver/Src/stm32h7xx_hal.o
                0x000000002400009c                uwTickFreq
 *fill*         0x000000002400009d        0x3 
 .data._impure_ptr
                0x00000000240000a0        0x4 c:/st/stm32cubeide_1.12.0/stm32cubeide/plugins/com.st.stm32cube.ide.mcu.externaltools.gnu-tools-for-stm32.10.3-2021.10.win32_1.0.200.202301161003/tools/bin/../lib/gcc/arm-none-eabi/10.3.1/../../../../arm-none-eabi/lib/thumb/v7e-m+dp/hard\libc_nano.a(lib_a-impure.o)
                0x00000000240000a0                _impure_ptr
 .data.impure_data
                0x00000000240000a4       0x60 c:/st/stm32cubeide_1.12.0/stm32cubeide/plugins/com.st.stm32cube.ide.mcu.externaltools.gnu-tools-for-stm32.10.3-2021.10.win32_1.0.200.202301161003/tools/bin/../lib/gcc/arm-none-eabi/10.3.1/../../../../arm-none-eabi/lib/thumb/v7e-m+dp/hard\libc_nano.a(lib_a-impure.o)
 *(.RamFunc)
 *(.RamFunc*)
                0x0000000024000104                . = ALIGN (0x4)
                0x0000000024000104                _edata = .

.igot.plt       0x0000000024000104        0x0 load address 0x0000000008008bac
 .igot.plt      0x0000000024000104        0x0 c:/st/stm32cubeide_1.12.0/stm32cubeide/plugins/com.st.stm32cube.ide.mcu.externaltools.gnu-tools-for-stm32.10.3-2021.10.win32_1.0.200.202301161003/tools/bin/../lib/gcc/arm-none-eabi/10.3.1/thumb/v7e-m+dp/hard/crtbegin.o
                0x0000000024000104                . = ALIGN (0x4)

.bss            0x0000000024000104      0x67c load address 0x0000000008008bac
                0x0000000024000104                _sbss = .
                0x0000000024000104                __bss_start__ = _sbss
 *(.bss)
 .bss           0x0000000024000104       0x1c c:/st/stm32cubeide_1.12.0/stm32cubeide/plugins/com.st.stm32cube.ide.mcu.externaltools.gnu-tools-for-stm32.10.3-2021.10.win32_1.0.200.202301161003/tools/bin/../lib/gcc/arm-none-eabi/10.3.1/thumb/v7e-m+dp/hard/crtbegin.o
 *(.bss*)
 .bss.hrtc      0x0000000024000120       0x24 ./Core/Src/rtc.o
                0x0000000024000120                hrtc
 .bss.hspi4     0x0000000024000144       0x88 ./Core/Src/spi.o
                0x0000000024000144                hspi4
 .bss.__sbrk_heap_end
                0x00000000240001cc        0x4 ./Core/Src/sysmem.o
 .bss.htim1     0x00000000240001d0       0x4c ./Core/Src/tim.o
                0x00000000240001d0                htim1
 .bss.st7735_pObj
                0x000000002400021c       0x38 ./Drivers/BSP/ST7735/lcd.o
                0x000000002400021c                st7735_pObj
 .bss.st7735_id
                0x0000000024000254        0x4 ./Drivers/BSP/ST7735/lcd.o
                0x0000000024000254                st7735_id
 .bss.BACK_COLOR
                0x0000000024000258        0x2 ./Drivers/BSP/ST7735/lcd.o
                0x0000000024000258                BACK_COLOR
 *fill*         0x000000002400025a        0x2 
 .bss.ST7735Ctx
                0x000000002400025c       0x10 ./Drivers/BSP/ST7735/st7735.o
                0x000000002400025c                ST7735Ctx
 .bss.pdata.1   0x000000002400026c      0x280 ./Drivers/BSP/ST7735/st7735.o
 .bss.pdata.0   0x00000000240004ec      0x280 ./Drivers/BSP/ST7735/st7735.o
 .bss.uwTick    0x000000002400076c        0x4 ./Drivers/STM32H7xx_HAL_Driver/Src/stm32h7xx_hal.o
                0x000000002400076c                uwTick
 .bss.__malloc_free_list
                0x0000000024000770        0x4 c:/st/stm32cubeide_1.12.0/stm32cubeide/plugins/com.st.stm32cube.ide.mcu.externaltools.gnu-tools-for-stm32.10.3-2021.10.win32_1.0.200.202301161003/tools/bin/../lib/gcc/arm-none-eabi/10.3.1/../../../../arm-none-eabi/lib/thumb/v7e-m+dp/hard\libc_nano.a(lib_a-nano-mallocr.o)
                0x0000000024000770                __malloc_free_list
 .bss.__malloc_sbrk_start
                0x0000000024000774        0x4 c:/st/stm32cubeide_1.12.0/stm32cubeide/plugins/com.st.stm32cube.ide.mcu.externaltools.gnu-tools-for-stm32.10.3-2021.10.win32_1.0.200.202301161003/tools/bin/../lib/gcc/arm-none-eabi/10.3.1/../../../../arm-none-eabi/lib/thumb/v7e-m+dp/hard\libc_nano.a(lib_a-nano-mallocr.o)
                0x0000000024000774                __malloc_sbrk_start
 .bss.errno     0x0000000024000778        0x4 c:/st/stm32cubeide_1.12.0/stm32cubeide/plugins/com.st.stm32cube.ide.mcu.externaltools.gnu-tools-for-stm32.10.3-2021.10.win32_1.0.200.202301161003/tools/bin/../lib/gcc/arm-none-eabi/10.3.1/../../../../arm-none-eabi/lib/thumb/v7e-m+dp/hard\libc_nano.a(lib_a-reent.o)
                0x0000000024000778                errno
 .bss.__lock___malloc_recursive_mutex
                0x000000002400077c        0x1 c:/st/stm32cubeide_1.12.0/stm32cubeide/plugins/com.st.stm32cube.ide.mcu.externaltools.gnu-tools-for-stm32.10.3-2021.10.win32_1.0.200.202301161003/tools/bin/../lib/gcc/arm-none-eabi/10.3.1/../../../../arm-none-eabi/lib/thumb/v7e-m+dp/hard\libc_nano.a(lib_a-lock.o)
                0x000000002400077c                __lock___malloc_recursive_mutex
 *(COMMON)
                0x0000000024000780                . = ALIGN (0x4)
 *fill*         0x000000002400077d        0x3 
                0x0000000024000780                _ebss = .
                0x0000000024000780                __bss_end__ = _ebss

._user_heap_stack
                0x0000000024000780      0x600 load address 0x0000000008008bac
                0x0000000024000780                . = ALIGN (0x8)
                [!provide]                        PROVIDE (end = .)
                0x0000000024000780                PROVIDE (_end = .)
                0x0000000024000980                . = (. + _Min_Heap_Size)
 *fill*         0x0000000024000780      0x200 
                0x0000000024000d80                . = (. + _Min_Stack_Size)
 *fill*         0x0000000024000980      0x400 
                0x0000000024000d80                . = ALIGN (0x8)

/DISCARD/
 libc.a(*)
 libm.a(*)
 libgcc.a(*)

.ARM.attributes
                0x0000000000000000       0x2e
 *(.ARM.attributes)
 .ARM.attributes
                0x0000000000000000       0x1e c:/st/stm32cubeide_1.12.0/stm32cubeide/plugins/com.st.stm32cube.ide.mcu.externaltools.gnu-tools-for-stm32.10.3-2021.10.win32_1.0.200.202301161003/tools/bin/../lib/gcc/arm-none-eabi/10.3.1/thumb/v7e-m+dp/hard/crti.o
 .ARM.attributes
                0x000000000000001e       0x32 c:/st/stm32cubeide_1.12.0/stm32cubeide/plugins/com.st.stm32cube.ide.mcu.externaltools.gnu-tools-for-stm32.10.3-2021.10.win32_1.0.200.202301161003/tools/bin/../lib/gcc/arm-none-eabi/10.3.1/thumb/v7e-m+dp/hard/crtbegin.o
 .ARM.attributes
                0x0000000000000050       0x32 ./Core/Src/gpio.o
 .ARM.attributes
                0x0000000000000082       0x32 ./Core/Src/main.o
 .ARM.attributes
                0x00000000000000b4       0x32 ./Core/Src/rtc.o
 .ARM.attributes
                0x00000000000000e6       0x32 ./Core/Src/spi.o
 .ARM.attributes
                0x0000000000000118       0x32 ./Core/Src/stm32h7xx_hal_msp.o
 .ARM.attributes
                0x000000000000014a       0x32 ./Core/Src/stm32h7xx_it.o
 .ARM.attributes
                0x000000000000017c       0x32 ./Core/Src/sysmem.o
 .ARM.attributes
                0x00000000000001ae       0x32 ./Core/Src/system_stm32h7xx.o
 .ARM.attributes
                0x00000000000001e0       0x32 ./Core/Src/tim.o
 .ARM.attributes
                0x0000000000000212       0x21 ./Core/Startup/startup_stm32h750vbtx.o
 .ARM.attributes
                0x0000000000000233       0x32 ./Drivers/BSP/ST7735/lcd.o
 .ARM.attributes
                0x0000000000000265       0x32 ./Drivers/BSP/ST7735/st7735.o
 .ARM.attributes
                0x0000000000000297       0x32 ./Drivers/BSP/ST7735/st7735_reg.o
 .ARM.attributes
                0x00000000000002c9       0x32 ./Drivers/STM32H7xx_HAL_Driver/Src/stm32h7xx_hal.o
 .ARM.attributes
                0x00000000000002fb       0x32 ./Drivers/STM32H7xx_HAL_Driver/Src/stm32h7xx_hal_cortex.o
 .ARM.attributes
                0x000000000000032d       0x32 ./Drivers/STM32H7xx_HAL_Driver/Src/stm32h7xx_hal_gpio.o
 .ARM.attributes
                0x000000000000035f       0x32 ./Drivers/STM32H7xx_HAL_Driver/Src/stm32h7xx_hal_pwr.o
 .ARM.attributes
                0x0000000000000391       0x32 ./Drivers/STM32H7xx_HAL_Driver/Src/stm32h7xx_hal_pwr_ex.o
 .ARM.attributes
                0x00000000000003c3       0x32 ./Drivers/STM32H7xx_HAL_Driver/Src/stm32h7xx_hal_rcc.o
 .ARM.attributes
                0x00000000000003f5       0x32 ./Drivers/STM32H7xx_HAL_Driver/Src/stm32h7xx_hal_rcc_ex.o
 .ARM.attributes
                0x0000000000000427       0x32 ./Drivers/STM32H7xx_HAL_Driver/Src/stm32h7xx_hal_rtc.o
 .ARM.attributes
                0x0000000000000459       0x32 ./Drivers/STM32H7xx_HAL_Driver/Src/stm32h7xx_hal_spi.o
 .ARM.attributes
                0x000000000000048b       0x32 ./Drivers/STM32H7xx_HAL_Driver/Src/stm32h7xx_hal_tim.o
 .ARM.attributes
                0x00000000000004bd       0x32 ./Drivers/STM32H7xx_HAL_Driver/Src/stm32h7xx_hal_tim_ex.o
 .ARM.attributes
                0x00000000000004ef       0x32 c:/st/stm32cubeide_1.12.0/stm32cubeide/plugins/com.st.stm32cube.ide.mcu.externaltools.gnu-tools-for-stm32.10.3-2021.10.win32_1.0.200.202301161003/tools/bin/../lib/gcc/arm-none-eabi/10.3.1/../../../../arm-none-eabi/lib/thumb/v7e-m+dp/hard\libc_nano.a(lib_a-errno.o)
 .ARM.attributes
                0x0000000000000521       0x32 c:/st/stm32cubeide_1.12.0/stm32cubeide/plugins/com.st.stm32cube.ide.mcu.externaltools.gnu-tools-for-stm32.10.3-2021.10.win32_1.0.200.202301161003/tools/bin/../lib/gcc/arm-none-eabi/10.3.1/../../../../arm-none-eabi/lib/thumb/v7e-m+dp/hard\libc_nano.a(lib_a-impure.o)
 .ARM.attributes
                0x0000000000000553       0x32 c:/st/stm32cubeide_1.12.0/stm32cubeide/plugins/com.st.stm32cube.ide.mcu.externaltools.gnu-tools-for-stm32.10.3-2021.10.win32_1.0.200.202301161003/tools/bin/../lib/gcc/arm-none-eabi/10.3.1/../../../../arm-none-eabi/lib/thumb/v7e-m+dp/hard\libc_nano.a(lib_a-init.o)
 .ARM.attributes
                0x0000000000000585       0x32 c:/st/stm32cubeide_1.12.0/stm32cubeide/plugins/com.st.stm32cube.ide.mcu.externaltools.gnu-tools-for-stm32.10.3-2021.10.win32_1.0.200.202301161003/tools/bin/../lib/gcc/arm-none-eabi/10.3.1/../../../../arm-none-eabi/lib/thumb/v7e-m+dp/hard\libc_nano.a(lib_a-memset.o)
 .ARM.attributes
                0x00000000000005b7       0x32 c:/st/stm32cubeide_1.12.0/stm32cubeide/plugins/com.st.stm32cube.ide.mcu.externaltools.gnu-tools-for-stm32.10.3-2021.10.win32_1.0.200.202301161003/tools/bin/../lib/gcc/arm-none-eabi/10.3.1/../../../../arm-none-eabi/lib/thumb/v7e-m+dp/hard\libc_nano.a(lib_a-sprintf.o)
 .ARM.attributes
                0x00000000000005e9       0x32 c:/st/stm32cubeide_1.12.0/stm32cubeide/plugins/com.st.stm32cube.ide.mcu.externaltools.gnu-tools-for-stm32.10.3-2021.10.win32_1.0.200.202301161003/tools/bin/../lib/gcc/arm-none-eabi/10.3.1/../../../../arm-none-eabi/lib/thumb/v7e-m+dp/hard\libc_nano.a(lib_a-nano-svfprintf.o)
 .ARM.attributes
                0x000000000000061b       0x32 c:/st/stm32cubeide_1.12.0/stm32cubeide/plugins/com.st.stm32cube.ide.mcu.externaltools.gnu-tools-for-stm32.10.3-2021.10.win32_1.0.200.202301161003/tools/bin/../lib/gcc/arm-none-eabi/10.3.1/../../../../arm-none-eabi/lib/thumb/v7e-m+dp/hard\libc_nano.a(lib_a-nano-vfprintf_i.o)
 .ARM.attributes
                0x000000000000064d       0x1c c:/st/stm32cubeide_1.12.0/stm32cubeide/plugins/com.st.stm32cube.ide.mcu.externaltools.gnu-tools-for-stm32.10.3-2021.10.win32_1.0.200.202301161003/tools/bin/../lib/gcc/arm-none-eabi/10.3.1/../../../../arm-none-eabi/lib/thumb/v7e-m+dp/hard\libc_nano.a(lib_a-memchr.o)
 .ARM.attributes
                0x0000000000000669       0x32 c:/st/stm32cubeide_1.12.0/stm32cubeide/plugins/com.st.stm32cube.ide.mcu.externaltools.gnu-tools-for-stm32.10.3-2021.10.win32_1.0.200.202301161003/tools/bin/../lib/gcc/arm-none-eabi/10.3.1/../../../../arm-none-eabi/lib/thumb/v7e-m+dp/hard\libc_nano.a(lib_a-memcpy-stub.o)
 .ARM.attributes
                0x000000000000069b       0x32 c:/st/stm32cubeide_1.12.0/stm32cubeide/plugins/com.st.stm32cube.ide.mcu.externaltools.gnu-tools-for-stm32.10.3-2021.10.win32_1.0.200.202301161003/tools/bin/../lib/gcc/arm-none-eabi/10.3.1/../../../../arm-none-eabi/lib/thumb/v7e-m+dp/hard\libc_nano.a(lib_a-memmove.o)
 .ARM.attributes
                0x00000000000006cd       0x32 c:/st/stm32cubeide_1.12.0/stm32cubeide/plugins/com.st.stm32cube.ide.mcu.externaltools.gnu-tools-for-stm32.10.3-2021.10.win32_1.0.200.202301161003/tools/bin/../lib/gcc/arm-none-eabi/10.3.1/../../../../arm-none-eabi/lib/thumb/v7e-m+dp/hard\libc_nano.a(lib_a-nano-freer.o)
 .ARM.attributes
                0x00000000000006ff       0x32 c:/st/stm32cubeide_1.12.0/stm32cubeide/plugins/com.st.stm32cube.ide.mcu.externaltools.gnu-tools-for-stm32.10.3-2021.10.win32_1.0.200.202301161003/tools/bin/../lib/gcc/arm-none-eabi/10.3.1/../../../../arm-none-eabi/lib/thumb/v7e-m+dp/hard\libc_nano.a(lib_a-nano-mallocr.o)
 .ARM.attributes
                0x0000000000000731       0x32 c:/st/stm32cubeide_1.12.0/stm32cubeide/plugins/com.st.stm32cube.ide.mcu.externaltools.gnu-tools-for-stm32.10.3-2021.10.win32_1.0.200.202301161003/tools/bin/../lib/gcc/arm-none-eabi/10.3.1/../../../../arm-none-eabi/lib/thumb/v7e-m+dp/hard\libc_nano.a(lib_a-nano-reallocr.o)
 .ARM.attributes
                0x0000000000000763       0x32 c:/st/stm32cubeide_1.12.0/stm32cubeide/plugins/com.st.stm32cube.ide.mcu.externaltools.gnu-tools-for-stm32.10.3-2021.10.win32_1.0.200.202301161003/tools/bin/../lib/gcc/arm-none-eabi/10.3.1/../../../../arm-none-eabi/lib/thumb/v7e-m+dp/hard\libc_nano.a(lib_a-sbrkr.o)
 .ARM.attributes
                0x0000000000000795       0x32 c:/st/stm32cubeide_1.12.0/stm32cubeide/plugins/com.st.stm32cube.ide.mcu.externaltools.gnu-tools-for-stm32.10.3-2021.10.win32_1.0.200.202301161003/tools/bin/../lib/gcc/arm-none-eabi/10.3.1/../../../../arm-none-eabi/lib/thumb/v7e-m+dp/hard\libc_nano.a(lib_a-mlock.o)
 .ARM.attributes
                0x00000000000007c7       0x32 c:/st/stm32cubeide_1.12.0/stm32cubeide/plugins/com.st.stm32cube.ide.mcu.externaltools.gnu-tools-for-stm32.10.3-2021.10.win32_1.0.200.202301161003/tools/bin/../lib/gcc/arm-none-eabi/10.3.1/../../../../arm-none-eabi/lib/thumb/v7e-m+dp/hard\libc_nano.a(lib_a-nano-msizer.o)
 .ARM.attributes
                0x00000000000007f9       0x32 c:/st/stm32cubeide_1.12.0/stm32cubeide/plugins/com.st.stm32cube.ide.mcu.externaltools.gnu-tools-for-stm32.10.3-2021.10.win32_1.0.200.202301161003/tools/bin/../lib/gcc/arm-none-eabi/10.3.1/../../../../arm-none-eabi/lib/thumb/v7e-m+dp/hard\libc_nano.a(lib_a-reent.o)
 .ARM.attributes
                0x000000000000082b       0x32 c:/st/stm32cubeide_1.12.0/stm32cubeide/plugins/com.st.stm32cube.ide.mcu.externaltools.gnu-tools-for-stm32.10.3-2021.10.win32_1.0.200.202301161003/tools/bin/../lib/gcc/arm-none-eabi/10.3.1/../../../../arm-none-eabi/lib/thumb/v7e-m+dp/hard\libc_nano.a(lib_a-lock.o)
 .ARM.attributes
                0x000000000000085d       0x1e c:/st/stm32cubeide_1.12.0/stm32cubeide/plugins/com.st.stm32cube.ide.mcu.externaltools.gnu-tools-for-stm32.10.3-2021.10.win32_1.0.200.202301161003/tools/bin/../lib/gcc/arm-none-eabi/10.3.1/thumb/v7e-m+dp/hard/crtn.o
OUTPUT(LCD_Test.elf elf32-littlearm)
LOAD linker stubs
LOAD c:/st/stm32cubeide_1.12.0/stm32cubeide/plugins/com.st.stm32cube.ide.mcu.externaltools.gnu-tools-for-stm32.10.3-2021.10.win32_1.0.200.202301161003/tools/bin/../lib/gcc/arm-none-eabi/10.3.1/../../../../arm-none-eabi/lib/thumb/v7e-m+dp/hard\libc.a
LOAD c:/st/stm32cubeide_1.12.0/stm32cubeide/plugins/com.st.stm32cube.ide.mcu.externaltools.gnu-tools-for-stm32.10.3-2021.10.win32_1.0.200.202301161003/tools/bin/../lib/gcc/arm-none-eabi/10.3.1/../../../../arm-none-eabi/lib/thumb/v7e-m+dp/hard\libm.a
LOAD c:/st/stm32cubeide_1.12.0/stm32cubeide/plugins/com.st.stm32cube.ide.mcu.externaltools.gnu-tools-for-stm32.10.3-2021.10.win32_1.0.200.202301161003/tools/bin/../lib/gcc/arm-none-eabi/10.3.1/thumb/v7e-m+dp/hard\libgcc.a

.debug_info     0x0000000000000000    0x15e82
 .debug_info    0x0000000000000000      0x68b ./Core/Src/gpio.o
 .debug_info    0x000000000000068b      0xa66 ./Core/Src/main.o
 .debug_info    0x00000000000010f1      0xdb4 ./Core/Src/rtc.o
 .debug_info    0x0000000000001ea5     0x10df ./Core/Src/spi.o
 .debug_info    0x0000000000002f84      0x4a4 ./Core/Src/stm32h7xx_hal_msp.o
 .debug_info    0x0000000000003428      0x137 ./Core/Src/stm32h7xx_it.o
 .debug_info    0x000000000000355f      0x171 ./Core/Src/sysmem.o
 .debug_info    0x00000000000036d0      0xd07 ./Core/Src/system_stm32h7xx.o
 .debug_info    0x00000000000043d7      0xfe7 ./Core/Src/tim.o
 .debug_info    0x00000000000053be       0x22 ./Core/Startup/startup_stm32h750vbtx.o
 .debug_info    0x00000000000053e0     0x1900 ./Drivers/BSP/ST7735/lcd.o
 .debug_info    0x0000000000006ce0     0x121d ./Drivers/BSP/ST7735/st7735.o
 .debug_info    0x0000000000007efd      0x2da ./Drivers/BSP/ST7735/st7735_reg.o
 .debug_info    0x00000000000081d7     0x15dd ./Drivers/STM32H7xx_HAL_Driver/Src/stm32h7xx_hal.o
 .debug_info    0x00000000000097b4     0x1173 ./Drivers/STM32H7xx_HAL_Driver/Src/stm32h7xx_hal_cortex.o
 .debug_info    0x000000000000a927      0xd28 ./Drivers/STM32H7xx_HAL_Driver/Src/stm32h7xx_hal_gpio.o
 .debug_info    0x000000000000b64f      0x961 ./Drivers/STM32H7xx_HAL_Driver/Src/stm32h7xx_hal_pwr.o
 .debug_info    0x000000000000bfb0     0x109d ./Drivers/STM32H7xx_HAL_Driver/Src/stm32h7xx_hal_pwr_ex.o
 .debug_info    0x000000000000d04d      0xf4a ./Drivers/STM32H7xx_HAL_Driver/Src/stm32h7xx_hal_rcc.o
 .debug_info    0x000000000000df97     0x12d9 ./Drivers/STM32H7xx_HAL_Driver/Src/stm32h7xx_hal_rcc_ex.o
 .debug_info    0x000000000000f270      0xf49 ./Drivers/STM32H7xx_HAL_Driver/Src/stm32h7xx_hal_rtc.o
 .debug_info    0x00000000000101b9     0x159c ./Drivers/STM32H7xx_HAL_Driver/Src/stm32h7xx_hal_spi.o
 .debug_info    0x0000000000011755     0x2e05 ./Drivers/STM32H7xx_HAL_Driver/Src/stm32h7xx_hal_tim.o
 .debug_info    0x000000000001455a     0x1928 ./Drivers/STM32H7xx_HAL_Driver/Src/stm32h7xx_hal_tim_ex.o

.debug_abbrev   0x0000000000000000     0x2d42
 .debug_abbrev  0x0000000000000000      0x17b ./Core/Src/gpio.o
 .debug_abbrev  0x000000000000017b      0x234 ./Core/Src/main.o
 .debug_abbrev  0x00000000000003af      0x1c1 ./Core/Src/rtc.o
 .debug_abbrev  0x0000000000000570      0x21c ./Core/Src/spi.o
 .debug_abbrev  0x000000000000078c       0xda ./Core/Src/stm32h7xx_hal_msp.o
 .debug_abbrev  0x0000000000000866       0x74 ./Core/Src/stm32h7xx_it.o
 .debug_abbrev  0x00000000000008da       0xbb ./Core/Src/sysmem.o
 .debug_abbrev  0x0000000000000995      0x147 ./Core/Src/system_stm32h7xx.o
 .debug_abbrev  0x0000000000000adc      0x22b ./Core/Src/tim.o
 .debug_abbrev  0x0000000000000d07       0x12 ./Core/Startup/startup_stm32h750vbtx.o
 .debug_abbrev  0x0000000000000d19      0x32d ./Drivers/BSP/ST7735/lcd.o
 .debug_abbrev  0x0000000000001046      0x1fd ./Drivers/BSP/ST7735/st7735.o
 .debug_abbrev  0x0000000000001243       0xda ./Drivers/BSP/ST7735/st7735_reg.o
 .debug_abbrev  0x000000000000131d      0x289 ./Drivers/STM32H7xx_HAL_Driver/Src/stm32h7xx_hal.o
 .debug_abbrev  0x00000000000015a6      0x329 ./Drivers/STM32H7xx_HAL_Driver/Src/stm32h7xx_hal_cortex.o
 .debug_abbrev  0x00000000000018cf      0x1ec ./Drivers/STM32H7xx_HAL_Driver/Src/stm32h7xx_hal_gpio.o
 .debug_abbrev  0x0000000000001abb      0x182 ./Drivers/STM32H7xx_HAL_Driver/Src/stm32h7xx_hal_pwr.o
 .debug_abbrev  0x0000000000001c3d      0x28f ./Drivers/STM32H7xx_HAL_Driver/Src/stm32h7xx_hal_pwr_ex.o
 .debug_abbrev  0x0000000000001ecc      0x2b8 ./Drivers/STM32H7xx_HAL_Driver/Src/stm32h7xx_hal_rcc.o
 .debug_abbrev  0x0000000000002184      0x25c ./Drivers/STM32H7xx_HAL_Driver/Src/stm32h7xx_hal_rcc_ex.o
 .debug_abbrev  0x00000000000023e0      0x1f0 ./Drivers/STM32H7xx_HAL_Driver/Src/stm32h7xx_hal_rtc.o
 .debug_abbrev  0x00000000000025d0      0x2a2 ./Drivers/STM32H7xx_HAL_Driver/Src/stm32h7xx_hal_spi.o
 .debug_abbrev  0x0000000000002872      0x264 ./Drivers/STM32H7xx_HAL_Driver/Src/stm32h7xx_hal_tim.o
 .debug_abbrev  0x0000000000002ad6      0x26c ./Drivers/STM32H7xx_HAL_Driver/Src/stm32h7xx_hal_tim_ex.o

.debug_aranges  0x0000000000000000     0x11c8
 .debug_aranges
                0x0000000000000000       0x20 ./Core/Src/gpio.o
 .debug_aranges
                0x0000000000000020       0x30 ./Core/Src/main.o
 .debug_aranges
                0x0000000000000050       0x30 ./Core/Src/rtc.o
 .debug_aranges
                0x0000000000000080       0x30 ./Core/Src/spi.o
 .debug_aranges
                0x00000000000000b0       0x20 ./Core/Src/stm32h7xx_hal_msp.o
 .debug_aranges
                0x00000000000000d0       0x60 ./Core/Src/stm32h7xx_it.o
 .debug_aranges
                0x0000000000000130       0x20 ./Core/Src/sysmem.o
 .debug_aranges
                0x0000000000000150       0x28 ./Core/Src/system_stm32h7xx.o
 .debug_aranges
                0x0000000000000178       0x38 ./Core/Src/tim.o
 .debug_aranges
                0x00000000000001b0       0x28 ./Core/Startup/startup_stm32h750vbtx.o
 .debug_aranges
                0x00000000000001d8       0x78 ./Drivers/BSP/ST7735/lcd.o
 .debug_aranges
                0x0000000000000250       0xe8 ./Drivers/BSP/ST7735/st7735.o
 .debug_aranges
                0x0000000000000338       0x38 ./Drivers/BSP/ST7735/st7735_reg.o
 .debug_aranges
                0x0000000000000370      0x198 ./Drivers/STM32H7xx_HAL_Driver/Src/stm32h7xx_hal.o
 .debug_aranges
                0x0000000000000508      0x120 ./Drivers/STM32H7xx_HAL_Driver/Src/stm32h7xx_hal_cortex.o
 .debug_aranges
                0x0000000000000628       0x58 ./Drivers/STM32H7xx_HAL_Driver/Src/stm32h7xx_hal_gpio.o
 .debug_aranges
                0x0000000000000680       0xa0 ./Drivers/STM32H7xx_HAL_Driver/Src/stm32h7xx_hal_pwr.o
 .debug_aranges
                0x0000000000000720      0x158 ./Drivers/STM32H7xx_HAL_Driver/Src/stm32h7xx_hal_pwr_ex.o
 .debug_aranges
                0x0000000000000878       0x88 ./Drivers/STM32H7xx_HAL_Driver/Src/stm32h7xx_hal_rcc.o
 .debug_aranges
                0x0000000000000900       0xf8 ./Drivers/STM32H7xx_HAL_Driver/Src/stm32h7xx_hal_rcc_ex.o
 .debug_aranges
                0x00000000000009f8       0xc0 ./Drivers/STM32H7xx_HAL_Driver/Src/stm32h7xx_hal_rtc.o
 .debug_aranges
                0x0000000000000ab8      0x1a8 ./Drivers/STM32H7xx_HAL_Driver/Src/stm32h7xx_hal_spi.o
 .debug_aranges
                0x0000000000000c60      0x3e0 ./Drivers/STM32H7xx_HAL_Driver/Src/stm32h7xx_hal_tim.o
 .debug_aranges
                0x0000000000001040      0x188 ./Drivers/STM32H7xx_HAL_Driver/Src/stm32h7xx_hal_tim_ex.o

.debug_ranges   0x0000000000000000     0x1050
 .debug_ranges  0x0000000000000000       0x10 ./Core/Src/gpio.o
 .debug_ranges  0x0000000000000010       0x20 ./Core/Src/main.o
 .debug_ranges  0x0000000000000030       0x20 ./Core/Src/rtc.o
 .debug_ranges  0x0000000000000050       0x20 ./Core/Src/spi.o
 .debug_ranges  0x0000000000000070       0x10 ./Core/Src/stm32h7xx_hal_msp.o
 .debug_ranges  0x0000000000000080       0x50 ./Core/Src/stm32h7xx_it.o
 .debug_ranges  0x00000000000000d0       0x10 ./Core/Src/sysmem.o
 .debug_ranges  0x00000000000000e0       0x18 ./Core/Src/system_stm32h7xx.o
 .debug_ranges  0x00000000000000f8       0x28 ./Core/Src/tim.o
 .debug_ranges  0x0000000000000120       0x20 ./Core/Startup/startup_stm32h750vbtx.o
 .debug_ranges  0x0000000000000140       0x68 ./Drivers/BSP/ST7735/lcd.o
 .debug_ranges  0x00000000000001a8       0xd8 ./Drivers/BSP/ST7735/st7735.o
 .debug_ranges  0x0000000000000280       0x28 ./Drivers/BSP/ST7735/st7735_reg.o
 .debug_ranges  0x00000000000002a8      0x188 ./Drivers/STM32H7xx_HAL_Driver/Src/stm32h7xx_hal.o
 .debug_ranges  0x0000000000000430      0x110 ./Drivers/STM32H7xx_HAL_Driver/Src/stm32h7xx_hal_cortex.o
 .debug_ranges  0x0000000000000540       0x48 ./Drivers/STM32H7xx_HAL_Driver/Src/stm32h7xx_hal_gpio.o
 .debug_ranges  0x0000000000000588       0x90 ./Drivers/STM32H7xx_HAL_Driver/Src/stm32h7xx_hal_pwr.o
 .debug_ranges  0x0000000000000618      0x148 ./Drivers/STM32H7xx_HAL_Driver/Src/stm32h7xx_hal_pwr_ex.o
 .debug_ranges  0x0000000000000760       0x78 ./Drivers/STM32H7xx_HAL_Driver/Src/stm32h7xx_hal_rcc.o
 .debug_ranges  0x00000000000007d8       0xe8 ./Drivers/STM32H7xx_HAL_Driver/Src/stm32h7xx_hal_rcc_ex.o
 .debug_ranges  0x00000000000008c0       0xb0 ./Drivers/STM32H7xx_HAL_Driver/Src/stm32h7xx_hal_rtc.o
 .debug_ranges  0x0000000000000970      0x198 ./Drivers/STM32H7xx_HAL_Driver/Src/stm32h7xx_hal_spi.o
 .debug_ranges  0x0000000000000b08      0x3d0 ./Drivers/STM32H7xx_HAL_Driver/Src/stm32h7xx_hal_tim.o
 .debug_ranges  0x0000000000000ed8      0x178 ./Drivers/STM32H7xx_HAL_Driver/Src/stm32h7xx_hal_tim_ex.o

.debug_macro    0x0000000000000000    0x392e7
 .debug_macro   0x0000000000000000      0x2e0 ./Core/Src/gpio.o
 .debug_macro   0x00000000000002e0      0xa90 ./Core/Src/gpio.o
 .debug_macro   0x0000000000000d70      0x23e ./Core/Src/gpio.o
 .debug_macro   0x0000000000000fae       0x2e ./Core/Src/gpio.o
 .debug_macro   0x0000000000000fdc       0x3b ./Core/Src/gpio.o
 .debug_macro   0x0000000000001017       0x22 ./Core/Src/gpio.o
 .debug_macro   0x0000000000001039       0x8e ./Core/Src/gpio.o
 .debug_macro   0x00000000000010c7       0x51 ./Core/Src/gpio.o
 .debug_macro   0x0000000000001118      0x103 ./Core/Src/gpio.o
 .debug_macro   0x000000000000121b       0x6a ./Core/Src/gpio.o
 .debug_macro   0x0000000000001285      0x1df ./Core/Src/gpio.o
 .debug_macro   0x0000000000001464       0x1c ./Core/Src/gpio.o
 .debug_macro   0x0000000000001480       0x22 ./Core/Src/gpio.o
 .debug_macro   0x00000000000014a2       0xfb ./Core/Src/gpio.o
 .debug_macro   0x000000000000159d     0x1305 ./Core/Src/gpio.o
 .debug_macro   0x00000000000028a2      0x11f ./Core/Src/gpio.o
 .debug_macro   0x00000000000029c1       0x27 ./Core/Src/gpio.o
 .debug_macro   0x00000000000029e8    0x25e77 ./Core/Src/gpio.o
 .debug_macro   0x000000000002885f       0x6d ./Core/Src/gpio.o
 .debug_macro   0x00000000000288cc     0x3d5d ./Core/Src/gpio.o
 .debug_macro   0x000000000002c629      0x174 ./Core/Src/gpio.o
 .debug_macro   0x000000000002c79d       0x52 ./Core/Src/gpio.o
 .debug_macro   0x000000000002c7ef       0x1d ./Core/Src/gpio.o
 .debug_macro   0x000000000002c80c       0x3c ./Core/Src/gpio.o
 .debug_macro   0x000000000002c848       0x34 ./Core/Src/gpio.o
 .debug_macro   0x000000000002c87c       0x16 ./Core/Src/gpio.o
 .debug_macro   0x000000000002c892       0x43 ./Core/Src/gpio.o
 .debug_macro   0x000000000002c8d5       0x34 ./Core/Src/gpio.o
 .debug_macro   0x000000000002c909       0x10 ./Core/Src/gpio.o
 .debug_macro   0x000000000002c919       0x58 ./Core/Src/gpio.o
 .debug_macro   0x000000000002c971       0x71 ./Core/Src/gpio.o
 .debug_macro   0x000000000002c9e2       0x1c ./Core/Src/gpio.o
 .debug_macro   0x000000000002c9fe      0x12a ./Core/Src/gpio.o
 .debug_macro   0x000000000002cb28      0x341 ./Core/Src/gpio.o
 .debug_macro   0x000000000002ce69      0x19b ./Core/Src/gpio.o
 .debug_macro   0x000000000002d004       0x5d ./Core/Src/gpio.o
 .debug_macro   0x000000000002d061     0x240e ./Core/Src/gpio.o
 .debug_macro   0x000000000002f46f     0x102c ./Core/Src/gpio.o
 .debug_macro   0x000000000003049b      0x154 ./Core/Src/gpio.o
 .debug_macro   0x00000000000305ef      0x114 ./Core/Src/gpio.o
 .debug_macro   0x0000000000030703      0x3b2 ./Core/Src/gpio.o
 .debug_macro   0x0000000000030ab5       0xac ./Core/Src/gpio.o
 .debug_macro   0x0000000000030b61      0x72d ./Core/Src/gpio.o
 .debug_macro   0x000000000003128e      0x228 ./Core/Src/gpio.o
 .debug_macro   0x00000000000314b6       0x66 ./Core/Src/gpio.o
 .debug_macro   0x000000000003151c      0x3bb ./Core/Src/gpio.o
 .debug_macro   0x00000000000318d7      0x3e4 ./Core/Src/gpio.o
 .debug_macro   0x0000000000031cbb      0x275 ./Core/Src/gpio.o
 .debug_macro   0x0000000000031f30      0x3ca ./Core/Src/gpio.o
 .debug_macro   0x00000000000322fa      0x3de ./Core/Src/gpio.o
 .debug_macro   0x00000000000326d8       0x3c ./Core/Src/gpio.o
 .debug_macro   0x0000000000032714       0x4a ./Core/Src/gpio.o
 .debug_macro   0x000000000003275e      0x22c ./Core/Src/gpio.o
 .debug_macro   0x000000000003298a       0x67 ./Core/Src/gpio.o
 .debug_macro   0x00000000000329f1       0xa5 ./Core/Src/gpio.o
 .debug_macro   0x0000000000032a96      0x1c4 ./Core/Src/gpio.o
 .debug_macro   0x0000000000032c5a      0x25e ./Core/Src/gpio.o
 .debug_macro   0x0000000000032eb8       0x35 ./Core/Src/gpio.o
 .debug_macro   0x0000000000032eed      0x328 ./Core/Src/gpio.o
 .debug_macro   0x0000000000033215      0x662 ./Core/Src/gpio.o
 .debug_macro   0x0000000000033877       0xeb ./Core/Src/gpio.o
 .debug_macro   0x0000000000033962      0x5e4 ./Core/Src/gpio.o
 .debug_macro   0x0000000000033f46       0xba ./Core/Src/gpio.o
 .debug_macro   0x0000000000034000      0xaf3 ./Core/Src/gpio.o
 .debug_macro   0x0000000000034af3      0x29f ./Core/Src/gpio.o
 .debug_macro   0x0000000000034d92      0x5a0 ./Core/Src/gpio.o
 .debug_macro   0x0000000000035332       0x34 ./Core/Src/gpio.o
 .debug_macro   0x0000000000035366      0x302 ./Core/Src/main.o
 .debug_macro   0x0000000000035668      0x2e0 ./Core/Src/rtc.o
 .debug_macro   0x0000000000035948      0x2e0 ./Core/Src/spi.o
 .debug_macro   0x0000000000035c28      0x2d6 ./Core/Src/stm32h7xx_hal_msp.o
 .debug_macro   0x0000000000035efe      0x2e0 ./Core/Src/stm32h7xx_it.o
 .debug_macro   0x00000000000361de       0xff ./Core/Src/sysmem.o
 .debug_macro   0x00000000000362dd      0x23b ./Core/Src/sysmem.o
 .debug_macro   0x0000000000036518      0x2c7 ./Core/Src/system_stm32h7xx.o
 .debug_macro   0x00000000000367df      0x2e0 ./Core/Src/tim.o
 .debug_macro   0x0000000000036abf      0x414 ./Drivers/BSP/ST7735/lcd.o
 .debug_macro   0x0000000000036ed3      0x154 ./Drivers/BSP/ST7735/lcd.o
 .debug_macro   0x0000000000037027       0x9e ./Drivers/BSP/ST7735/lcd.o
 .debug_macro   0x00000000000370c5       0x6a ./Drivers/BSP/ST7735/lcd.o
 .debug_macro   0x000000000003712f       0x8a ./Drivers/BSP/ST7735/st7735.o
 .debug_macro   0x00000000000371b9      0x14e ./Drivers/BSP/ST7735/st7735.o
 .debug_macro   0x0000000000037307       0x72 ./Drivers/BSP/ST7735/st7735_reg.o
 .debug_macro   0x0000000000037379      0x2f1 ./Drivers/STM32H7xx_HAL_Driver/Src/stm32h7xx_hal.o
 .debug_macro   0x000000000003766a      0x2c7 ./Drivers/STM32H7xx_HAL_Driver/Src/stm32h7xx_hal_cortex.o
 .debug_macro   0x0000000000037931      0x2ce ./Drivers/STM32H7xx_HAL_Driver/Src/stm32h7xx_hal_gpio.o
 .debug_macro   0x0000000000037bff      0x2eb ./Drivers/STM32H7xx_HAL_Driver/Src/stm32h7xx_hal_pwr.o
 .debug_macro   0x0000000000037eea      0x300 ./Drivers/STM32H7xx_HAL_Driver/Src/stm32h7xx_hal_pwr_ex.o
 .debug_macro   0x00000000000381ea      0x2eb ./Drivers/STM32H7xx_HAL_Driver/Src/stm32h7xx_hal_rcc.o
 .debug_macro   0x00000000000384d5      0x2e5 ./Drivers/STM32H7xx_HAL_Driver/Src/stm32h7xx_hal_rcc_ex.o
 .debug_macro   0x00000000000387ba      0x2c8 ./Drivers/STM32H7xx_HAL_Driver/Src/stm32h7xx_hal_rtc.o
 .debug_macro   0x0000000000038a82      0x2d6 ./Drivers/STM32H7xx_HAL_Driver/Src/stm32h7xx_hal_spi.o
 .debug_macro   0x0000000000038d58      0x2c8 ./Drivers/STM32H7xx_HAL_Driver/Src/stm32h7xx_hal_tim.o
 .debug_macro   0x0000000000039020      0x2c7 ./Drivers/STM32H7xx_HAL_Driver/Src/stm32h7xx_hal_tim_ex.o

.debug_line     0x0000000000000000    0x17242
 .debug_line    0x0000000000000000      0x8ac ./Core/Src/gpio.o
 .debug_line    0x00000000000008ac      0x93f ./Core/Src/main.o
 .debug_line    0x00000000000011eb      0x915 ./Core/Src/rtc.o
 .debug_line    0x0000000000001b00      0x927 ./Core/Src/spi.o
 .debug_line    0x0000000000002427      0x883 ./Core/Src/stm32h7xx_hal_msp.o
 .debug_line    0x0000000000002caa      0x947 ./Core/Src/stm32h7xx_it.o
 .debug_line    0x00000000000035f1      0x4f4 ./Core/Src/sysmem.o
 .debug_line    0x0000000000003ae5      0xa34 ./Core/Src/system_stm32h7xx.o
 .debug_line    0x0000000000004519      0x962 ./Core/Src/tim.o
 .debug_line    0x0000000000004e7b       0x88 ./Core/Startup/startup_stm32h750vbtx.o
 .debug_line    0x0000000000004f03      0xdbd ./Drivers/BSP/ST7735/lcd.o
 .debug_line    0x0000000000005cc0      0xf18 ./Drivers/BSP/ST7735/st7735.o
 .debug_line    0x0000000000006bd8      0x3f9 ./Drivers/BSP/ST7735/st7735_reg.o
 .debug_line    0x0000000000006fd1      0xe32 ./Drivers/STM32H7xx_HAL_Driver/Src/stm32h7xx_hal.o
 .debug_line    0x0000000000007e03      0xe38 ./Drivers/STM32H7xx_HAL_Driver/Src/stm32h7xx_hal_cortex.o
 .debug_line    0x0000000000008c3b      0xcf5 ./Drivers/STM32H7xx_HAL_Driver/Src/stm32h7xx_hal_gpio.o
 .debug_line    0x0000000000009930      0xa9d ./Drivers/STM32H7xx_HAL_Driver/Src/stm32h7xx_hal_pwr.o
 .debug_line    0x000000000000a3cd      0xf4c ./Drivers/STM32H7xx_HAL_Driver/Src/stm32h7xx_hal_pwr_ex.o
 .debug_line    0x000000000000b319     0x1402 ./Drivers/STM32H7xx_HAL_Driver/Src/stm32h7xx_hal_rcc.o
 .debug_line    0x000000000000c71b     0x1cd0 ./Drivers/STM32H7xx_HAL_Driver/Src/stm32h7xx_hal_rcc_ex.o
 .debug_line    0x000000000000e3eb     0x1215 ./Drivers/STM32H7xx_HAL_Driver/Src/stm32h7xx_hal_rtc.o
 .debug_line    0x000000000000f600     0x1f41 ./Drivers/STM32H7xx_HAL_Driver/Src/stm32h7xx_hal_spi.o
 .debug_line    0x0000000000011541     0x3f23 ./Drivers/STM32H7xx_HAL_Driver/Src/stm32h7xx_hal_tim.o
 .debug_line    0x0000000000015464     0x1dde ./Drivers/STM32H7xx_HAL_Driver/Src/stm32h7xx_hal_tim_ex.o

.debug_str      0x0000000000000000   0x1698c3
 .debug_str     0x0000000000000000   0x161bde ./Core/Src/gpio.o
                                     0x16202c (size before relaxing)
 .debug_str     0x0000000000161bde      0x34c ./Core/Src/main.o
                                     0x1622a4 (size before relaxing)
 .debug_str     0x0000000000161f2a      0x66e ./Core/Src/rtc.o
                                     0x162682 (size before relaxing)
 .debug_str     0x0000000000162598      0x594 ./Core/Src/spi.o
                                     0x1629d5 (size before relaxing)
 .debug_str     0x0000000000162b2c       0x2c ./Core/Src/stm32h7xx_hal_msp.o
                                     0x161f61 (size before relaxing)
 .debug_str     0x0000000000162b58       0xc9 ./Core/Src/stm32h7xx_it.o
                                     0x161dc0 (size before relaxing)
 .debug_str     0x0000000000162c21      0x4da ./Core/Src/sysmem.o
                                       0x5e11 (size before relaxing)
 .debug_str     0x00000000001630fb      0x344 ./Core/Src/system_stm32h7xx.o
                                     0x1621e5 (size before relaxing)
 .debug_str     0x000000000016343f      0x4f8 ./Core/Src/tim.o
                                     0x1628c9 (size before relaxing)
 .debug_str     0x0000000000163937       0x36 ./Core/Startup/startup_stm32h750vbtx.o
                                         0x72 (size before relaxing)
 .debug_str     0x000000000016396d     0x1db3 ./Drivers/BSP/ST7735/lcd.o
                                     0x1645c9 (size before relaxing)
 .debug_str     0x0000000000165720      0x27d ./Drivers/BSP/ST7735/st7735.o
                                       0x4cb2 (size before relaxing)
 .debug_str     0x000000000016599d       0x23 ./Drivers/BSP/ST7735/st7735_reg.o
                                       0x42c5 (size before relaxing)
 .debug_str     0x00000000001659c0      0xf9a ./Drivers/STM32H7xx_HAL_Driver/Src/stm32h7xx_hal.o
                                     0x16310a (size before relaxing)
 .debug_str     0x000000000016695a      0x34b ./Drivers/STM32H7xx_HAL_Driver/Src/stm32h7xx_hal_cortex.o
                                     0x162b0d (size before relaxing)
 .debug_str     0x0000000000166ca5       0xdb ./Drivers/STM32H7xx_HAL_Driver/Src/stm32h7xx_hal_gpio.o
                                     0x16219c (size before relaxing)
 .debug_str     0x0000000000166d80      0x285 ./Drivers/STM32H7xx_HAL_Driver/Src/stm32h7xx_hal_pwr.o
                                     0x162163 (size before relaxing)
 .debug_str     0x0000000000167005      0x607 ./Drivers/STM32H7xx_HAL_Driver/Src/stm32h7xx_hal_pwr_ex.o
                                     0x16265d (size before relaxing)
 .debug_str     0x000000000016760c      0x22e ./Drivers/STM32H7xx_HAL_Driver/Src/stm32h7xx_hal_rcc.o
                                     0x162580 (size before relaxing)
 .debug_str     0x000000000016783a      0x64b ./Drivers/STM32H7xx_HAL_Driver/Src/stm32h7xx_hal_rcc_ex.o
                                     0x162a61 (size before relaxing)
 .debug_str     0x0000000000167e85      0x219 ./Drivers/STM32H7xx_HAL_Driver/Src/stm32h7xx_hal_rtc.o
                                     0x162337 (size before relaxing)
 .debug_str     0x000000000016809e      0x54f ./Drivers/STM32H7xx_HAL_Driver/Src/stm32h7xx_hal_spi.o
                                     0x16288b (size before relaxing)
 .debug_str     0x00000000001685ed      0xe26 ./Drivers/STM32H7xx_HAL_Driver/Src/stm32h7xx_hal_tim.o
                                     0x16330f (size before relaxing)
 .debug_str     0x0000000000169413      0x4b0 ./Drivers/STM32H7xx_HAL_Driver/Src/stm32h7xx_hal_tim_ex.o
                                     0x162c47 (size before relaxing)

.comment        0x0000000000000000       0x50
 .comment       0x0000000000000000       0x50 ./Core/Src/gpio.o
                                         0x51 (size before relaxing)
 .comment       0x0000000000000050       0x51 ./Core/Src/main.o
 .comment       0x0000000000000050       0x51 ./Core/Src/rtc.o
 .comment       0x0000000000000050       0x51 ./Core/Src/spi.o
 .comment       0x0000000000000050       0x51 ./Core/Src/stm32h7xx_hal_msp.o
 .comment       0x0000000000000050       0x51 ./Core/Src/stm32h7xx_it.o
 .comment       0x0000000000000050       0x51 ./Core/Src/sysmem.o
 .comment       0x0000000000000050       0x51 ./Core/Src/system_stm32h7xx.o
 .comment       0x0000000000000050       0x51 ./Core/Src/tim.o
 .comment       0x0000000000000050       0x51 ./Drivers/BSP/ST7735/lcd.o
 .comment       0x0000000000000050       0x51 ./Drivers/BSP/ST7735/st7735.o
 .comment       0x0000000000000050       0x51 ./Drivers/BSP/ST7735/st7735_reg.o
 .comment       0x0000000000000050       0x51 ./Drivers/STM32H7xx_HAL_Driver/Src/stm32h7xx_hal.o
 .comment       0x0000000000000050       0x51 ./Drivers/STM32H7xx_HAL_Driver/Src/stm32h7xx_hal_cortex.o
 .comment       0x0000000000000050       0x51 ./Drivers/STM32H7xx_HAL_Driver/Src/stm32h7xx_hal_gpio.o
 .comment       0x0000000000000050       0x51 ./Drivers/STM32H7xx_HAL_Driver/Src/stm32h7xx_hal_pwr.o
 .comment       0x0000000000000050       0x51 ./Drivers/STM32H7xx_HAL_Driver/Src/stm32h7xx_hal_pwr_ex.o
 .comment       0x0000000000000050       0x51 ./Drivers/STM32H7xx_HAL_Driver/Src/stm32h7xx_hal_rcc.o
 .comment       0x0000000000000050       0x51 ./Drivers/STM32H7xx_HAL_Driver/Src/stm32h7xx_hal_rcc_ex.o
 .comment       0x0000000000000050       0x51 ./Drivers/STM32H7xx_HAL_Driver/Src/stm32h7xx_hal_rtc.o
 .comment       0x0000000000000050       0x51 ./Drivers/STM32H7xx_HAL_Driver/Src/stm32h7xx_hal_spi.o
 .comment       0x0000000000000050       0x51 ./Drivers/STM32H7xx_HAL_Driver/Src/stm32h7xx_hal_tim.o
 .comment       0x0000000000000050       0x51 ./Drivers/STM32H7xx_HAL_Driver/Src/stm32h7xx_hal_tim_ex.o

.debug_frame    0x0000000000000000     0x4cf8
 .debug_frame   0x0000000000000000       0x34 ./Core/Src/gpio.o
 .debug_frame   0x0000000000000034       0x68 ./Core/Src/main.o
 .debug_frame   0x000000000000009c       0x80 ./Core/Src/rtc.o
 .debug_frame   0x000000000000011c       0x78 ./Core/Src/spi.o
 .debug_frame   0x0000000000000194       0x38 ./Core/Src/stm32h7xx_hal_msp.o
 .debug_frame   0x00000000000001cc      0x104 ./Core/Src/stm32h7xx_it.o
 .debug_frame   0x00000000000002d0       0x34 ./Core/Src/sysmem.o
 .debug_frame   0x0000000000000304       0x58 ./Core/Src/system_stm32h7xx.o
 .debug_frame   0x000000000000035c       0xa8 ./Core/Src/tim.o
 .debug_frame   0x0000000000000404      0x1d8 ./Drivers/BSP/ST7735/lcd.o
 .debug_frame   0x00000000000005dc      0x3dc ./Drivers/BSP/ST7735/st7735.o
 .debug_frame   0x00000000000009b8       0xa4 ./Drivers/BSP/ST7735/st7735_reg.o
 .debug_frame   0x0000000000000a5c      0x690 ./Drivers/STM32H7xx_HAL_Driver/Src/stm32h7xx_hal.o
 .debug_frame   0x00000000000010ec      0x4b8 ./Drivers/STM32H7xx_HAL_Driver/Src/stm32h7xx_hal_cortex.o
 .debug_frame   0x00000000000015a4      0x14c ./Drivers/STM32H7xx_HAL_Driver/Src/stm32h7xx_hal_gpio.o
 .debug_frame   0x00000000000016f0      0x254 ./Drivers/STM32H7xx_HAL_Driver/Src/stm32h7xx_hal_pwr.o
 .debug_frame   0x0000000000001944      0x580 ./Drivers/STM32H7xx_HAL_Driver/Src/stm32h7xx_hal_pwr_ex.o
 .debug_frame   0x0000000000001ec4      0x1f8 ./Drivers/STM32H7xx_HAL_Driver/Src/stm32h7xx_hal_rcc.o
 .debug_frame   0x00000000000020bc      0x414 ./Drivers/STM32H7xx_HAL_Driver/Src/stm32h7xx_hal_rcc_ex.o
 .debug_frame   0x00000000000024d0      0x32c ./Drivers/STM32H7xx_HAL_Driver/Src/stm32h7xx_hal_rtc.o
 .debug_frame   0x00000000000027fc      0x7a8 ./Drivers/STM32H7xx_HAL_Driver/Src/stm32h7xx_hal_spi.o
 .debug_frame   0x0000000000002fa4     0x121c ./Drivers/STM32H7xx_HAL_Driver/Src/stm32h7xx_hal_tim.o
 .debug_frame   0x00000000000041c0      0x6d8 ./Drivers/STM32H7xx_HAL_Driver/Src/stm32h7xx_hal_tim_ex.o
 .debug_frame   0x0000000000004898       0x20 c:/st/stm32cubeide_1.12.0/stm32cubeide/plugins/com.st.stm32cube.ide.mcu.externaltools.gnu-tools-for-stm32.10.3-2021.10.win32_1.0.200.202301161003/tools/bin/../lib/gcc/arm-none-eabi/10.3.1/../../../../arm-none-eabi/lib/thumb/v7e-m+dp/hard\libc_nano.a(lib_a-errno.o)
 .debug_frame   0x00000000000048b8       0x2c c:/st/stm32cubeide_1.12.0/stm32cubeide/plugins/com.st.stm32cube.ide.mcu.externaltools.gnu-tools-for-stm32.10.3-2021.10.win32_1.0.200.202301161003/tools/bin/../lib/gcc/arm-none-eabi/10.3.1/../../../../arm-none-eabi/lib/thumb/v7e-m+dp/hard\libc_nano.a(lib_a-init.o)
 .debug_frame   0x00000000000048e4       0x20 c:/st/stm32cubeide_1.12.0/stm32cubeide/plugins/com.st.stm32cube.ide.mcu.externaltools.gnu-tools-for-stm32.10.3-2021.10.win32_1.0.200.202301161003/tools/bin/../lib/gcc/arm-none-eabi/10.3.1/../../../../arm-none-eabi/lib/thumb/v7e-m+dp/hard\libc_nano.a(lib_a-memset.o)
 .debug_frame   0x0000000000004904       0x6c c:/st/stm32cubeide_1.12.0/stm32cubeide/plugins/com.st.stm32cube.ide.mcu.externaltools.gnu-tools-for-stm32.10.3-2021.10.win32_1.0.200.202301161003/tools/bin/../lib/gcc/arm-none-eabi/10.3.1/../../../../arm-none-eabi/lib/thumb/v7e-m+dp/hard\libc_nano.a(lib_a-sprintf.o)
 .debug_frame   0x0000000000004970       0x90 c:/st/stm32cubeide_1.12.0/stm32cubeide/plugins/com.st.stm32cube.ide.mcu.externaltools.gnu-tools-for-stm32.10.3-2021.10.win32_1.0.200.202301161003/tools/bin/../lib/gcc/arm-none-eabi/10.3.1/../../../../arm-none-eabi/lib/thumb/v7e-m+dp/hard\libc_nano.a(lib_a-nano-svfprintf.o)
 .debug_frame   0x0000000000004a00       0x60 c:/st/stm32cubeide_1.12.0/stm32cubeide/plugins/com.st.stm32cube.ide.mcu.externaltools.gnu-tools-for-stm32.10.3-2021.10.win32_1.0.200.202301161003/tools/bin/../lib/gcc/arm-none-eabi/10.3.1/../../../../arm-none-eabi/lib/thumb/v7e-m+dp/hard\libc_nano.a(lib_a-nano-vfprintf_i.o)