../Drivers/BSP/ST7735/lcd.c:47:6:LCD_Test	48	static
../Drivers/BSP/ST7735/lcd.c:112:6:LCD_SetBrightness	16	static
../Drivers/BSP/ST7735/lcd.c:118:10:LCD_GetBrightness	4	static
../Drivers/BSP/ST7735/lcd.c:127:6:LCD_Light	48	static
../Drivers/BSP/ST7735/lcd.c:175:6:LCD_ShowChar	128	dynamic
../Drivers/BSP/ST7735/lcd.c:259:6:LCD_ShowString	40	static
../Drivers/BSP/ST7735/lcd.c:274:16:lcd_init	16	static
../Drivers/BSP/ST7735/lcd.c:281:16:lcd_gettick	8	static
../Drivers/BSP/ST7735/lcd.c:286:16:lcd_writereg	32	static
../Drivers/BSP/ST7735/lcd.c:303:16:lcd_readreg	24	static
../Drivers/BSP/ST7735/lcd.c:320:16:lcd_senddata	24	static
../Drivers/BSP/ST7735/lcd.c:334:16:lcd_recvdata	24	static
