../Drivers/BSP/ST7735/lcd.c:47:6:LCD_Init	24	static
../Drivers/BSP/ST7735/lcd.c:70:6:LCD_Clear	32	static
../Drivers/BSP/ST7735/lcd.c:74:6:LCD_Test	48	static
../Drivers/BSP/ST7735/lcd.c:139:6:LCD_SetBrightness	16	static
../Drivers/BSP/ST7735/lcd.c:145:10:LCD_GetBrightness	4	static
../Drivers/BSP/ST7735/lcd.c:154:6:LCD_Light	48	static
../Drivers/BSP/ST7735/lcd.c:202:6:LCD_ShowChar	128	dynamic
../Drivers/BSP/ST7735/lcd.c:286:6:LCD_ShowString	40	static
../Drivers/BSP/ST7735/lcd.c:301:16:lcd_init	16	static
../Drivers/BSP/ST7735/lcd.c:308:16:lcd_gettick	8	static
../Drivers/BSP/ST7735/lcd.c:313:16:lcd_writereg	32	static
../Drivers/BSP/ST7735/lcd.c:330:16:lcd_readreg	24	static
../Drivers/BSP/ST7735/lcd.c:347:16:lcd_senddata	24	static
../Drivers/BSP/ST7735/lcd.c:361:16:lcd_recvdata	24	static
